# 敏感度矩陣｜情境 invade｜30 seeds × 鏡像對跑 = 每格 60 場
# 對手固定全 70；受測方藍紅各跑一次再平均（抵銷陣營偏斜）

## 中性基準（全 70）
勝率 50.0%｜收束 90.0%｜時長 24.0 分｜K/D/A 13.8/13.8/6.7
Gank 32.5（成功率 1.6%）｜遊走 0.0｜入侵 0.47｜推塔 32.1｜分推 0.0
集火 0.0｜技能放空 0.0%｜無效攻擊 0.0%｜補刀 100.0%
撤退 73.2｜放棄追擊 0.55｜本場等級 9.40｜越塔 3.63 次（准 1.53）

## 逐項：40 / 90 相對中性的變化

### 勇氣（courage・心理）
  勝率      41.7% → 50.0% → 50.9%   Δ(90−40) 9.2pp
  時長/收束 22.5 → 23.3 分｜100.0% → 95.0%
  K/D/A     11.2/10.4/5.9 → 12.9/13.8/6.5
  Gank      30.4 → 31.3（成功率 1.3% → 1.7%）
  遊走/入侵 0.0 → 0.0｜0.47 → 0.47
  推塔/分推 29.9 → 33.8｜0.0 → 0.0
  集火      0.0 → 0.0
  技能放空  0.0% → 0.0%
  無效攻擊  0.0% → 0.0%
  補刀      100.0% → 100.0%
  撤退/棄追 75.0 → 64.9｜0.27 → 0.33
  本場等級  8.78 → 9.21
  越塔      1.98 → 2.95 次（准 0.72 → 1.12）
  作戰持續  80.5% → 81.6%｜重返 74.8 → 72.3


## 摘要：|Δ| 由大到小（勝率 pp／等級／關鍵行為）
素質        分類  Δ勝率   Δ等級  ΔGank  Δ遊走  Δ集火  Δ技能  Δ空揮  Δ補刀  Δ撤退
勇氣         心理     9.2pp    0.42    0.9    0.0    0.0   0.0pp   0.0pp   0.0pp  -10.0

（Δ = 90 分減 40 分。Δ技能／Δ空揮為「失誤率下降幅度」，正值代表高素質失誤較少。）

已輸出：review/moba-combat/sensitivity.json 與 review/moba-combat/sensitivity.csv
