# 陣列順序公平性：偏差 vs 混沌｜規則集 v2｜最多 200 seeds
# 混沌 ⇒ 位移隨 n 以 1/√n 收斂到 0；偏差 ⇒ 位移不隨 n 縮小

  … 20/200
  … 40/200
  … 60/200
  … 80/200
  … 100/200
  … 120/200
  … 140/200
  … 160/200
  … 180/200
  … 200/200

    n      藍勝(正序)      藍勝(反序)       位移     噪音±95%      不一致對  McNemar p
   40       45.0%       62.5%   17.5pp    ±20.2pp      5/12      0.146
   80       51.2%       56.3%    5.0pp    ±14.3pp     15/19      0.607
  120       52.5%       56.7%    4.2pp    ±12.1pp     25/30      0.590
  160       54.4%       56.9%    2.5pp    ±10.4pp     34/38      0.724
  200       56.0%       57.5%    1.5pp     ±9.1pp     42/45      0.830

## 判讀
  §29 門檻：位移 ≤ 15pp 且兩者都在 30–70%
  n=40（§29 目前用的樣本數）位移 17.5pp，噪音底線 ±20.2pp
  n=200 位移 1.5pp，噪音底線 ±9.1pp，McNemar p=0.830
  ⇒ **混沌**：沒有統計證據顯示任一方系統性佔便宜。§29 在 n=40 時檢定力不足。

⇒ review/moba-combat/order_fairness.json
