# 真實推進 KPI｜30 seeds × 藍紅鏡像 = 每格 60 場｜情境 standard
# ⚠ towerPushes 已降級為 presence 診斷指標，不作推進強度證據

## decision
  【A 競技影響】
  指標                               40         70         90         配對Δ                    95% CI  顯著   相對
  ★推塔傷害（真實推進）                14882.27   14824.75   15404.10      521.83        [-523.12, 1566.79]  ·     +3.5%
  推掉的塔                           8.48       8.05       8.08       -0.40             [-1.12, 0.32]  ·     -4.7%
  主堡傷害                        4824.73    3703.37    3596.17    -1228.56        [-2670.95, 213.82]  ·    -25.5%
  目標擊殺                           3.83       3.57       3.35       -0.48             [-1.24, 0.27]  ·    -12.6%
  死亡                            13.85      12.92      12.33       -1.52             [-3.36, 0.33]  ·    -11.0%
  擊殺                            12.13      12.92      12.52        0.38             [-1.77, 2.53]  ·     +3.2%
  助攻                             6.42       7.20       6.40       -0.02             [-1.43, 1.39]  ·     -0.3%
  作戰持續率                          0.83       0.81       0.81       -0.02            [-0.03, -0.01]  ★     -2.5%
  真實在場率                          0.76       0.74       0.74       -0.02            [-0.03, -0.02]  ★     -3.3%
  場長(分)                         22.36      23.45      23.07        0.70             [-0.27, 1.68]  ·     +3.1%
  （診斷）塔邊責任週期                    32.40      29.57      28.92       -3.48            [-4.97, -2.00]  ★    -10.8%
  【B 行為品質】
  指標                               40         70         90         配對Δ                    95% CI  顯著   相對
  撤退段落數                         66.15      76.38      76.97       10.82             [6.34, 15.29]  ★    +16.4%
  撤到泉水%                         97.56      96.42      95.87       -1.69            [-2.66, -0.72]  ★     -1.7%
  重新產生貢獻(秒)                     34.19      33.36      32.74       -1.45            [-2.38, -0.52]  ★     -4.2%
  撤退後零貢獻%                        3.76       4.19       4.81        1.05              [0.29, 1.81]  ★    +27.8%
  15秒內再撤%                        2.42       3.43       4.33        1.91              [0.58, 3.24]  ★    +79.1%
  勝率（次要參考）                      60.0%      50.0%      45.0%   兩格相減 ±17.9pp

## positioning
  【A 競技影響】
  指標                               40         70         90         配對Δ                    95% CI  顯著   相對
  ★推塔傷害（真實推進）                15453.42   14824.75   15017.21     -436.21        [-1559.97, 687.55]  ·     -2.8%
  推掉的塔                           7.92       8.05       7.73       -0.18             [-0.74, 0.37]  ·     -2.3%
  主堡傷害                        2895.00    3703.37    3338.73      443.73        [-711.01, 1598.46]  ·    +15.3%
  目標擊殺                           3.63       3.57       3.00       -0.63            [-1.22, -0.04]  ★    -17.4%
  死亡                            14.73      12.92      11.97       -2.77            [-5.52, -0.01]  ★    -18.8%
  擊殺                            12.92      12.92      11.53       -1.38             [-3.07, 0.31]  ·    -10.7%
  助攻                             6.80       7.20       6.65       -0.15             [-1.50, 1.20]  ·     -2.2%
  作戰持續率                          0.81       0.81       0.81       -0.01            [-0.01, -0.00]  ★     -0.9%
  真實在場率                          0.74       0.74       0.74       -0.01            [-0.02, -0.00]  ★     -1.1%
  場長(分)                         23.27      23.45      23.01       -0.27             [-1.43, 0.89]  ·     -1.2%
  （診斷）塔邊責任週期                    32.10      29.57      28.50       -3.60            [-5.00, -2.20]  ★    -11.2%
  【B 行為品質】
  指標                               40         70         90         配對Δ                    95% CI  顯著   相對
  撤退段落數                         74.90      76.38      76.38        1.48             [-3.53, 6.50]  ·     +2.0%
  撤到泉水%                         95.65      96.42      97.02        1.37              [0.29, 2.44]  ★     +1.4%
  重新產生貢獻(秒)                     33.00      33.36      33.17        0.17             [-0.71, 1.04]  ·     +0.5%
  撤退後零貢獻%                        4.19       4.19       3.57       -0.61             [-1.37, 0.15]  ·    -14.6%
  15秒內再撤%                        3.97       3.43       4.10        0.13             [-1.06, 1.32]  ·     +3.2%
  勝率（次要參考）                      35.6%      50.0%      42.4%   兩格相減 ±17.9pp

## courage
  【A 競技影響】
  指標                               40         70         90         配對Δ                    95% CI  顯著   相對
  ★推塔傷害（真實推進）                15199.35   14824.75   15310.47      111.12       [-1181.00, 1403.24]  ·     +0.7%
  推掉的塔                           7.62       8.05       8.40        0.78              [0.15, 1.42]  ★    +10.3%
  主堡傷害                        2780.01    3703.37    4092.03     1312.03         [-42.02, 2666.07]  ·    +47.2%
  目標擊殺                           3.40       3.57       3.67        0.27             [-0.37, 0.90]  ·     +7.8%
  死亡                            12.40      12.92      14.67        2.27             [-0.25, 4.79]  ·    +18.3%
  擊殺                            11.83      12.92      13.40        1.57             [-0.29, 3.42]  ·    +13.2%
  助攻                             7.07       7.20       7.60        0.53             [-1.01, 2.07]  ·     +7.5%
  作戰持續率                          0.81       0.81       0.82        0.01              [0.01, 0.02]  ★     +1.4%
  真實在場率                          0.73       0.74       0.75        0.01              [0.01, 0.02]  ★     +1.8%
  場長(分)                         23.65      23.45      23.51       -0.14             [-1.35, 1.07]  ·     -0.6%
  （診斷）塔邊責任週期                    28.22      29.57      31.50        3.28              [1.97, 4.60]  ★    +11.6%
  【B 行為品質】
  指標                               40         70         90         配對Δ                    95% CI  顯著   相對
  撤退段落數                         80.78      76.38      74.38       -6.40           [-11.47, -1.33]  ★     -7.9%
  撤到泉水%                         94.85      96.42      96.86        2.01              [0.85, 3.17]  ★     +2.1%
  重新產生貢獻(秒)                     32.67      33.36      33.18        0.51             [-0.45, 1.47]  ·     +1.6%
  撤退後零貢獻%                        4.37       4.19       3.72       -0.65             [-1.41, 0.11]  ·    -14.8%
  15秒內再撤%                        5.24       3.43       3.25       -1.99            [-3.28, -0.69]  ★    -37.9%
  勝率（次要參考）                      36.2%      50.0%      53.4%   兩格相減 ±17.9pp

## clutch
  【A 競技影響】
  指標                               40         70         90         配對Δ                    95% CI  顯著   相對
  ★推塔傷害（真實推進）                14363.17   14824.75   15163.56      800.39        [-392.95, 1993.73]  ·     +5.6%
  推掉的塔                           7.65       8.05       7.92        0.27             [-0.61, 1.14]  ·     +3.5%
  主堡傷害                        3296.26    3703.37    3491.91      195.65       [-1380.02, 1771.32]  ·     +5.9%
  目標擊殺                           3.30       3.57       3.38        0.08             [-0.74, 0.91]  ·     +2.5%
  死亡                            11.22      12.92      14.08        2.87              [0.74, 4.99]  ★    +25.6%
  擊殺                            11.82      12.92      12.43        0.62             [-1.61, 2.84]  ·     +5.2%
  助攻                             6.75       7.20       7.25        0.50             [-1.18, 2.18]  ·     +7.4%
  作戰持續率                          0.81       0.81       0.81        0.01              [0.00, 0.01]  ★     +0.8%
  真實在場率                          0.74       0.74       0.74        0.01             [-0.00, 0.02]  ·     +0.9%
  場長(分)                         22.78      23.45      23.10        0.32             [-0.77, 1.41]  ·     +1.4%
  （診斷）塔邊責任週期                    27.35      29.57      31.98        4.63              [3.28, 5.99]  ★    +16.9%
  【B 行為品質】
  指標                               40         70         90         配對Δ                    95% CI  顯著   相對
  撤退段落數                         77.00      76.38      73.75       -3.25             [-7.64, 1.14]  ·     -4.2%
  撤到泉水%                         95.21      96.42      96.90        1.69              [0.81, 2.57]  ★     +1.8%
  重新產生貢獻(秒)                     32.66      33.36      33.40        0.74             [-0.26, 1.74]  ·     +2.3%
  撤退後零貢獻%                        4.46       4.19       3.09       -1.37            [-2.18, -0.56]  ★    -30.8%
  15秒內再撤%                        4.30       3.43       3.14       -1.16            [-2.28, -0.05]  ★    -27.0%
  勝率（次要參考）                      43.1%      50.0%      44.8%   兩格相減 ±17.9pp

⇒ review/moba-combat/push_truth30.json + push_truth30.raw.json
