# 真實推進 KPI｜30 seeds × 藍紅鏡像 = 每格 60 場｜情境 standard
# ⚠ towerPushes 已降級為 presence 診斷指標，不作推進強度證據

## decision
  【A 競技影響】
  指標                               40         70         90         配對Δ                    95% CI  顯著   相對
  ★推塔傷害（真實推進）                15018.22   15454.81   14349.99     -668.23        [-2014.33, 677.87]  ·     -4.4%
  推掉的塔                           8.53       8.48       8.43       -0.10             [-0.82, 0.62]  ·     -1.2%
  主堡傷害                        4533.85    3993.06    4721.18      187.33       [-1305.43, 1680.09]  ·     +4.1%
  目標擊殺                           3.70       3.57       4.08        0.38             [-0.37, 1.13]  ·    +10.4%
  死亡                            16.35      14.43      14.22       -2.13             [-5.12, 0.86]  ·    -13.0%
  擊殺                            14.03      14.43      15.58        1.55             [-1.04, 4.14]  ·    +11.0%
  助攻                             6.93       7.58       7.82        0.88             [-0.83, 2.60]  ·    +12.7%
  作戰持續率                          0.83       0.81       0.82       -0.01            [-0.02, -0.00]  ★     -1.3%
  真實在場率                          0.77       0.75       0.75       -0.01            [-0.02, -0.00]  ★     -1.6%
  場長(分)                         22.89      23.24      23.45        0.56             [-0.86, 1.98]  ·     +2.5%
  （診斷）塔邊責任週期                    32.58      31.28      29.25       -3.33            [-4.70, -1.97]  ★    -10.2%
  【B 行為品質】
  指標                               40         70         90         配對Δ                    95% CI  顯著   相對
  撤退段落數                         79.57      86.85      87.75        8.18             [1.55, 14.82]  ★    +10.3%
  撤到泉水%                         70.33      69.68      70.01       -0.32             [-2.33, 1.70]  ·     -0.4%
  重新產生貢獻(秒)                     28.33      27.45      27.88       -0.44             [-1.50, 0.61]  ·     -1.6%
  撤退後零貢獻%                        6.29       5.99       5.61       -0.68             [-1.68, 0.32]  ·    -10.8%
  15秒內再撤%                       16.74      18.03      17.20        0.46             [-1.06, 1.98]  ·     +2.7%
  勝率（次要參考）                      59.6%      50.0%      58.6%   兩格相減 ±17.9pp

## positioning
  【A 競技影響】
  指標                               40         70         90         配對Δ                    95% CI  顯著   相對
  ★推塔傷害（真實推進）                15005.14   15454.81   14655.00     -350.15        [-1555.61, 855.32]  ·     -2.3%
  推掉的塔                           8.35       8.48       7.70       -0.65             [-1.37, 0.07]  ·     -7.8%
  主堡傷害                        4513.36    3993.06    3363.71    -1149.65        [-2673.54, 374.24]  ·    -25.5%
  目標擊殺                           4.05       3.57       3.18       -0.87            [-1.63, -0.10]  ★    -21.4%
  死亡                            16.15      14.43      13.18       -2.97            [-5.23, -0.71]  ★    -18.4%
  擊殺                            15.82      14.43      14.05       -1.77             [-4.34, 0.80]  ·    -11.2%
  助攻                             7.88       7.58       7.50       -0.38             [-1.87, 1.11]  ·     -4.9%
  作戰持續率                          0.82       0.81       0.81       -0.01            [-0.02, -0.01]  ★     -1.7%
  真實在場率                          0.76       0.75       0.74       -0.02            [-0.02, -0.01]  ★     -2.0%
  場長(分)                         23.70      23.24      23.16       -0.53             [-1.75, 0.68]  ·     -2.3%
  （診斷）塔邊責任週期                    32.10      31.28      29.52       -2.58            [-3.88, -1.29]  ★     -8.0%
  【B 行為品質】
  指標                               40         70         90         配對Δ                    95% CI  顯著   相對
  撤退段落數                         85.17      86.85      89.05        3.88             [-2.04, 9.80]  ·     +4.6%
  撤到泉水%                         69.04      69.68      71.24        2.20              [0.21, 4.19]  ★     +3.2%
  重新產生貢獻(秒)                     27.76      27.45      28.01        0.24             [-0.60, 1.09]  ·     +0.9%
  撤退後零貢獻%                        6.87       5.99       4.59       -2.28            [-3.38, -1.18]  ★    -33.2%
  15秒內再撤%                       17.35      18.03      17.27       -0.08             [-1.78, 1.63]  ·     -0.5%
  勝率（次要參考）                      60.0%      50.0%      43.1%   兩格相減 ±17.9pp

## clutch
  【A 競技影響】
  指標                               40         70         90         配對Δ                    95% CI  顯著   相對
  ★推塔傷害（真實推進）                14993.33   15454.81   16240.89     1247.56        [-660.23, 3155.36]  ·     +8.3%
  推掉的塔                           7.92       8.48       8.42        0.50             [-0.27, 1.27]  ·     +6.3%
  主堡傷害                        3286.85    3993.06    5678.97     2392.12         [482.56, 4301.67]  ★    +72.8%
  目標擊殺                           3.50       3.57       3.55        0.05             [-0.69, 0.79]  ·     +1.4%
  死亡                            15.35      14.43      17.03        1.68             [-1.05, 4.41]  ·    +11.0%
  擊殺                            15.22      14.43      14.90       -0.32             [-2.96, 2.33]  ·     -2.1%
  助攻                             7.63       7.58       6.93       -0.70             [-2.17, 0.77]  ·     -9.2%
  作戰持續率                          0.81       0.81       0.82        0.01              [0.00, 0.01]  ★     +1.1%
  真實在場率                          0.74       0.75       0.75        0.01              [0.00, 0.02]  ★     +1.2%
  場長(分)                         23.96      23.24      23.55       -0.41             [-1.80, 0.99]  ·     -1.7%
  （診斷）塔邊責任週期                    28.58      31.28      32.88        4.30              [3.08, 5.52]  ★    +15.0%
  【B 行為品質】
  指標                               40         70         90         配對Δ                    95% CI  顯著   相對
  撤退段落數                         91.83      86.85      88.30       -3.53             [-9.71, 2.64]  ·     -3.8%
  撤到泉水%                         70.74      69.68      69.20       -1.54             [-3.19, 0.11]  ·     -2.2%
  重新產生貢獻(秒)                     27.67      27.45      27.75        0.08             [-0.79, 0.94]  ·     +0.3%
  撤退後零貢獻%                        5.60       5.99       6.05        0.45             [-0.58, 1.48]  ·     +8.1%
  15秒內再撤%                       17.42      18.03      18.41        0.99             [-0.48, 2.46]  ·     +5.7%
  勝率（次要參考）                      45.5%      50.0%      58.3%   兩格相減 ±17.9pp

⇒ review/moba-combat/push_truth30_reeval.json + push_truth30_reeval.raw.json
