# 真實推進 KPI｜30 seeds × 藍紅鏡像 = 每格 60 場｜情境 standard
# ⚠ towerPushes 已降級為 presence 診斷指標，不作推進強度證據

## decision
  【A 競技影響】
  指標                               40         70         90         配對Δ                    95% CI  顯著   相對
  ★推塔傷害（真實推進）                15568.55   14846.10   15197.13     -371.42        [-1674.46, 931.63]  ·     -2.4%
  推掉的塔                           8.37       8.13       8.03       -0.33             [-1.10, 0.43]  ·     -4.0%
  主堡傷害                        3966.27    4125.80    3738.12     -228.15       [-1754.93, 1298.63]  ·     -5.8%
  目標擊殺                           3.57       3.40       3.30       -0.27             [-1.08, 0.55]  ·     -7.5%
  死亡                            17.03      12.98      13.45       -3.58            [-6.63, -0.53]  ★    -21.0%
  擊殺                            12.98      12.98      12.30       -0.68             [-2.94, 1.58]  ·     -5.3%
  助攻                             6.47       7.57       6.33       -0.13             [-1.67, 1.40]  ·     -2.1%
  作戰持續率                          0.82       0.81       0.81       -0.01            [-0.02, -0.01]  ★     -1.7%
  真實在場率                          0.76       0.75       0.74       -0.01            [-0.02, -0.01]  ★     -1.8%
  場長(分)                         23.14      22.86      23.22        0.08             [-1.35, 1.51]  ·     +0.3%
  （診斷）塔邊責任週期                    32.38      29.83      28.98       -3.40            [-4.98, -1.82]  ★    -10.5%
  【B 行為品質】
  指標                               40         70         90         配對Δ                    95% CI  顯著   相對
  撤退段落數                         71.47      76.92      80.72        9.25             [3.39, 15.11]  ★    +12.9%
  撤到泉水%                         91.58      86.48      84.33       -7.26            [-8.70, -5.81]  ★     -7.9%
  重新產生貢獻(秒)                     32.23      30.82      30.61       -1.63            [-2.65, -0.60]  ★     -5.0%
  撤退後零貢獻%                        3.54       4.46       4.53        0.99              [0.17, 1.81]  ★    +28.0%
  15秒內再撤%                        5.11       8.17       8.99        3.89              [2.57, 5.21]  ★    +76.2%
  勝率（次要參考）                      52.6%      50.0%      49.1%   兩格相減 ±17.9pp

## positioning
  【A 競技影響】
  指標                               40         70         90         配對Δ                    95% CI  顯著   相對
  ★推塔傷害（真實推進）                15439.32   14846.10   15050.69     -388.63        [-1577.27, 800.01]  ·     -2.5%
  推掉的塔                           8.55       8.13       7.80       -0.75             [-1.51, 0.01]  ·     -8.8%
  主堡傷害                        4455.29    4125.80    3444.55    -1010.74        [-2397.52, 376.05]  ·    -22.7%
  目標擊殺                           4.02       3.40       3.33       -0.68             [-1.42, 0.05]  ·    -17.0%
  死亡                            15.87      12.98      13.67       -2.20             [-4.70, 0.30]  ·    -13.9%
  擊殺                            14.47      12.98      12.93       -1.53             [-3.81, 0.75]  ·    -10.6%
  助攻                             7.92       7.57       7.73       -0.18             [-1.65, 1.28]  ·     -2.3%
  作戰持續率                          0.82       0.81       0.81       -0.01            [-0.02, -0.00]  ★     -1.2%
  真實在場率                          0.75       0.75       0.74       -0.01            [-0.02, -0.00]  ★     -1.2%
  場長(分)                         23.75      22.86      23.64       -0.11             [-1.33, 1.10]  ·     -0.5%
  （診斷）塔邊責任週期                    32.40      29.83      29.05       -3.35            [-4.73, -1.97]  ★    -10.3%
  【B 行為品質】
  指標                               40         70         90         配對Δ                    95% CI  顯著   相對
  撤退段落數                         77.62      76.92      83.72        6.10             [0.65, 11.55]  ★     +7.9%
  撤到泉水%                         89.14      86.48      83.80       -5.34            [-6.82, -3.87]  ★     -6.0%
  重新產生貢獻(秒)                     31.83      30.82      29.85       -1.97            [-2.79, -1.16]  ★     -6.2%
  撤退後零貢獻%                        4.24       4.46       3.87       -0.36             [-1.27, 0.54]  ·     -8.6%
  15秒內再撤%                        7.06       8.17      10.59        3.54              [2.26, 4.82]  ★    +50.1%
  勝率（次要參考）                      57.6%      50.0%      43.9%   兩格相減 ±17.9pp

## clutch
  【A 競技影響】
  指標                               40         70         90         配對Δ                    95% CI  顯著   相對
  ★推塔傷害（真實推進）                14557.95   14846.10   15877.45     1319.50         [127.06, 2511.94]  ★     +9.1%
  推掉的塔                           7.82       8.13       8.28        0.47             [-0.27, 1.20]  ·     +6.0%
  主堡傷害                        3650.55    4125.80    4258.41      607.86        [-693.44, 1909.17]  ·    +16.7%
  目標擊殺                           3.37       3.40       3.23       -0.13             [-0.78, 0.51]  ·     -4.0%
  死亡                            11.38      12.98      16.08        4.70              [2.57, 6.83]  ★    +41.3%
  擊殺                            11.98      12.98      13.58        1.60             [-0.44, 3.64]  ·    +13.4%
  助攻                             6.45       7.57       7.68        1.23             [-0.29, 2.76]  ·    +19.1%
  作戰持續率                          0.81       0.81       0.81        0.01             [-0.00, 0.01]  ·     +0.8%
  真實在場率                          0.74       0.75       0.74        0.00             [-0.01, 0.01]  ·     +0.5%
  場長(分)                         22.42      22.86      23.78        1.36              [0.31, 2.40]  ★     +6.1%
  （診斷）塔邊責任週期                    28.33      29.83      30.67        2.33              [0.77, 3.90]  ★     +8.2%
  【B 行為品質】
  指標                               40         70         90         配對Δ                    95% CI  顯著   相對
  撤退段落數                         81.82      76.92      81.20       -0.62             [-5.98, 4.75]  ·     -0.8%
  撤到泉水%                         81.78      86.48      87.18        5.40              [3.70, 7.10]  ★     +6.6%
  重新產生貢獻(秒)                     30.11      30.82      31.14        1.03              [0.05, 2.00]  ★     +3.4%
  撤退後零貢獻%                        4.42       4.46       3.98       -0.43             [-1.34, 0.47]  ·     -9.8%
  15秒內再撤%                       10.90       8.17       8.30       -2.61            [-4.20, -1.01]  ★    -23.9%
  勝率（次要參考）                      46.7%      50.0%      51.7%   兩格相減 ±17.9pp

⇒ review/moba-combat/push_truth30_v3.json + push_truth30_v3.raw.json
