# 真實推進 KPI｜30 seeds × 藍紅鏡像 = 每格 60 場｜情境 standard
# ⚠ towerPushes 已降級為 presence 診斷指標，不作推進強度證據

## apm
  【A 競技影響】
  指標                               40         70         90         配對Δ                    95% CI  顯著   相對
  ★推塔傷害（真實推進）                14736.17   14824.75   15059.20      323.03        [-741.46, 1387.53]  ·     +2.2%
  推掉的塔                           7.55       8.05       8.05        0.50             [-0.24, 1.24]  ·     +6.6%
  主堡傷害                        2747.73    3703.37    3815.96     1068.23        [-391.20, 2527.66]  ·    +38.9%
  目標擊殺                           3.15       3.57       3.65        0.50             [-0.34, 1.34]  ·    +15.9%
  死亡                            13.87      12.92      13.50       -0.37             [-2.75, 2.02]  ·     -2.6%
  擊殺                            12.32      12.92      13.90        1.58             [-0.94, 4.11]  ·    +12.9%
  助攻                             7.03       7.20       7.38        0.35             [-1.47, 2.17]  ·     +5.0%
  作戰持續率                          0.81       0.81       0.81        0.00             [-0.00, 0.01]  ·     +0.2%
  真實在場率                          0.74       0.74       0.74        0.00             [-0.01, 0.01]  ·     +0.3%
  場長(分)                         23.06      23.45      23.47        0.41             [-0.95, 1.76]  ·     +1.8%
  （診斷）塔邊責任週期                    29.30      29.57      31.33        2.03              [0.86, 3.21]  ★     +6.9%
  【B 行為品質】
  指標                               40         70         90         配對Δ                    95% CI  顯著   相對
  撤退段落數                         74.98      76.38      76.07        1.08             [-4.28, 6.44]  ·     +1.4%
  撤到泉水%                         95.85      96.42      95.91        0.06             [-0.84, 0.96]  ·     +0.1%
  重新產生貢獻(秒)                     32.73      33.36      33.35        0.62             [-0.44, 1.68]  ·     +1.9%
  撤退後零貢獻%                        4.01       4.19       3.99       -0.02             [-0.80, 0.77]  ·     -0.4%
  15秒內再撤%                        4.03       3.43       3.56       -0.48             [-1.49, 0.54]  ·    -11.8%
  勝率（次要參考）                      36.2%      50.0%      50.9%   兩格相減 ±17.9pp

## mapAware
  【A 競技影響】
  指標                               40         70         90         配對Δ                    95% CI  顯著   相對
  ★推塔傷害（真實推進）                15297.26   14824.75   14069.79    -1227.48       [-2350.57, -104.38]  ★     -8.0%
  推掉的塔                           8.50       8.05       8.15       -0.35             [-1.22, 0.52]  ·     -4.1%
  主堡傷害                        4316.18    3703.37    4336.37       20.19       [-1641.30, 1681.68]  ·     +0.5%
  目標擊殺                           3.13       3.57       3.88        0.75             [-0.06, 1.56]  ·    +23.9%
  死亡                            13.80      12.92      11.88       -1.92             [-4.19, 0.36]  ·    -13.9%
  擊殺                            12.52      12.92      11.47       -1.05             [-3.11, 1.01]  ·     -8.4%
  助攻                             6.32       7.20       6.57        0.25             [-1.03, 1.53]  ·     +4.0%
  作戰持續率                          0.82       0.81       0.82        0.00             [-0.01, 0.01]  ·     +0.0%
  真實在場率                          0.75       0.74       0.75        0.00             [-0.01, 0.01]  ·     +0.2%
  場長(分)                         23.10      23.45      22.48       -0.62             [-1.85, 0.61]  ·     -2.7%
  （診斷）塔邊責任週期                    30.32      29.57      28.83       -1.48            [-2.92, -0.04]  ★     -4.9%
  【B 行為品質】
  指標                               40         70         90         配對Δ                    95% CI  顯著   相對
  撤退段落數                         73.00      76.38      71.58       -1.42             [-6.20, 3.37]  ·     -1.9%
  撤到泉水%                         96.97      96.42      96.68       -0.29             [-1.17, 0.60]  ·     -0.3%
  重新產生貢獻(秒)                     33.76      33.36      33.52       -0.24             [-1.30, 0.81]  ·     -0.7%
  撤退後零貢獻%                        3.97       4.19       3.86       -0.11             [-1.02, 0.80]  ·     -2.8%
  15秒內再撤%                        3.22       3.43       3.14       -0.08             [-0.97, 0.82]  ·     -2.3%
  勝率（次要參考）                      58.9%      50.0%      54.2%   兩格相減 ±17.9pp

## tacticalIQ
  【A 競技影響】
  指標                               40         70         90         配對Δ                    95% CI  顯著   相對
  ★推塔傷害（真實推進）                15119.25   14824.75   13760.19    -1359.05       [-2497.68, -220.42]  ★     -9.0%
  推掉的塔                           7.97       8.05       8.67        0.70              [0.05, 1.35]  ★     +8.8%
  主堡傷害                        3636.62    3703.37    5208.53     1571.91         [250.24, 2893.59]  ★    +43.2%
  目標擊殺                           3.08       3.57       3.97        0.88              [0.34, 1.42]  ★    +28.6%
  死亡                            12.30      12.92      12.43        0.13             [-2.12, 2.39]  ·     +1.1%
  擊殺                            11.33      12.92      13.00        1.67             [-0.15, 3.48]  ·    +14.7%
  助攻                             5.80       7.20       8.58        2.78              [1.33, 4.24]  ★    +48.0%
  作戰持續率                          0.81       0.81       0.82        0.01              [0.00, 0.01]  ★     +1.1%
  真實在場率                          0.74       0.74       0.75        0.01              [0.00, 0.02]  ★     +1.5%
  場長(分)                         23.00      23.45      22.98       -0.02             [-1.17, 1.13]  ·     -0.1%
  （診斷）塔邊責任週期                    30.03      29.57      28.37       -1.67            [-2.90, -0.43]  ★     -5.5%
  【B 行為品質】
  指標                               40         70         90         配對Δ                    95% CI  顯著   相對
  撤退段落數                         75.02      76.38      73.47       -1.55             [-6.14, 3.04]  ·     -2.1%
  撤到泉水%                         96.45      96.42      96.26       -0.19             [-1.33, 0.95]  ·     -0.2%
  重新產生貢獻(秒)                     32.91      33.36      33.33        0.43             [-0.41, 1.27]  ·     +1.3%
  撤退後零貢獻%                        4.25       4.19       3.72       -0.53             [-1.59, 0.52]  ·    -12.5%
  15秒內再撤%                        3.75       3.43       3.59       -0.15             [-1.16, 0.85]  ·     -4.1%
  勝率（次要參考）                      46.6%      50.0%      67.2%   兩格相減 ±17.9pp

## focus
  【A 競技影響】
  指標                               40         70         90         配對Δ                    95% CI  顯著   相對
  ★推塔傷害（真實推進）                15138.29   14824.75   14851.03     -287.25        [-1253.26, 678.75]  ·     -1.9%
  推掉的塔                           7.83       8.05       8.15        0.32             [-0.38, 1.01]  ·     +4.0%
  主堡傷害                        3618.16    3703.37    4281.32      663.17        [-727.63, 2053.96]  ·    +18.3%
  目標擊殺                           2.95       3.57       3.28        0.33             [-0.36, 1.03]  ·    +11.3%
  死亡                            12.73      12.92      12.23       -0.50             [-2.28, 1.28]  ·     -3.9%
  擊殺                            11.92      12.92      10.95       -0.97             [-2.67, 0.73]  ·     -8.1%
  助攻                             6.63       7.20       6.20       -0.43             [-1.85, 0.99]  ·     -6.5%
  作戰持續率                          0.81       0.81       0.81       -0.00             [-0.01, 0.01]  ·     -0.1%
  真實在場率                          0.74       0.74       0.74       -0.00             [-0.01, 0.01]  ·     -0.0%
  場長(分)                         22.59      23.45      22.50       -0.10             [-0.87, 0.68]  ·     -0.4%
  （診斷）塔邊責任週期                    31.73      29.57      29.75       -1.98            [-3.47, -0.50]  ★     -6.3%
  【B 行為品質】
  指標                               40         70         90         配對Δ                    95% CI  顯著   相對
  撤退段落數                         72.62      76.38      73.80        1.18             [-2.39, 4.76]  ·     +1.6%
  撤到泉水%                         97.04      96.42      94.98       -2.06            [-3.20, -0.92]  ★     -2.1%
  重新產生貢獻(秒)                     33.34      33.36      33.06       -0.29             [-1.22, 0.65]  ·     -0.9%
  撤退後零貢獻%                        4.06       4.19       3.72       -0.34             [-1.23, 0.54]  ·     -8.5%
  15秒內再撤%                        3.42       3.43       4.58        1.16             [-0.09, 2.41]  ·    +33.9%
  勝率（次要參考）                      43.3%      50.0%      53.3%   兩格相減 ±17.9pp

⇒ review/moba-combat/push_truth30b.json + push_truth30b.raw.json
