══ Milestone P0-2：能力影響 MOBA 戰鬥品質 ══

✅ 1) 同 seed 未注入能力 → 自身可重現
✅ 1b) **中性能力時 xpRateScale 完全不生效**（有無此欄位逐位元相同）　6 seeds 全等
✅ 1c) 中性 mods 的 xpRateScale 恰為 1
✅ 1d) 未 configurePlayers ⇒ 引擎沒有任何能力係數（regress 的保護）
✅ 2) 同 seed ＋ 同能力 → 結果可重現
✅ 2b) **強能力隊的本場等級高於弱能力隊**（15 seeds 平均）　強 7.05 vs 弱 5.43（逐場勝出 13/15）
✅ 2c) 差異一致（多數 seed 同向，不是噪音）　13/15 場同向
✅ 2d) 能力差異確實改變模擬結果　8/8 seeds 不同
✅ 3) 經驗速率限幅為 ±6%　[0.94, 1.06]
✅ 3b) 全 100 分不超過上界　1.06
✅ 3c) 全 1 分不低於下界　0.94
✅ 3d) **不誇張**：極端能力差的本場等級差距在 0.1–2.5 級之間　平均差 1.63 級
✅ 3e) 取樣能力項是「補刀與清線」相關項 ＋ 學習力　accuracy/apm/focus/mapAware/learning
✅ 4) 只在 amt > 0 時套用（drain 不縮放，不給雙重優勢）
✅ 4b) 未 configurePlayers 時係數不存在（_mod 回 null）
✅ 5) 雙方同能力 → 勝負沒有系統性偏袒（且確實有分出勝負）　藍勝 10/14 場
✅ 5b) 雙方同能力 → 兩邊本場等級接近　平均等級差 0.87
✅ 6) 傷害式仍是 `p.power * dt * ...`，沒有夾帶能力係數　const dmgAmt = p.power * dt * R.dmgK * lateFactor *
✅ 6b) 能力**沒有**被注入 power / tough
✅ 6c) 戰力仍由本場等級導出（既有機制未變）

── 機制摘要 ──────────────────────────────────────────────────
   能力 → 本場經驗速率（accuracy/apm/focus/mapAware/learning），限幅 0.94–1.06
   全 100 分 ⇒ ×1.06｜全 70 分 ⇒ ×1｜全 40 分 ⇒ ×0.94
   其餘交給引擎既有的 mlv → power/HP 曲線；傷害式一行未動

20/20 通過
