# 推進真實性探針｜12 seeds × 藍紅鏡像 = 每格 24 場｜情境 standard
# 目的：判斷「推進收益鏈斷裂」是真的，還是 towerPushes 這個 10 秒節流計數器的假象
# ⚠ towerPushes 是隊伍層級、每 10 秒最多 +1 ⇒ 上限約 場長秒數/10

## decision
   （towerPushes 理論上限 ≈ 134／場；實測 70 分格 28.9 ⇒ 責任週期 22%）
指標                               40         70         90    配對Δ(90−40)                  95% CI  顯著   相對
推塔（責任週期計數器）                   31.04      28.88      29.21         -1.83           [-4.63, 0.97]  ·     -5.9%
推塔傷害（真實輸出）                 14469.28   14059.37   15617.82       1148.53      [-712.97, 3010.04]  ·     +7.9%
推掉的塔（真實成果）                     8.33       7.79       8.00         -0.33           [-1.56, 0.89]  ·     -4.0%
主堡傷害（勝負來源）                  4277.43    3984.17    3504.05       -773.37     [-3052.61, 1505.86]  ·    -18.1%
撤退次數                          52.67      66.79      74.04         21.38          [13.51, 29.24]  ★    +40.6%
死亡                            13.67      11.54      12.13         -1.54           [-4.85, 1.76]  ·    -11.3%
擊殺                            11.96      11.54      12.33          0.38           [-2.95, 3.70]  ·     +3.1%
作戰持續率                          0.83       0.81       0.80         -0.03          [-0.04, -0.01]  ★     -3.0%
場長(分)                         21.99      22.36      22.97          0.98           [-0.60, 2.57]  ·     +4.5%
勝率                            54.2%      50.0%      45.8%

## positioning
   （towerPushes 理論上限 ≈ 134／場；實測 70 分格 28.9 ⇒ 責任週期 22%）
指標                               40         70         90    配對Δ(90−40)                  95% CI  顯著   相對
推塔（責任週期計數器）                   31.00      28.88      28.75         -2.25          [-4.13, -0.37]  ★     -7.3%
推塔傷害（真實輸出）                 15514.77   14059.37   15053.18       -461.59     [-2271.45, 1348.27]  ·     -3.0%
推掉的塔（真實成果）                     8.04       7.79       7.50         -0.54           [-1.25, 0.17]  ·     -6.7%
主堡傷害（勝負來源）                  3180.54    3984.17    3088.60        -91.94     [-1979.35, 1795.46]  ·     -2.9%
撤退次數                          63.63      66.79      77.17         13.54           [3.79, 23.29]  ★    +21.3%
死亡                            13.92      11.54      12.21         -1.71           [-6.00, 2.58]  ·    -12.3%
擊殺                            13.08      11.54      12.25         -0.83           [-4.39, 2.72]  ·     -6.4%
作戰持續率                          0.82       0.81       0.80         -0.01          [-0.02, -0.00]  ★     -1.5%
場長(分)                         22.96      22.36      23.65          0.70           [-1.40, 2.79]  ·     +3.0%
勝率                            37.5%      50.0%      39.1%

## clutch
   （towerPushes 理論上限 ≈ 134／場；實測 70 分格 28.9 ⇒ 責任週期 22%）
指標                               40         70         90    配對Δ(90−40)                  95% CI  顯著   相對
推塔（責任週期計數器）                   27.25      28.88      32.75          5.50            [3.37, 7.63]  ★    +20.2%
推塔傷害（真實輸出）                 14703.67   14059.37   15469.32        765.65     [-1014.58, 2545.89]  ·     +5.2%
推掉的塔（真實成果）                     7.54       7.79       8.21          0.67           [-0.55, 1.89]  ·     +8.8%
主堡傷害（勝負來源）                  2756.29    3984.17    3583.84        827.54     [-1352.44, 3007.52]  ·    +30.0%
撤退次數                          77.42      66.79      67.08        -10.33         [-18.01, -2.66]  ★    -13.3%
死亡                            10.92      11.54      14.50          3.58           [-0.02, 7.18]  ·    +32.8%
擊殺                            13.13      11.54      11.79         -1.33           [-4.80, 2.14]  ·    -10.2%
作戰持續率                          0.81       0.81       0.81          0.01           [-0.00, 0.02]  ·     +0.8%
場長(分)                         23.58      22.36      23.15         -0.42           [-2.35, 1.50]  ·     -1.8%
勝率                            34.8%      50.0%      47.8%

## 判定
  decision      計數器 -5.9%·｜真實傷害 +7.9%·｜推掉的塔 -4.0%·  ⇒ **分歧：計數器與真實推進不一致**
  positioning   計數器 -7.3%★｜真實傷害 -3.0%·｜推掉的塔 -6.7%·  ⇒ **分歧：計數器與真實推進不一致**
  clutch        計數器 +20.2%★｜真實傷害 +5.2%·｜推掉的塔 +8.8%·  ⇒ **分歧：計數器與真實推進不一致**

⇒ review/moba-combat/push_truth.json
