# 敏感度矩陣｜情境 standard｜30 seeds × 鏡像對跑 = 每格 60 場
# 對手固定全 70；受測方藍紅各跑一次再平均（抵銷陣營偏斜）

## 中性基準（全 70）
勝率 50.0%｜收束 93.3%｜時長 23.5 分｜K/D/A 12.9/12.9/7.2
Gank 25.9（成功率 2.2%）｜遊走 2.5｜入侵 0.08｜推塔 29.6｜分推 0.0
集火 0.0｜技能放空 0.0%｜無效攻擊 0.0%｜補刀 100.0%
撤退 71.2｜放棄追擊 0.33｜本場等級 9.35｜越塔 1.33 次（准 0.40）

## 逐項：40 / 90 相對中性的變化

### 決策力（decision・戰術）
  勝率      60.0% → 50.0% → 45.0%   Δ(90−40) -15.0pp
  時長/收束 22.4 → 23.1 分｜100.0% → 100.0%
  K/D/A     12.1/13.8/6.4 → 12.5/12.3/6.4
  Gank      23.7 → 26.4（成功率 1.6% → 1.8%）
  遊走/入侵 2.7 → 2.5｜0.08 → 0.08
  遊走段落  2.7 → 2.5（接戰 33.7% → 28.4%｜換到人頭 11.7% → 14.9%）
  空手遊走  2.4 → 2.1｜參團 21.3 → 21.6
  遊走決策  婉拒 5.2 → 5.5（65.7% → 69.2%）｜取消 1.6 → 1.4｜改道 0.6 → 0.6
  遊走路別  上 1.4 → 1.0｜中 1.4 → 1.4｜下 0.0 → 0.0
  團戰段落  21.3 → 21.6（淨交換勝 10.1% → 12.1%）｜同時進場 3.81 → 3.84 人／均 0.89 → 0.89
  同步進場  單獨 1.47 → 1.95（8.9% → 12.5%）｜到場已就位 1.31 → 1.18 人｜抵達離散 1.41 → 1.55 秒
  投入決策  commit 7.5 → 7.8｜hold 0.1 → 0.1｜decline 0.0 → 0.0（0.0% → 0.2%）
  投入品質  不利投入 29.3% → 30.4%｜交換比 0.876 → 1.015
  （參考）  待命 0.1 → 0.1 tick｜對齊放行 0.00 → 0.00｜逾時放行 0.00 → 0.00
  參團擲骰  10.7 → 10.0（命中 59.5% → 57.2%｜擲骰時落後 8.8% → 9.2%）
  目標生成  8.12 → 8.20｜集結 3.53 → 3.25（43.5% → 39.6%）｜到場 7.5 → 7.4
  集結延遲  60.7 → 63.0 秒｜坑內人數 均 0.41 → 0.36／峰 2.41 → 2.27
  目標擊殺  3.83 → 3.35（47.2% → 40.9%）｜集結擲骰 175.4 → 182.4（命中 65.3% → 65.7%）
  推塔/分推 32.4 → 28.9｜0.0 → 0.0
  集火      0.0 → 2.6
  技能放空  3.3% → 0.0%
  無效攻擊  0.0% → 0.0%
  補刀      100.0% → 100.0%
  撤退/棄追 53.6 → 73.8｜0.13 → 0.40
  本場等級  9.35 → 9.15
  越塔      1.87 → 2.02 次（准 0.43 → 0.63）
  作戰持續  82.9% → 80.8%｜重返 64.8 → 75.8
  撤退門檻  0.2663 → 0.3168（實際採用值，含所有情境修正）


## 摘要：|Δ| 由大到小（勝率 pp／等級／關鍵行為）
素質        分類  Δ勝率   Δ等級  ΔGank  Δ遊走  Δ集火  Δ技能  Δ空揮  Δ補刀  Δ撤退
決策力        戰術   -15.0pp   -0.20    2.7   -0.3    2.6   3.3pp   0.0pp   0.0pp   20.2

（Δ = 90 分減 40 分。Δ技能／Δ空揮為「失誤率下降幅度」，正值代表高素質失誤較少。）
