── 防禦塔攻擊 Audit（唯讀）──
規則：towerAggroRange=5.5　towerAttackInterval=0.5
      towerAggroDmg=66　towerMinionDamage=60

── 總計（塔 × tick）──
觀測樣本            81214
A 射程內沒有敵人    80550（99.2%）
  射程內有英雄      664（0.8%）
  塔位有敵方小兵    32（0.0%）  ← 引擎的 lane-progress 判準
  射程內有敵方小兵  0（0.0%）  ← 世界距離判準
  有推 tower FX     700（0.9%）
  有實際扣血        677（0.8%）
B 有敵人卻完全沒動作 231（0.3%）  ← 邏輯問題
C 有傷害但沒有 FX    0（0.0%）  ← 呈現問題
  有 FX 但沒扣血     23（0.0%）

── 依塔種類拆開 ──
lane           ticks  英雄在射程  兵在射程  塔位有兵  有目標   有FX  有傷害  有敵人沒動作
bot            19673       1.1%      0.0%      0.0%    1.1%   1.1%    1.1%         0.3%
mid            19153       1.8%      0.0%      0.0%    1.9%   1.9%    1.9%         0.8%
nexus           7200       0.0%      0.0%      0.0%    0.0%   0.0%    0.0%         0.0%
nexus_guard    14400       0.0%      0.0%      0.0%    0.0%   0.0%    0.0%         0.0%
top            20788       0.4%      0.0%      0.1%    0.5%   0.5%    0.5%         0.2%

── 判讀 ──
✅ 沒有明顯的「有敵人卻完全不動作」。
✅ 每一次塔傷都有對應 FX（沒有「有傷害沒特效」）。
