┌─────────┬──────┬────────┬──────┬────────┬────┬────┬─────┬───────┬──────┬───────┬───────┐
│ (index) │ seed │ min    │ over │ win    │ K  │ tw │ fb  │ hot   │ lock │ D     │ B     │
├─────────┼──────┼────────┼──────┼────────┼────┼────┼─────┼───────┼──────┼───────┼───────┤
│ 0       │ 1    │ '23.4' │ '✅' │ 'red'  │ 23 │ 15 │ 349 │ '64%' │ '無' │ '2/1' │ '2/1' │
│ 1       │ 2    │ '21.6' │ '✅' │ 'blue' │ 22 │ 14 │ 407 │ '62%' │ '無' │ '3/1' │ '2/1' │
│ 2       │ 3    │ '20.9' │ '✅' │ 'blue' │ 11 │ 16 │ 366 │ '55%' │ '無' │ '1/4' │ '2/0' │
│ 3       │ 7    │ '21.7' │ '✅' │ 'red'  │ 21 │ 18 │ 373 │ '58%' │ '無' │ '3/1' │ '1/2' │
│ 4       │ 42   │ '21.2' │ '✅' │ 'red'  │ 14 │ 16 │ 449 │ '60%' │ '無' │ '3/1' │ '1/1' │
│ 5       │ 99   │ '23.2' │ '✅' │ 'red'  │ 22 │ 18 │ 328 │ '55%' │ '無' │ '0/5' │ '0/3' │
│ 6       │ 123  │ '21.2' │ '✅' │ 'blue' │ 19 │ 15 │ 396 │ '58%' │ '無' │ '4/0' │ '1/1' │
│ 7       │ 777  │ '20.9' │ '✅' │ 'blue' │ 21 │ 15 │ 523 │ '64%' │ '無' │ '2/2' │ '2/0' │
│ 8       │ 2024 │ '23.1' │ '✅' │ 'red'  │ 22 │ 15 │ 332 │ '65%' │ '無' │ '1/5' │ '0/3' │
│ 9       │ 5555 │ '25.6' │ '✅' │ 'blue' │ 24 │ 19 │ 396 │ '62%' │ '無' │ '3/1' │ '2/1' │
│ 10      │ 314  │ '21.7' │ '✅' │ 'red'  │ 17 │ 16 │ 453 │ '58%' │ '無' │ '2/1' │ '0/2' │
│ 11      │ 271  │ '24.9' │ '✅' │ 'red'  │ 24 │ 16 │ 426 │ '60%' │ '無' │ '2/3' │ '0/3' │
│ 12      │ 1618 │ '23.1' │ '✅' │ 'blue' │ 23 │ 15 │ 318 │ '62%' │ '無' │ '1/3' │ '2/1' │
│ 13      │ 8080 │ '23.2' │ '✅' │ 'red'  │ 18 │ 17 │ 622 │ '60%' │ '無' │ '4/0' │ '1/1' │
│ 14      │ 4242 │ '25.8' │ '✅' │ 'blue' │ 31 │ 19 │ 442 │ '58%' │ '無' │ '2/2' │ '1/2' │
└─────────┴──────┴────────┴──────┴────────┴────┴────┴─────┴───────┴──────┴───────┴───────┘
結束率 15/15 | 平均時長 22.8分 | 平均擊殺 20.8 | 0殺場 0 | 撤退鎖死 0 | 平均hot 60% | 平均破塔 16.3/12
