
══ §1 成長帳簿：純邏輯 ══
✅ §1a 建立紀錄：只留有變動的項目　{"focus":1.2,"clutch":0.8}
✅ §1b 差值總和正確　total=2
✅ §1c 成長前 → 成長後可精確還原　70 → 71.2 (+1.2)
✅ §1d 0／負值／非數字一律不算成長　{}
✅ §1e 完全沒有變化的紀錄不會被加入
✅ §1f 同一個 id 不重複加入，也不覆寫既有內容　len=1 total=2
✅ §1g 上限 12 筆（任務單要求 ≥10）　len=12
✅ §1h 最新的在最前面　c29 … c18
✅ §1i 舊紀錄缺成長後值 ⇒ 回 null（不編造前後值）
✅ §1j 帳簿不存能力現值／XP 總量（不是第二套選手資料）　id,source,mode,courseId,label,day,week,at,xpGained,levelBefore,levelAfter,levelsGained,gains,after,total

══ §2 比賽結算：一場一筆、重送不重複 ══
✅ §2a 結算成功
✅ §2b 每位出賽選手各產生 1 筆成長紀錄　len=1
✅ §2c 紀錄的經驗＝receipt 的經驗（同源，不重算）　log=3000 receipt=3000
✅ §2d 紀錄的等級變化＝receipt 的等級變化　Lv.38→39
✅ §2e 紀錄的能力差值＝receipt 的 growth.gains（逐鍵相同）　{"positioning":0.2,"resilience":0.4,"clutch":0.2,"tacticalIQ":0.2}
✅ §2f 「成長後」值＝實際寫入選手的能力值　紀錄 85.2 / store 85.2
✅ §2g 重送同一 transaction ⇒ alreadyApplied
✅ §2h 重送不會重複加入成長紀錄　len=1
✅ §2i 重送不會重複增加能力
✅ §2j 第二場正確累積為 2 筆
✅ §2k 最新的一筆在最前面　moba:m-p1-002:progress-v1:b1
✅ §2l 紀錄含來源／週次／模式（任務單要求的欄位）
✅ §2m CS 與 MOBA 產生**同樣形狀**的紀錄（顯示規格才可能一致）

══ §3 訓練結算：一次訓練只加一次 ══
✅ §3a 指派訓練成功
✅ §3b 訓練未完成時不產生成長紀錄　剩 1 天
✅ §3c 訓練完成 ⇒ 產生 1 筆成長紀錄　len=1
✅ §3d advanceDay 回傳本次完成的訓練（訓練頁據此顯示真實值）　trained=1
✅ §3e 訓練紀錄來源標記正確
✅ §3f 訓練不發經驗（經驗只來自出賽）
✅ §3g 紀錄差值＝實際寫入選手的能力差（不是課程定義值）　clutch: 紀錄 +0.8 / 實際 +0.8　focus: 紀錄 +1 / 實際 +1
✅ §3h 訓練提升的正是課程指定的能力項目　課程 clutch/focus → 實得 clutch/focus
✅ §3i 之後繼續推進天數不會再加成長紀錄
✅ §3j 之後繼續推進天數不會再加能力

══ §4 邊界：無升級有成長／有升級但能力已達上限 ══
✅ §4a 有經驗、無升級、無能力成長 ⇒ 仍記錄（不靜靜藏起來）
✅ §4b 該情況的摘要文字誠實　累積經驗中
✅ §4c 有升級但能力已達上限 ⇒ gains 為空、total 為 0（無虛假增加）
✅ §4d 該情況明說「已達潛力上限」而不是留白　已達潛力上限，本次無能力成長
✅ §4e 實測：能力已到潛力上限的選手升 3 級 ⇒ 真的零成長　total=0
✅ §4f 無升級但有能力成長 ⇒ 正確記錄並可顯示前後值　{"from":65,"to":66.1,"gain":1.1}

══ §5 持久化：重整後紀錄仍在 ══
✅ §5a 成長紀錄存在選手物件上（隨既有存檔一起持久化）　Kaiser 1 筆
✅ §5b JSON 往返後紀錄完整保留
✅ §5c 載入時會清洗成長紀錄（不信任持久層）
✅ §5d 清洗會過濾掉形狀錯誤的紀錄

══ §6 UI 未定義識別字掃描（build 抓不到的白畫面 bug）══
✅ §6a 本輪改動的畫面全部沒有未定義識別字　掃描 7 個檔

══ §7 UI 不重算：畫面層沒有成長公式 ══
✅ §7a 畫面層不 import 也不複製任何成長公式
✅ §7b 訓練頁不再用課程定義猜提升項目（改讀 advanceDay 的實際結果）
✅ §7c 結算面板直接讀 receipt 的 growth.gains
✅ §7d MOBA 與 CS 使用同一個結算面板元件

══ §8 P0 系列演算未被本輪改動 ══
✅ §8a levelGrowth 的費率沒被動過
✅ §8b P0-2 的經驗速率限幅沒被動過
✅ §8c P0-3 的五個品質係數限幅沒被動過
✅ §8d S28 傷害式紅線仍然成立
✅ §8e 訓練成長公式沒被動過
✅ §8f 成長帳簿沒有任何成長公式（只記錄，不計算）

══ §9 窄螢幕：靜態防溢出檢查 ══
✅ §9a 沒有 ≥320px 的寫死寬度（會直接撐破最窄螢幕）
✅ §9b 能力增幅清單可換行（flexWrap）
✅ §9c 成長紀錄列可收縮（minWidth: 0）　6 處
✅ §9d 膠囊不被文字撐破（nowrap 膠囊 ＋ 可換行外層）
✅ §9e 長文字有省略處理
✅ §9f 結算面板的選手列可換行
✅ §9g 結算面板的選手名有寬度上限與省略號
✅ §9h 名單卡的成長提示列可換行且可收縮

🟢 P1 成長可視化：62/62 通過
