# 敏感度矩陣｜情境 standard｜30 seeds × 鏡像對跑 = 每格 60 場
# 對手固定全 70；受測方藍紅各跑一次再平均（抵銷陣營偏斜）

## 中性基準（全 70）
勝率 50.0%｜收束 93.3%｜時長 23.5 分｜K/D/A 12.9/12.9/7.2
Gank 25.9（成功率 2.2%）｜遊走 2.5｜入侵 0.08｜推塔 29.6｜分推 0.0
集火 0.0｜技能放空 0.0%｜無效攻擊 0.0%｜補刀 100.0%
撤退 71.2｜放棄追擊 0.33｜本場等級 9.35｜越塔 1.33 次（准 0.40）

## 逐項：40 / 90 相對中性的變化

### 溝通（comms・團隊）
  勝率      54.2% → 50.0% → 55.0%   Δ(90−40) 0.8pp
  時長/收束 22.9 → 22.4 分｜98.3% → 100.0%
  K/D/A     12.0/12.3/6.3 → 11.6/12.0/6.4
  Gank      25.2 → 24.7（成功率 1.6% → 1.4%）
  遊走/入侵 3.1 → 2.3｜0.08 → 0.08
  遊走段落  3.1 → 2.3（接戰 30.3% → 24.8%｜換到人頭 13.5% → 14.6%）
  空手遊走  2.7 → 1.9｜參團 21.3 → 21.7
  遊走決策  婉拒 4.8 → 5.1（61.1% → 69.0%）｜取消 1.8 → 1.2｜改道 0.8 → 0.6
  遊走路別  上 1.6 → 1.2｜中 1.5 → 1.1｜下 0.0 → 0.0
  團戰段落  21.3 → 21.7（淨交換勝 11.6% → 10.5%）｜同時進場 3.83 → 3.85 人／均 0.87 → 0.91
  同步進場  單獨 2.05 → 2.02（14.2% → 13.0%）｜到場已就位 1.17 → 1.29 人｜抵達離散 1.10 → 1.17 秒
  投入決策  commit 7.2 → 6.7｜hold 0.1 → 0.0｜decline 0.0 → 0.0（0.0% → 0.5%）
  投入品質  不利投入 31.5% → 30.0%｜交換比 0.973 → 0.969
  （參考）  待命 0.1 → 0.0 tick｜對齊放行 0.00 → 0.00｜逾時放行 0.00 → 0.00
  參團擲骰  9.5 → 9.9（命中 52.2% → 59.9%｜擲骰時落後 9.0% → 7.9%）
  目標生成  8.08 → 8.08｜集結 2.95 → 3.43（36.5% → 42.5%）｜到場 7.2 → 7.2
  集結延遲  64.7 → 58.2 秒｜坑內人數 均 0.36 → 0.39／峰 2.26 → 2.32
  目標擊殺  3.35 → 3.60（41.4% → 44.5%）｜集結擲骰 182.4 → 174.7（命中 61.9% → 67.0%）
  推塔/分推 30.2 → 30.6｜0.0 → 0.0
  集火      0.0 → 0.0
  技能放空  0.0% → 0.0%
  無效攻擊  0.0% → 0.0%
  補刀      100.0% → 100.0%
  撤退/棄追 69.9 → 64.8｜0.32 → 0.38
  本場等級  9.11 → 9.19
  越塔      1.60 → 2.02 次（准 0.70 → 0.73）
  作戰持續  81.0% → 81.6%｜重返 73.4 → 69.2
  撤退門檻  0.2966 → 0.2939（實際採用值，含所有情境修正）

### 領導力（leadership・團隊）
  勝率      55.9% → 50.0% → 50.0%   Δ(90−40) -5.9pp
  時長/收束 22.9 → 23.2 分｜98.3% → 96.7%
  K/D/A     12.3/12.4/6.2 → 12.1/13.4/6.7
  Gank      25.4 → 25.6（成功率 1.8% → 0.9%）
  遊走/入侵 3.0 → 2.5｜0.08 → 0.08
  遊走段落  3.0 → 2.5（接戰 25.0% → 19.1%｜換到人頭 13.3% → 13.2%）
  空手遊走  2.6 → 2.2｜參團 21.1 → 22.1
  遊走決策  婉拒 5.1 → 5.4（63.0% → 68.1%）｜取消 1.7 → 1.4｜改道 0.8 → 0.6
  遊走路別  上 1.4 → 1.3｜中 1.6 → 1.3｜下 0.0 → 0.0
  團戰段落  21.1 → 22.1（淨交換勝 12.2% → 12.1%）｜同時進場 3.83 → 3.85 人／均 0.88 → 0.92
  同步進場  單獨 1.80 → 2.15（12.9% → 14.9%）｜到場已就位 1.16 → 1.25 人｜抵達離散 1.12 → 1.14 秒
  投入決策  commit 6.6 → 6.0｜hold 0.1 → 0.1｜decline 0.0 → 0.1（0.2% → 0.8%）
  投入品質  不利投入 34.8% → 32.3%｜交換比 0.984 → 0.900
  （參考）  待命 0.1 → 0.1 tick｜對齊放行 0.00 → 0.00｜逾時放行 0.00 → 0.00
  參團擲骰  9.5 → 9.9（命中 54.5% → 57.7%｜擲骰時落後 5.6% → 7.7%）
  目標生成  7.83 → 8.22｜集結 2.93 → 3.62（37.4% → 44.0%）｜到場 7.0 → 7.3
  集結延遲  72.5 → 61.3 秒｜坑內人數 均 0.35 → 0.38／峰 2.27 → 2.33
  目標擊殺  3.38 → 3.60（43.2% → 43.8%）｜集結擲骰 184.0 → 185.0（命中 61.3% → 67.5%）
  推塔/分推 30.6 → 29.6｜0.0 → 0.0
  集火      0.0 → 0.0
  技能放空  0.0% → 0.0%
  無效攻擊  0.0% → 0.0%
  補刀      100.0% → 100.0%
  撤退/棄追 69.0 → 69.4｜0.28 → 0.33
  本場等級  9.19 → 9.21
  越塔      1.05 → 2.07 次（准 0.50 → 0.75）
  作戰持續  81.1% → 81.3%｜重返 72.8 → 73.3
  撤退門檻  0.2964 → 0.2958（實際採用值，含所有情境修正）

### 配合度（synergy・團隊）
  勝率      48.2% → 50.0% → 38.6%   Δ(90−40) -9.6pp
  時長/收束 23.5 → 23.5 分｜93.3% → 95.0%
  K/D/A     13.1/13.2/7.4 → 12.6/13.4/6.9
  Gank      26.0 → 25.9（成功率 2.2% → 1.6%）
  遊走/入侵 2.4 → 2.6｜0.08 → 0.08
  遊走段落  2.4 → 2.6（接戰 21.5% → 23.4%｜換到人頭 18.1% → 17.1%）
  空手遊走  2.0 → 2.2｜參團 22.8 → 22.6
  遊走決策  婉拒 5.6 → 5.6（70.1% → 68.1%）｜取消 1.3 → 1.4｜改道 0.6 → 0.7
  遊走路別  上 1.3 → 1.4｜中 1.1 → 1.3｜下 0.0 → 0.0
  團戰段落  22.8 → 22.6（淨交換勝 12.1% → 11.7%）｜同時進場 3.78 → 3.77 人／均 0.90 → 0.90
  同步進場  單獨 2.03 → 1.80（14.2% → 12.9%）｜到場已就位 1.17 → 1.21 人｜抵達離散 0.86 → 0.98 秒
  投入決策  commit 6.5 → 5.8｜hold 0.0 → 1.6｜decline 0.0 → 0.7（0.0% → 8.8%）
  投入品質  不利投入 33.9% → 21.7%｜交換比 0.986 → 0.938
  （參考）  待命 0.0 → 1.6 tick｜對齊放行 0.00 → 0.00｜逾時放行 0.00 → 0.00
  參團擲骰  10.2 → 10.3（命中 59.5% → 58.9%｜擲骰時落後 5.1% → 7.3%）
  目標生成  8.10 → 8.12｜集結 3.27 → 3.08（40.3% → 38.0%）｜到場 7.4 → 7.4
  集結延遲  67.8 → 67.4 秒｜坑內人數 均 0.35 → 0.34／峰 2.32 → 2.28
  目標擊殺  3.45 → 3.23（42.6% → 39.8%）｜集結擲骰 187.0 → 188.5（命中 65.1% → 64.4%）
  推塔/分推 29.4 → 29.9｜0.0 → 0.0
  集火      0.0 → 0.0
  技能放空  0.0% → 0.0%
  無效攻擊  0.0% → 0.0%
  補刀      100.0% → 100.0%
  撤退/棄追 71.7 → 72.3｜0.33 → 0.30
  本場等級  9.34 → 9.15
  越塔      1.30 → 1.53 次（准 0.38 → 0.50）
  作戰持續  81.0% → 80.9%｜重返 75.4 → 75.9
  撤退門檻  0.2951 → 0.2960（實際採用值，含所有情境修正）

### 學習力（learning・團隊）
  勝率      49.2% → 50.0% → 49.1%   Δ(90−40) -0.0pp
  時長/收束 23.2 → 23.9 分｜98.3% → 95.0%
  K/D/A     12.7/13.5/7.3 → 13.3/13.6/6.8
  Gank      25.7 → 26.4（成功率 1.4% → 2.1%）
  遊走/入侵 2.7 → 2.8｜0.08 → 0.08
  遊走段落  2.7 → 2.8（接戰 23.8% → 23.4%｜換到人頭 14.4% → 12.0%）
  空手遊走  2.3 → 2.5｜參團 22.7 → 23.2
  遊走決策  婉拒 5.7 → 5.5（68.2% → 66.3%）｜取消 1.5 → 1.5｜改道 0.7 → 0.6
  遊走路別  上 1.2 → 1.3｜中 1.5 → 1.5｜下 0.0 → 0.0
  團戰段落  22.7 → 23.2（淨交換勝 10.9% → 11.6%）｜同時進場 3.79 → 3.80 人／均 0.89 → 0.90
  同步進場  單獨 1.95 → 2.30（14.9% → 15.3%）｜到場已就位 1.16 → 1.24 人｜抵達離散 0.98 → 1.05 秒
  投入決策  commit 5.4 → 7.3｜hold 0.2 → 0.2｜decline 0.0 → 0.1（0.6% → 0.7%）
  投入品質  不利投入 43.7% → 39.4%｜交換比 0.944 → 0.980
  （參考）  待命 0.2 → 0.2 tick｜對齊放行 0.00 → 0.00｜逾時放行 0.00 → 0.00
  參團擲骰  9.3 → 10.2（命中 59.1% → 59.2%｜擲骰時落後 6.5% → 4.4%）
  目標生成  8.07 → 8.45｜集結 3.20 → 3.22（39.7% → 38.1%）｜到場 7.2 → 7.6
  集結延遲  61.2 → 58.3 秒｜坑內人數 均 0.37 → 0.36／峰 2.23 → 2.26
  目標擊殺  3.52 → 3.72（43.6% → 44.0%）｜集結擲骰 183.1 → 191.3（命中 65.0% → 65.2%）
  推塔/分推 29.9 → 29.6｜0.0 → 0.0
  集火      0.0 → 0.0
  技能放空  0.0% → 0.0%
  無效攻擊  0.0% → 0.0%
  補刀      100.0% → 100.0%
  撤退/棄追 69.4 → 70.8｜0.37 → 0.27
  本場等級  9.18 → 9.53
  越塔      1.53 → 1.23 次（准 0.48 → 0.38）
  作戰持續  81.4% → 81.3%｜重返 73.3 → 74.9
  撤退門檻  0.2974 → 0.2947（實際採用值，含所有情境修正）


## 摘要：|Δ| 由大到小（勝率 pp／等級／關鍵行為）
素質        分類  Δ勝率   Δ等級  ΔGank  Δ遊走  Δ集火  Δ技能  Δ空揮  Δ補刀  Δ撤退
配合度        團隊    -9.6pp   -0.19   -0.0    0.2    0.0   0.0pp   0.0pp   0.0pp    0.6
領導力        團隊    -5.9pp    0.02    0.3   -0.5    0.0   0.0pp   0.0pp   0.0pp    0.5
溝通         團隊     0.8pp    0.08   -0.5   -0.8    0.0   0.0pp   0.0pp   0.0pp   -5.1
學習力        團隊    -0.0pp    0.35    0.7    0.1    0.0   0.0pp   0.0pp   0.0pp    1.4

（Δ = 90 分減 40 分。Δ技能／Δ空揮為「失誤率下降幅度」，正值代表高素質失誤較少。）
