# 敏感度矩陣｜情境 invade｜100 seeds × 鏡像對跑 = 每格 200 場
# 對手固定全 70；受測方藍紅各跑一次再平均（抵銷陣營偏斜）

## 中性基準（全 70）
勝率 50.0%｜收束 93.0%｜時長 23.7 分｜K/D/A 13.3/13.3/6.8
Gank 32.0（成功率 1.7%）｜遊走 0.0｜入侵 0.54｜推塔 32.1｜分推 0.0
集火 0.0｜技能放空 0.0%｜無效攻擊 0.0%｜補刀 100.0%
撤退 72.3｜放棄追擊 0.34｜本場等級 9.38｜越塔 2.65 次（准 1.18）

## 逐項：40 / 90 相對中性的變化

### 勇氣（courage・心理）
  勝率      40.6% → 50.0% → 51.9%   Δ(90−40) 11.3pp
  時長/收束 23.3 → 23.7 分｜96.0% → 92.5%
  K/D/A     12.4/11.3/6.4 → 13.3/14.6/6.6
  Gank      31.5 → 32.0（成功率 1.3% → 1.7%）
  遊走/入侵 0.0 → 0.0｜0.47 → 0.58
  遊走段落  0.0 → 0.0（接戰 — → —｜換到人頭 — → —）
  空手遊走  0.0 → 0.0｜參團 21.8 → 22.2
  遊走決策  婉拒 0.0 → 0.0（— → —）｜取消 0.0 → 0.0｜改道 0.0 → 0.0
  遊走路別  上 0.0 → 0.0｜中 0.0 → 0.0｜下 0.0 → 0.0
  團戰段落  21.8 → 22.2（淨交換勝 11.8% → 10.9%）｜同時進場 3.80 → 3.73 人／均 0.87 → 0.85
  同步進場  單獨 2.06 → 1.79（13.9% → 11.7%）｜到場已就位 1.15 → 1.19 人｜抵達離散 1.32 → 1.23 秒
  投入決策  commit 6.7 → 6.1｜hold 0.1 → 0.1｜decline 0.0 → 0.0（0.1% → 0.5%）
  投入品質  不利投入 32.7% → 35.2%｜交換比 1.099 → 0.913
  （參考）  待命 0.1 → 0.1 tick｜對齊放行 0.00 → 0.00｜逾時放行 0.00 → 0.00
  參團擲骰  9.7 → 10.1（命中 54.7% → 62.2%｜擲骰時落後 6.4% → 5.2%）
  目標生成  7.63 → 7.93｜集結 2.75 → 2.88（36.1% → 36.3%）｜到場 6.9 → 7.0
  集結延遲  71.4 → 72.3 秒｜坑內人數 均 0.32 → 0.32／峰 2.25 → 2.22
  目標擊殺  3.19 → 3.23（41.8% → 40.7%）｜集結擲骰 179.8 → 179.0（命中 60.3% → 60.1%）
  推塔/分推 30.1 → 34.4｜0.0 → 0.0
  集火      0.0 → 0.0
  技能放空  0.0% → 0.0%
  無效攻擊  0.0% → 0.0%
  補刀      100.0% → 100.0%
  撤退/棄追 78.6 → 66.9｜0.30 → 0.41
  本場等級  9.03 → 9.32
  越塔      2.12 → 2.87 次（准 0.85 → 1.24）
  作戰持續  80.3% → 81.4%｜重返 78.1 → 74.0
  撤退門檻  0.3453 → 0.2640（實際採用值，含所有情境修正）


## 摘要：|Δ| 由大到小（勝率 pp／等級／關鍵行為）
素質        分類  Δ勝率   Δ等級  ΔGank  Δ遊走  Δ集火  Δ技能  Δ空揮  Δ補刀  Δ撤退
勇氣         心理    11.3pp    0.29    0.5    0.0    0.0   0.0pp   0.0pp   0.0pp  -11.7

（Δ = 90 分減 40 分。Δ技能／Δ空揮為「失誤率下降幅度」，正值代表高素質失誤較少。）
