# 敏感度矩陣｜情境 comeback｜60 seeds × 鏡像對跑 = 每格 120 場
# 對手固定全 70；受測方藍紅各跑一次再平均（抵銷陣營偏斜）

## 中性基準（全 70）
勝率 50.0%｜收束 95.0%｜時長 24.2 分｜K/D/A 9.8/9.8/5.6
Gank 27.0（成功率 1.0%）｜遊走 0.0｜入侵 0.00｜推塔 29.2｜分推 0.0
集火 0.0｜技能放空 0.0%｜無效攻擊 0.0%｜補刀 100.0%
撤退 89.1｜放棄追擊 0.12｜本場等級 9.12｜越塔 1.02 次（准 0.27）

## 逐項：40 / 90 相對中性的變化

### 韌性（resilience・心理）
  勝率      50.8% → 50.0% → 53.4%   Δ(90−40) 2.6pp
  時長/收束 23.9 → 24.0 分｜98.3% → 96.7%
  K/D/A     9.6/8.4/5.7 → 9.6/9.6/5.8
  Gank      26.6 → 26.7（成功率 1.1% → 0.9%）
  遊走/入侵 0.0 → 0.0｜0.00 → 0.00
  遊走段落  0.0 → 0.0（接戰 — → —｜換到人頭 — → —）
  空手遊走  0.0 → 0.0｜參團 23.4 → 23.6
  遊走決策  婉拒 0.0 → 0.0（— → —）｜取消 0.0 → 0.0｜改道 0.0 → 0.0
  遊走路別  上 0.0 → 0.0｜中 0.0 → 0.0｜下 0.0 → 0.0
  團戰段落  23.4 → 23.6（淨交換勝 9.4% → 8.9%）｜同時進場 3.82 → 3.79 人／均 0.92 → 0.90
  同步進場  單獨 2.41 → 2.33（13.8% → 12.9%）｜到場已就位 1.19 → 1.25 人｜抵達離散 1.27 → 1.32 秒
  投入決策  commit 8.2 → 8.7｜hold 0.0 → 0.1｜decline 0.0 → 0.0（0.1% → 0.4%）
  投入品質  不利投入 40.3% → 29.6%｜交換比 1.143 → 0.994
  （參考）  待命 0.0 → 0.1 tick｜對齊放行 0.00 → 0.00｜逾時放行 0.00 → 0.00
  參團擲骰  9.6 → 9.9（命中 69.6% → 68.6%｜擲骰時落後 5.9% → 5.7%）
  目標生成  7.73 → 7.61｜集結 2.92 → 2.92（37.8% → 38.4%）｜到場 7.0 → 6.9
  集結延遲  79.8 → 78.2 秒｜坑內人數 均 0.30 → 0.29／峰 2.27 → 2.30
  目標擊殺  3.23 → 3.16（41.8% → 41.5%）｜集結擲骰 195.2 → 190.8（命中 60.0% → 60.3%）
  推塔/分推 28.4 → 29.6｜0.0 → 0.0
  集火      0.0 → 0.0
  技能放空  0.0% → 0.0%
  無效攻擊  0.0% → 0.0%
  補刀      100.0% → 100.0%
  撤退/棄追 85.5 → 90.8｜0.20 → 0.19
  本場等級  9.10 → 9.08
  越塔      0.97 → 0.61 次（准 0.49 → 0.16）
  作戰持續  79.5% → 79.7%｜重返 84.6 → 90.1
  撤退門檻  0.4597 → 0.4448（實際採用值，含所有情境修正）


## 摘要：|Δ| 由大到小（勝率 pp／等級／關鍵行為）
素質        分類  Δ勝率   Δ等級  ΔGank  Δ遊走  Δ集火  Δ技能  Δ空揮  Δ補刀  Δ撤退
韌性         心理     2.6pp   -0.02    0.1    0.0    0.0   0.0pp   0.0pp   0.0pp    5.3

（Δ = 90 分減 40 分。Δ技能／Δ空揮為「失誤率下降幅度」，正值代表高素質失誤較少。）
