# 敏感度矩陣｜情境 teamfight｜60 seeds × 鏡像對跑 = 每格 120 場
# 對手固定全 70；受測方藍紅各跑一次再平均（抵銷陣營偏斜）

## 中性基準（全 70）
勝率 50.0%｜收束 95.0%｜時長 23.1 分｜K/D/A 12.5/12.5/6.9
Gank 37.2（成功率 1.4%）｜遊走 0.0｜入侵 0.00｜推塔 30.9｜分推 0.0
集火 0.0｜技能放空 0.0%｜無效攻擊 0.0%｜補刀 100.0%
撤退 69.8｜放棄追擊 0.32｜本場等級 9.13｜越塔 2.00 次（准 0.67）

## 逐項：40 / 90 相對中性的變化

### 配合度（synergy・團隊）
  勝率      48.2% → 50.0% → 45.3%   Δ(90−40) -2.9pp
  時長/收束 23.0 → 22.6 分｜95.0% → 97.5%
  K/D/A     12.4/12.6/6.8 → 11.6/12.1/6.3
  Gank      37.1 → 36.4（成功率 1.4% → 1.6%）
  遊走/入侵 0.0 → 0.0｜0.00 → 0.00
  遊走段落  0.0 → 0.0（接戰 — → —｜換到人頭 — → —）
  空手遊走  0.0 → 0.0｜參團 21.6 → 21.1
  遊走決策  婉拒 0.0 → 0.0（— → —）｜取消 0.0 → 0.0｜改道 0.0 → 0.0
  遊走路別  上 0.0 → 0.0｜中 0.0 → 0.0｜下 0.0 → 0.0
  團戰段落  21.6 → 21.1（淨交換勝 11.0% → 10.1%）｜同時進場 3.77 → 3.77 人／均 0.87 → 0.86
  同步進場  單獨 2.04 → 1.85（11.2% → 11.4%）｜到場已就位 1.22 → 1.20 人｜抵達離散 1.16 → 1.11 秒
  投入決策  commit 7.7 → 6.0｜hold 0.0 → 1.5｜decline 0.0 → 0.8（0.0% → 9.7%）
  投入品質  不利投入 36.9% → 19.9%｜交換比 0.986 → 0.954
  （參考）  待命 0.0 → 1.5 tick｜對齊放行 0.00 → 0.00｜逾時放行 0.00 → 0.00
  參團擲骰  10.1 → 9.8（命中 84.3% → 83.5%｜擲骰時落後 5.7% → 6.9%）
  目標生成  7.67 → 7.51｜集結 2.77 → 2.67（36.2% → 35.6%）｜到場 6.8 → 6.6
  集結延遲  78.3 → 76.8 秒｜坑內人數 均 0.32 → 0.32／峰 2.24 → 2.22
  目標擊殺  3.21 → 3.02（41.8% → 40.3%）｜集結擲骰 173.8 → 168.7（命中 60.4% → 60.4%）
  推塔/分推 30.9 → 31.0｜0.0 → 0.0
  集火      0.0 → 0.0
  技能放空  0.0% → 0.0%
  無效攻擊  0.0% → 0.0%
  補刀      100.0% → 100.0%
  撤退/棄追 69.9 → 68.8｜0.32 → 0.30
  本場等級  9.11 → 8.98
  越塔      1.96 → 1.82 次（准 0.67 → 0.60）
  作戰持續  81.2% → 81.1%｜重返 73.5 → 72.0
  撤退門檻  0.2956 → 0.2962（實際採用值，含所有情境修正）


## 摘要：|Δ| 由大到小（勝率 pp／等級／關鍵行為）
素質        分類  Δ勝率   Δ等級  ΔGank  Δ遊走  Δ集火  Δ技能  Δ空揮  Δ補刀  Δ撤退
配合度        團隊    -2.9pp   -0.13   -0.7    0.0    0.0   0.0pp   0.0pp   0.0pp   -1.1

（Δ = 90 分減 40 分。Δ技能／Δ空揮為「失誤率下降幅度」，正值代表高素質失誤較少。）
