# 敏感度矩陣｜情境 roam｜60 seeds × 鏡像對跑 = 每格 120 場
# 對手固定全 70；受測方藍紅各跑一次再平均（抵銷陣營偏斜）

## 中性基準（全 70）
勝率 50.0%｜收束 100.0%｜時長 23.1 分｜K/D/A 12.3/12.3/6.3
Gank 25.6（成功率 1.5%）｜遊走 4.4｜入侵 0.00｜推塔 31.9｜分推 0.0
集火 0.0｜技能放空 0.0%｜無效攻擊 0.0%｜補刀 100.0%
撤退 69.6｜放棄追擊 0.31｜本場等級 9.22｜越塔 1.98 次（准 0.55）

## 逐項：40 / 90 相對中性的變化
（續跑：已完成 comms，跳過）

### 視野意識（mapAware・戰術）
  勝率      43.9% → 50.0% → 58.1%   Δ(90−40) 14.3pp
  時長/收束 23.5 → 23.1 分｜95.0% → 97.5%
  K/D/A     12.3/14.4/5.7 → 13.0/12.6/6.7
  Gank      23.8 → 27.6（成功率 1.8% → 1.8%）
  遊走/入侵 4.0 → 5.5｜0.00 → 0.05
  遊走段落  4.0 → 5.5（接戰 24.2% → 22.7%｜換到人頭 10.6% → 14.2%）
  空手遊走  3.6 → 4.8｜參團 21.6 → 21.7
  遊走決策  婉拒 6.9 → 9.6（63.2% → 63.5%）｜取消 2.4 → 3.1｜改道 1.0 → 1.4
  遊走路別  上 2.0 → 2.4｜中 2.0 → 3.1｜下 0.0 → 0.0
  團戰段落  21.6 → 21.7（淨交換勝 10.0% → 12.2%）｜同時進場 3.68 → 3.80 人／均 0.83 → 0.88
  同步進場  單獨 1.75 → 1.79（13.3% → 12.8%）｜到場已就位 1.18 → 1.16 人｜抵達離散 1.28 → 1.15 秒
  投入決策  commit 5.5 → 5.8｜hold 0.1 → 0.1｜decline 0.0 → 0.0（0.3% → 0.3%）
  投入品質  不利投入 26.9% → 28.9%｜交換比 0.855 → 1.034
  （參考）  待命 0.1 → 0.1 tick｜對齊放行 0.00 → 0.00｜逾時放行 0.00 → 0.00
  參團擲骰  9.5 → 9.3（命中 58.3% → 61.6%｜擲骰時落後 8.5% → 4.1%）
  目標生成  7.70 → 7.76｜集結 2.34 → 3.28（30.4% → 42.3%）｜到場 6.8 → 7.0
  集結延遲  77.7 → 76.4 秒｜坑內人數 均 0.29 → 0.35／峰 2.08 → 2.37
  目標擊殺  2.80 → 3.74（36.4% → 48.2%）｜集結擲骰 177.0 → 176.4（命中 55.6% → 63.0%）
  推塔/分推 33.1 → 30.4｜0.0 → 0.0
  集火      0.0 → 2.5
  技能放空  0.0% → 0.0%
  無效攻擊  0.0% → 0.0%
  補刀      100.0% → 100.0%
  撤退/棄追 68.6 → 67.6｜0.22 → 0.53
  本場等級  9.01 → 9.38
  越塔      2.08 → 2.05 次（准 0.70 → 0.78）
  作戰持續  81.3% → 81.9%｜重返 73.6 → 71.4
  撤退門檻  0.2975 → 0.2936（實際採用值，含所有情境修正）

### 決策力（decision・戰術）
  勝率      61.6% → 50.0% → 52.2%   Δ(90−40) -9.4pp
  時長/收束 23.5 → 23.5 分｜93.3% → 94.2%
  K/D/A     13.7/15.5/6.5 → 12.3/12.8/6.2
  Gank      25.0 → 27.1（成功率 1.8% → 1.7%）
  遊走/入侵 5.4 → 4.8｜0.00 → 0.00
  遊走段落  5.4 → 4.8（接戰 27.8% → 30.3%｜換到人頭 14.5% → 15.0%）
  空手遊走  4.6 → 4.1｜參團 21.4 → 21.9
  遊走決策  婉拒 8.2 → 9.1（60.2% → 65.2%）｜取消 3.0 → 2.7｜改道 1.4 → 1.2
  遊走路別  上 2.5 → 2.3｜中 2.9 → 2.5｜下 0.0 → 0.0
  團戰段落  21.4 → 21.9（淨交換勝 10.3% → 9.3%）｜同時進場 3.75 → 3.76 人／均 0.84 → 0.86
  同步進場  單獨 1.67 → 2.12（11.4% → 13.1%）｜到場已就位 1.25 → 1.22 人｜抵達離散 1.36 → 1.29 秒
  投入決策  commit 6.6 → 8.0｜hold 0.2 → 0.1｜decline 0.0 → 0.0（0.2% → 0.1%）
  投入品質  不利投入 37.4% → 33.3%｜交換比 0.885 → 0.960
  （參考）  待命 0.2 → 0.1 tick｜對齊放行 0.00 → 0.00｜逾時放行 0.00 → 0.00
  參團擲骰  9.7 → 9.9（命中 56.7% → 59.4%｜擲骰時落後 7.6% → 5.5%）
  目標生成  8.00 → 7.83｜集結 3.10 → 2.88（38.8% → 36.8%）｜到場 7.1 → 7.0
  集結延遲  71.2 → 79.6 秒｜坑內人數 均 0.34 → 0.31／峰 2.28 → 2.19
  目標擊殺  3.54 → 3.24（44.3% → 41.4%）｜集結擲骰 175.2 → 180.8（命中 60.4% → 60.1%）
  推塔/分推 34.0 → 29.7｜0.0 → 0.0
  集火      0.0 → 2.7
  技能放空  3.5% → 0.0%
  無效攻擊  0.0% → 0.0%
  補刀      100.0% → 100.0%
  撤退/棄追 58.3 → 74.6｜0.42 → 0.35
  本場等級  9.47 → 9.17
  越塔      2.17 → 1.48 次（准 0.79 → 0.46）
  作戰持續  82.3% → 81.0%｜重返 69.6 → 76.2
  撤退門檻  0.2680 → 0.3156（實際採用值，含所有情境修正）

### 領導力（leadership・團隊）
  勝率      48.2% → 50.0% → 55.6%   Δ(90−40) 7.3pp
  時長/收束 23.4 → 23.1 分｜95.0% → 97.5%
  K/D/A     12.1/13.3/5.7 → 13.1/12.4/6.8
  Gank      25.9 → 25.7（成功率 1.4% → 1.6%）
  遊走/入侵 4.9 → 4.9｜0.00 → 0.00
  遊走段落  4.9 → 4.9（接戰 29.3% → 27.1%｜換到人頭 11.5% → 15.4%）
  空手遊走  4.3 → 4.1｜參團 21.5 → 22.6
  遊走決策  婉拒 8.6 → 8.6（63.8% → 63.7%）｜取消 2.7 → 2.6｜改道 1.3 → 1.3
  遊走路別  上 2.3 → 2.4｜中 2.6 → 2.5｜下 0.0 → 0.0
  團戰段落  21.5 → 22.6（淨交換勝 10.0% → 11.4%）｜同時進場 3.71 → 3.79 人／均 0.83 → 0.88
  同步進場  單獨 1.83 → 2.08（13.1% → 13.6%）｜到場已就位 1.21 → 1.18 人｜抵達離散 1.43 → 1.32 秒
  投入決策  commit 6.1 → 7.0｜hold 0.1 → 0.1｜decline 0.0 → 0.1（0.1% → 0.7%）
  投入品質  不利投入 29.4% → 37.2%｜交換比 0.915 → 1.055
  （參考）  待命 0.1 → 0.1 tick｜對齊放行 0.00 → 0.00｜逾時放行 0.00 → 0.00
  參團擲骰  8.9 → 9.9（命中 56.2% → 60.9%｜擲骰時落後 7.5% → 5.6%）
  目標生成  7.42 → 7.71｜集結 2.54 → 3.01（34.3% → 39.0%）｜到場 6.6 → 6.9
  集結延遲  75.8 → 71.5 秒｜坑內人數 均 0.29 → 0.33／峰 2.14 → 2.34
  目標擊殺  2.93 → 3.57（39.6% → 46.3%）｜集結擲骰 179.2 → 177.9（命中 56.1% → 62.4%）
  推塔/分推 32.3 → 31.0｜0.0 → 0.0
  集火      0.0 → 0.0
  技能放空  0.0% → 0.0%
  無效攻擊  0.0% → 0.0%
  補刀      100.0% → 100.0%
  撤退/棄追 71.3 → 68.2｜0.30 → 0.28
  本場等級  9.03 → 9.31
  越塔      1.79 → 1.72 次（准 0.67 → 0.64）
  作戰持續  81.0% → 81.6%｜重返 74.8 → 71.8
  撤退門檻  0.2957 → 0.2943（實際採用值，含所有情境修正）


## 摘要：|Δ| 由大到小（勝率 pp／等級／關鍵行為）
素質        分類  Δ勝率   Δ等級  ΔGank  Δ遊走  Δ集火  Δ技能  Δ空揮  Δ補刀  Δ撤退
視野意識       戰術    14.3pp    0.37    3.8    1.5    2.5   0.0pp   0.0pp   0.0pp   -1.0
決策力        戰術    -9.4pp   -0.30    2.1   -0.5    2.7   3.5pp   0.0pp   0.0pp   16.3
領導力        團隊     7.3pp    0.28   -0.3    0.0    0.0   0.0pp   0.0pp   0.0pp   -3.2

（Δ = 90 分減 40 分。Δ技能／Δ空揮為「失誤率下降幅度」，正值代表高素質失誤較少。）
