# 敏感度矩陣｜情境 standard｜30 seeds × 鏡像對跑 = 每格 60 場
# 對手固定全 70；受測方藍紅各跑一次再平均（抵銷陣營偏斜）

## 中性基準（全 70）
勝率 50.0%｜收束 93.3%｜時長 23.5 分｜K/D/A 12.9/12.9/7.2
Gank 25.9（成功率 2.2%）｜遊走 2.5｜入侵 0.08｜推塔 29.6｜分推 0.0
集火 0.0｜技能放空 0.0%｜無效攻擊 0.0%｜補刀 100.0%
撤退 71.2｜放棄追擊 0.33｜本場等級 9.35｜越塔 1.33 次（准 0.40）

## 逐項：40 / 90 相對中性的變化

### 反應速度（reflex・操作）
  勝率      50.0% → 50.0% → 51.8%   Δ(90−40) 1.8pp
  時長/收束 23.2 → 23.6 分｜96.7% → 93.3%
  K/D/A     12.4/14.2/7.0 → 12.4/13.7/6.6
  Gank      25.8 → 26.0（成功率 1.4% → 1.3%）
  遊走/入侵 2.5 → 2.6｜0.08 → 0.08
  遊走段落  2.5 → 2.6（接戰 24.8% → 25.5%｜換到人頭 12.4% → 15.9%）
  空手遊走  2.2 → 2.2｜參團 22.1 → 22.9
  遊走決策  婉拒 5.1 → 5.6（66.7% → 68.0%）｜取消 1.5 → 1.6｜改道 0.7 → 0.5
  遊走路別  上 1.3 → 1.3｜中 1.3 → 1.3｜下 0.0 → 0.0
  團戰段落  22.1 → 22.9（淨交換勝 11.5% → 11.2%）｜同時進場 3.81 → 3.81 人／均 0.89 → 0.90
  同步進場  單獨 1.53 → 2.25（10.5% → 15.8%）｜到場已就位 1.32 → 1.17 人｜抵達離散 1.24 → 1.14 秒
  投入決策  commit 6.7 → 6.5｜hold 0.1 → 0.3｜decline 0.0 → 0.0（0.0% → 0.2%）
  投入品質  不利投入 28.4% → 37.2%｜交換比 0.879 → 0.906
  （參考）  待命 0.1 → 0.3 tick｜對齊放行 0.00 → 0.00｜逾時放行 0.00 → 0.00
  參團擲骰  10.1 → 9.9（命中 55.4% → 60.4%｜擲骰時落後 7.8% → 8.3%）
  目標生成  8.30 → 8.17｜集結 2.98 → 3.13（35.9% → 38.4%）｜到場 7.5 → 7.3
  集結延遲  60.0 → 67.8 秒｜坑內人數 均 0.35 → 0.35／峰 2.22 → 2.26
  目標擊殺  3.50 → 3.57（42.2% → 43.7%）｜集結擲骰 182.1 → 189.3（命中 66.1% → 64.9%）
  推塔/分推 30.2 → 29.9｜0.0 → 0.0
  集火      0.0 → 0.0
  技能放空  0.0% → 0.0%
  無效攻擊  3.2% → 0.0%
  補刀      100.0% → 100.0%
  撤退/棄追 70.3 → 71.1｜0.42 → 0.38
  本場等級  9.15 → 9.27
  越塔      1.27 → 1.55 次（准 0.43 → 0.53）
  作戰持續  81.2% → 81.3%｜重返 73.6 → 75.3
  撤退門檻  0.2969 → 0.2962（實際採用值，含所有情境修正）
# 敏感度矩陣｜情境 standard｜30 seeds × 鏡像對跑 = 每格 60 場
# 對手固定全 70；受測方藍紅各跑一次再平均（抵銷陣營偏斜）

## 中性基準（全 70）
勝率 50.0%｜收束 93.3%｜時長 23.5 分｜K/D/A 12.9/12.9/7.2
Gank 25.9（成功率 2.2%）｜遊走 2.5｜入侵 0.08｜推塔 29.6｜分推 0.0
集火 0.0｜技能放空 0.0%｜無效攻擊 0.0%｜補刀 100.0%
撤退 71.2｜放棄追擊 0.33｜本場等級 9.35｜越塔 1.33 次（准 0.40）

## 逐項：40 / 90 相對中性的變化
（續跑：已完成 reflex，跳過）

### 精準度（accuracy・操作）
  勝率      40.7% → 50.0% → 55.9%   Δ(90−40) 15.3pp
  時長/收束 22.5 → 22.9 分｜98.3% → 98.3%
  K/D/A     10.2/13.0/5.3 → 12.4/12.4/6.1
  Gank      24.9 → 25.5（成功率 1.4% → 1.8%）
  遊走/入侵 2.6 → 2.6｜0.08 → 0.08
  遊走段落  2.6 → 2.6（接戰 22.2% → 23.1%｜換到人頭 13.9% → 12.2%）
  空手遊走  2.3 → 2.3｜參團 20.4 → 22.3
  遊走決策  婉拒 5.4 → 5.3（67.3% → 66.9%）｜取消 1.5 → 1.4｜改道 0.7 → 0.6
  遊走路別  上 1.4 → 1.3｜中 1.2 → 1.4｜下 0.0 → 0.0
  團戰段落  20.4 → 22.3（淨交換勝 9.9% → 12.2%）｜同時進場 3.88 → 3.80 人／均 0.89 → 0.89
  同步進場  單獨 2.25 → 2.32（13.8% → 15.1%）｜到場已就位 1.21 → 1.24 人｜抵達離散 1.28 → 1.08 秒
  投入決策  commit 8.5 → 7.7｜hold 0.1 → 0.2｜decline 0.0 → 0.1（0.4% → 0.6%）
  投入品質  不利投入 32.5% → 34.9%｜交換比 0.787 → 0.999
  （參考）  待命 0.1 → 0.2 tick｜對齊放行 0.00 → 0.00｜逾時放行 0.00 → 0.00
  參團擲骰  10.4 → 10.2（命中 57.6% → 58.8%｜擲骰時落後 10.2% → 5.0%）
  目標生成  7.77 → 8.25｜集結 2.80 → 3.10（36.1% → 37.6%）｜到場 7.0 → 7.4
  集結延遲  66.1 → 58.8 秒｜坑內人數 均 0.35 → 0.37／峰 2.20 → 2.24
  目標擊殺  2.98 → 3.53（38.4% → 42.8%）｜集結擲骰 176.1 → 181.4（命中 65.4% → 65.1%）
  推塔/分推 29.8 → 29.6｜0.0 → 0.0
  集火      0.0 → 0.0
  技能放空  0.0% → 0.0%
  無效攻擊  3.7% → 0.0%
  補刀      95.3% → 100.0%
  撤退/棄追 69.9 → 68.1｜0.22 → 0.23
  本場等級  8.51 → 9.33
  越塔      1.95 → 1.32 次（准 0.42 → 0.45）
  作戰持續  80.7% → 81.4%｜重返 73.1 → 72.0
  撤退門檻  0.2990 → 0.2946（實際採用值，含所有情境修正）

### 操作速度（apm・操作）
  勝率      36.2% → 50.0% → 50.9%   Δ(90−40) 14.7pp
  時長/收束 23.1 → 23.5 分｜96.7% → 95.0%
  K/D/A     12.3/13.9/7.0 → 13.9/13.5/7.4
  Gank      24.0 → 27.1（成功率 1.7% → 1.8%）
  遊走/入侵 2.7 → 3.0｜0.08 → 0.08
  遊走段落  2.7 → 3.0（接戰 24.2% → 27.4%｜換到人頭 16.1% → 13.4%）
  空手遊走  2.3 → 2.6｜參團 21.1 → 22.4
  遊走決策  婉拒 5.1 → 5.2（65.7% → 63.5%）｜取消 1.6 → 1.7｜改道 0.5 → 0.9
  遊走路別  上 1.4 → 1.1｜中 1.3 → 1.8｜下 0.0 → 0.0
  團戰段落  21.1 → 22.4（淨交換勝 12.4% → 13.0%）｜同時進場 3.80 → 3.83 人／均 0.86 → 0.90
  同步進場  單獨 1.77 → 1.57（12.4% → 10.4%）｜到場已就位 1.24 → 1.37 人｜抵達離散 1.18 → 1.51 秒
  投入決策  commit 6.8 → 7.0｜hold 0.2 → 0.0｜decline 0.0 → 0.0（0.2% → 0.0%）
  投入品質  不利投入 40.1% → 26.2%｜交換比 0.888 → 1.030
  （參考）  待命 0.2 → 0.0 tick｜對齊放行 0.00 → 0.00｜逾時放行 0.00 → 0.00
  參團擲骰  9.2 → 9.6（命中 62.2% → 55.5%｜擲骰時落後 6.0% → 5.4%）
  目標生成  8.25 → 8.13｜集結 2.97 → 3.35（36.0% → 41.2%）｜到場 7.5 → 7.5
  集結延遲  57.3 → 68.7 秒｜坑內人數 均 0.35 → 0.36／峰 2.18 → 2.33
  目標擊殺  3.15 → 3.65（38.2% → 44.9%）｜集結擲骰 177.8 → 191.4（命中 65.0% → 64.5%）
  推塔/分推 29.3 → 31.3｜0.0 → 0.0
  集火      0.0 → 0.0
  技能放空  0.0% → 0.0%
  無效攻擊  0.0% → 0.0%
  補刀      97.1% → 100.0%
  撤退/棄追 70.6 → 70.8｜0.23 → 0.20
  本場等級  8.94 → 9.46
  越塔      2.10 → 2.08 次（准 0.78 → 0.80）
  作戰持續  81.1% → 81.3%｜重返 73.6 → 74.6
  撤退門檻  0.2979 → 0.2956（實際採用值，含所有情境修正）
# 敏感度矩陣｜情境 standard｜30 seeds × 鏡像對跑 = 每格 60 場
# 對手固定全 70；受測方藍紅各跑一次再平均（抵銷陣營偏斜）

## 中性基準（全 70）
勝率 50.0%｜收束 93.3%｜時長 23.5 分｜K/D/A 12.9/12.9/7.2
Gank 25.9（成功率 2.2%）｜遊走 2.5｜入侵 0.08｜推塔 29.6｜分推 0.0
集火 0.0｜技能放空 0.0%｜無效攻擊 0.0%｜補刀 100.0%
撤退 71.2｜放棄追擊 0.33｜本場等級 9.35｜越塔 1.33 次（准 0.40）

## 逐項：40 / 90 相對中性的變化
（續跑：已完成 reflex/accuracy/apm，跳過）

### 走位（positioning・操作）
  勝率      35.6% → 50.0% → 42.4%   Δ(90−40) 6.8pp
  時長/收束 23.3 → 23.0 分｜98.3% → 98.3%
  K/D/A     12.9/14.7/6.8 → 11.5/12.0/6.7
  Gank      25.9 → 25.5（成功率 1.6% → 1.4%）
  遊走/入侵 3.1 → 2.9｜0.08 → 0.08
  遊走段落  3.1 → 2.9（接戰 26.5% → 34.3%｜換到人頭 15.9% → 9.9%）
  空手遊走  2.6 → 2.6｜參團 21.8 → 21.3
  遊走決策  婉拒 5.2 → 5.6（62.0% → 66.0%）｜取消 1.9 → 1.7｜改道 0.7 → 0.7
  遊走路別  上 1.7 → 1.4｜中 1.4 → 1.4｜下 0.0 → 0.0
  團戰段落  21.8 → 21.3（淨交換勝 10.4% → 11.0%）｜同時進場 3.80 → 3.84 人／均 0.87 → 0.88
  同步進場  單獨 1.50 → 1.57（11.4% → 11.0%）｜到場已就位 1.19 → 1.25 人｜抵達離散 1.32 → 1.26 秒
  投入決策  commit 5.7 → 6.5｜hold 0.1 → 0.1｜decline 0.0 → 0.0（0.0% → 0.0%）
  投入品質  不利投入 28.9% → 35.9%｜交換比 0.877 → 0.964
  （參考）  待命 0.1 → 0.1 tick｜對齊放行 0.00 → 0.00｜逾時放行 0.00 → 0.00
  參團擲骰  9.3 → 9.5（命中 55.8% → 55.8%｜擲骰時落後 7.9% → 8.8%）
  目標生成  8.23 → 8.25｜集結 3.27 → 3.27（39.7% → 39.6%）｜到場 7.3 → 7.4
  集結延遲  59.1 → 61.3 秒｜坑內人數 均 0.36 → 0.35／峰 2.30 → 2.20
  目標擊殺  3.63 → 3.00（44.1% → 36.4%）｜集結擲骰 180.6 → 181.3（命中 64.7% → 65.0%）
  推塔/分推 32.1 → 28.5｜0.0 → 0.0
  集火      0.0 → 0.0
  技能放空  0.0% → 0.0%
  無效攻擊  1.6% → 0.0%
  補刀      100.0% → 100.0%
  撤退/棄追 65.4 → 74.3｜0.42 → 0.23
  本場等級  9.34 → 8.92
  越塔      2.23 → 1.45 次（准 0.78 → 0.48）
  作戰持續  81.4% → 80.6%｜重返 73.5 → 74.8
  撤退門檻  0.2582 → 0.3235（實際採用值，含所有情境修正）

### 視野意識（mapAware・戰術）
  勝率      58.9% → 50.0% → 54.2%   Δ(90−40) -4.7pp
  時長/收束 23.1 → 22.5 分｜93.3% → 98.3%
  K/D/A     12.5/13.8/6.3 → 11.5/11.9/6.6
  Gank      23.4 → 26.8（成功率 1.1% → 1.9%）
  遊走/入侵 1.9 → 3.6｜0.03 → 0.10
  遊走段落  1.9 → 3.6（接戰 26.1% → 27.6%｜換到人頭 9.0% → 12.1%）
  空手遊走  1.7 → 3.1｜參團 21.7 → 21.4
  遊走決策  婉拒 3.1 → 6.0（62.9% → 62.6%）｜取消 1.1 → 2.0｜改道 0.6 → 0.8
  遊走路別  上 0.9 → 1.5｜中 1.0 → 2.1｜下 0.0 → 0.0
  團戰段落  21.7 → 21.4（淨交換勝 10.8% → 11.9%）｜同時進場 3.72 → 3.90 人／均 0.86 → 0.90
  同步進場  單獨 1.83 → 2.25（13.2% → 14.6%）｜到場已就位 1.12 → 1.22 人｜抵達離散 1.32 → 1.32 秒
  投入決策  commit 6.0 → 7.6｜hold 0.1 → 0.1｜decline 0.0 → 0.0（0.0% → 0.4%）
  投入品質  不利投入 39.9% → 31.2%｜交換比 0.907 → 0.965
  （參考）  待命 0.1 → 0.1 tick｜對齊放行 0.00 → 0.00｜逾時放行 0.00 → 0.00
  參團擲骰  10.5 → 10.3（命中 61.0% → 57.8%｜擲骰時落後 4.3% → 7.6%）
  目標生成  7.77 → 8.08｜集結 2.67 → 3.58（34.3% → 44.3%）｜到場 7.0 → 7.3
  集結延遲  75.9 → 62.0 秒｜坑內人數 均 0.33 → 0.41／峰 2.17 → 2.36
  目標擊殺  3.13 → 3.88（40.3% → 48.0%）｜集結擲骰 181.1 → 176.8（命中 60.4% → 68.4%）
  推塔/分推 30.3 → 28.8｜0.0 → 0.0
  集火      0.0 → 2.7
  技能放空  0.0% → 0.0%
  無效攻擊  0.0% → 0.0%
  補刀      100.0% → 100.0%
  撤退/棄追 66.3 → 65.9｜0.28 → 0.47
  本場等級  9.07 → 9.26
  越塔      1.60 → 2.53 次（准 0.48 → 0.92）
  作戰持續  81.6% → 81.6%｜重返 71.3 → 69.8
  撤退門檻  0.2956 → 0.2946（實際採用值，含所有情境修正）

### 戰術理解（tacticalIQ・戰術）
  勝率      46.6% → 50.0% → 67.2%   Δ(90−40) 20.7pp
  時長/收束 23.0 → 23.0 分｜96.7% → 96.7%
  K/D/A     11.3/12.3/5.8 → 13.0/12.4/8.6
  Gank      25.3 → 25.5（成功率 1.4% → 1.8%）
  遊走/入侵 3.0 → 2.8｜0.08 → 0.08
  遊走段落  3.0 → 2.8（接戰 30.4% → 23.6%｜換到人頭 11.6% → 17.0%）
  空手遊走  2.7 → 2.3｜參團 21.4 → 23.2
  遊走決策  婉拒 5.4 → 5.4（64.2% → 66.2%）｜取消 1.6 → 1.6｜改道 0.8 → 0.7
  遊走路別  上 1.4 → 1.5｜中 1.6 → 1.3｜下 0.0 → 0.0
  團戰段落  21.4 → 23.2（淨交換勝 10.0% → 12.1%）｜同時進場 3.79 → 3.87 人／均 0.88 → 0.94
  同步進場  單獨 1.83 → 2.33（13.6% → 15.4%）｜到場已就位 1.12 → 1.18 人｜抵達離散 1.22 → 1.22 秒
  投入決策  commit 6.0 → 6.8｜hold 0.1 → 0.1｜decline 0.0 → 0.0（0.0% → 0.5%）
  投入品質  不利投入 28.3% → 35.8%｜交換比 0.921 → 1.046
  （參考）  待命 0.1 → 0.1 tick｜對齊放行 0.00 → 0.00｜逾時放行 0.00 → 0.00
  參團擲骰  9.3 → 10.5（命中 55.5% → 59.3%｜擲骰時落後 7.4% → 6.5%）
  目標生成  7.90 → 8.10｜集結 2.55 → 3.75（32.3% → 46.3%）｜到場 7.1 → 7.3
  集結延遲  72.3 → 60.6 秒｜坑內人數 均 0.33 → 0.41／峰 2.14 → 2.40
  目標擊殺  3.08 → 3.97（39.0% → 49.0%）｜集結擲骰 187.2 → 187.1（命中 60.2% → 67.9%）
  推塔/分推 30.0 → 28.4｜0.0 → 0.0
  集火      0.0 → 0.0
  技能放空  4.2% → 0.0%
  無效攻擊  0.0% → 0.0%
  補刀      100.0% → 100.0%
  撤退/棄追 69.5 → 67.9｜0.27 → 0.20
  本場等級  8.95 → 9.50
  越塔      1.22 → 1.87 次（准 0.37 → 0.43）
  作戰持續  80.7% → 81.7%｜重返 73.6 → 72.0
  撤退門檻  0.2958 → 0.2939（實際採用值，含所有情境修正）

### 決策力（decision・戰術）
  勝率      60.0% → 50.0% → 45.0%   Δ(90−40) -15.0pp
  時長/收束 22.4 → 23.1 分｜100.0% → 100.0%
  K/D/A     12.1/13.8/6.4 → 12.5/12.3/6.4
  Gank      23.7 → 26.4（成功率 1.6% → 1.8%）
  遊走/入侵 2.7 → 2.5｜0.08 → 0.08
  遊走段落  2.7 → 2.5（接戰 33.7% → 28.4%｜換到人頭 11.7% → 14.9%）
  空手遊走  2.4 → 2.1｜參團 21.3 → 21.6
  遊走決策  婉拒 5.2 → 5.5（65.7% → 69.2%）｜取消 1.6 → 1.4｜改道 0.6 → 0.6
  遊走路別  上 1.4 → 1.0｜中 1.4 → 1.4｜下 0.0 → 0.0
  團戰段落  21.3 → 21.6（淨交換勝 10.1% → 12.1%）｜同時進場 3.81 → 3.84 人／均 0.89 → 0.89
  同步進場  單獨 1.47 → 1.95（8.9% → 12.5%）｜到場已就位 1.31 → 1.18 人｜抵達離散 1.41 → 1.55 秒
  投入決策  commit 7.5 → 7.8｜hold 0.1 → 0.1｜decline 0.0 → 0.0（0.0% → 0.2%）
  投入品質  不利投入 29.3% → 30.4%｜交換比 0.876 → 1.015
  （參考）  待命 0.1 → 0.1 tick｜對齊放行 0.00 → 0.00｜逾時放行 0.00 → 0.00
  參團擲骰  10.7 → 10.0（命中 59.5% → 57.2%｜擲骰時落後 8.8% → 9.2%）
  目標生成  8.12 → 8.20｜集結 3.53 → 3.25（43.5% → 39.6%）｜到場 7.5 → 7.4
  集結延遲  60.7 → 63.0 秒｜坑內人數 均 0.41 → 0.36／峰 2.41 → 2.27
  目標擊殺  3.83 → 3.35（47.2% → 40.9%）｜集結擲骰 175.4 → 182.4（命中 65.3% → 65.7%）
  推塔/分推 32.4 → 28.9｜0.0 → 0.0
  集火      0.0 → 2.6
  技能放空  3.3% → 0.0%
  無效攻擊  0.0% → 0.0%
  補刀      100.0% → 100.0%
  撤退/棄追 53.6 → 73.8｜0.13 → 0.40
  本場等級  9.35 → 9.15
  越塔      1.87 → 2.02 次（准 0.43 → 0.63）
  作戰持續  82.9% → 80.8%｜重返 64.8 → 75.8
  撤退門檻  0.2663 → 0.3168（實際採用值，含所有情境修正）

### 應變力（adaptability・戰術）
  勝率      51.7% → 50.0% → 47.3%   Δ(90−40) -4.5pp
  時長/收束 23.2 → 23.4 分｜96.7% → 91.7%
  K/D/A     12.8/14.3/6.7 → 13.1/12.6/8.1
  Gank      25.8 → 25.8（成功率 1.5% → 1.6%）
  遊走/入侵 3.2 → 3.1｜0.08 → 0.08
  遊走段落  3.2 → 3.1（接戰 21.1% → 25.1%｜換到人頭 14.7% → 12.8%）
  空手遊走  2.7 → 2.7｜參團 23.2 → 22.9
  遊走決策  婉拒 5.2 → 5.4（62.2% → 63.3%）｜取消 1.9 → 1.8｜改道 0.7 → 0.8
  遊走路別  上 1.6 → 1.4｜中 1.6 → 1.7｜下 0.0 → 0.0
  團戰段落  23.2 → 22.9（淨交換勝 11.6% → 12.1%）｜同時進場 3.78 → 3.83 人／均 0.89 → 0.91
  同步進場  單獨 1.78 → 2.17（11.5% → 14.5%）｜到場已就位 1.23 → 1.20 人｜抵達離散 1.33 → 1.19 秒
  投入決策  commit 7.1 → 6.8｜hold 0.0 → 0.1｜decline 0.0 → 0.0（0.0% → 0.0%）
  投入品質  不利投入 31.3% → 27.9%｜交換比 0.891 → 1.044
  （參考）  待命 0.0 → 0.1 tick｜對齊放行 0.00 → 0.00｜逾時放行 0.00 → 0.00
  參團擲骰  10.3 → 10.3（命中 58.8% → 59.5%｜擲骰時落後 8.4% → 5.3%）
  目標生成  8.22 → 8.22｜集結 3.23 → 3.42（39.4% → 41.6%）｜到場 7.5 → 7.4
  集結延遲  61.4 → 57.5 秒｜坑內人數 均 0.36 → 0.38／峰 2.32 → 2.34
  目標擊殺  3.55 → 3.85（43.2% → 46.9%）｜集結擲骰 183.1 → 187.5（命中 64.9% → 64.9%）
  推塔/分推 31.1 → 29.6｜0.0 → 0.0
  集火      0.0 → 1.8
  技能放空  0.0% → 0.0%
  無效攻擊  0.0% → 0.0%
  補刀      100.0% → 100.0%
  撤退/棄追 64.9 → 71.1｜0.32 → 0.33
  本場等級  9.22 → 9.44
  越塔      1.60 → 1.03 次（准 0.52 → 0.38）
  作戰持續  81.9% → 81.4%｜重返 70.8 → 74.8
  撤退門檻  0.2963 → 0.2951（實際採用值，含所有情境修正）

### 勇氣（courage・心理）
  勝率      36.2% → 50.0% → 53.4%   Δ(90−40) 17.2pp
  時長/收束 23.6 → 23.5 分｜96.7% → 96.7%
  K/D/A     11.8/12.4/7.1 → 13.4/14.7/7.6
  Gank      26.2 → 26.0（成功率 1.5% → 1.7%）
  遊走/入侵 3.1 → 3.2｜0.02 → 0.10
  遊走段落  3.1 → 3.2（接戰 28.0% → 27.1%｜換到人頭 14.3% → 14.6%）
  空手遊走  2.7 → 2.7｜參團 22.9 → 22.9
  遊走決策  婉拒 5.3 → 5.1（62.6% → 61.5%）｜取消 1.7 → 1.8｜改道 0.8 → 0.9
  遊走路別  上 1.5 → 1.6｜中 1.7 → 1.6｜下 0.0 → 0.0
  團戰段落  22.9 → 22.9（淨交換勝 11.7% → 12.5%）｜同時進場 3.84 → 3.82 人／均 0.89 → 0.90
  同步進場  單獨 2.47 → 1.92（18.0% → 12.7%）｜到場已就位 1.17 → 1.20 人｜抵達離散 1.48 → 1.33 秒
  投入決策  commit 7.7 → 6.4｜hold 0.2 → 0.2｜decline 0.0 → 0.0（0.2% → 0.5%）
  投入品質  不利投入 29.2% → 33.7%｜交換比 0.954 → 0.914
  （參考）  待命 0.2 → 0.2 tick｜對齊放行 0.00 → 0.00｜逾時放行 0.00 → 0.00
  參團擲骰  9.3 → 9.4（命中 51.8% → 62.3%｜擲骰時落後 9.8% → 6.9%）
  目標生成  7.97 → 8.38｜集結 3.23 → 3.40（40.6% → 40.6%）｜到場 7.3 → 7.5
  集結延遲  68.4 → 70.2 秒｜坑內人數 均 0.35 → 0.37／峰 2.33 → 2.30
  目標擊殺  3.40 → 3.67（42.7% → 43.7%）｜集結擲骰 188.3 → 186.9（命中 65.4% → 65.6%）
  推塔/分推 28.2 → 31.5｜0.0 → 0.0
  集火      0.0 → 0.0
  技能放空  0.0% → 0.0%
  無效攻擊  0.0% → 0.0%
  補刀      100.0% → 100.0%
  撤退/棄追 80.0 → 65.7｜0.25 → 0.40
  本場等級  9.12 → 9.43
  越塔      1.90 → 2.37 次（准 0.58 → 0.77）
  作戰持續  80.5% → 81.6%｜重返 79.3 → 73.0
  撤退門檻  0.3471 → 0.2636（實際採用值，含所有情境修正）

### 抗壓（clutch・心理）
  勝率      43.1% → 50.0% → 44.8%   Δ(90−40) 1.7pp
  時長/收束 22.8 → 23.1 分｜96.7% → 96.7%
  K/D/A     11.8/11.2/6.8 → 12.4/14.1/7.3
  Gank      25.3 → 25.8（成功率 1.4% → 1.4%）
  遊走/入侵 2.6 → 3.0｜0.08 → 0.08
  遊走段落  2.6 → 3.0（接戰 25.8% → 21.8%｜換到人頭 7.1% → 12.3%）
  空手遊走  2.4 → 2.6｜參團 21.7 → 22.9
  遊走決策  婉拒 5.7 → 5.5（68.8% → 64.9%）｜取消 1.5 → 1.8｜改道 0.7 → 0.8
  遊走路別  上 1.2 → 1.3｜中 1.4 → 1.6｜下 0.0 → 0.0
  團戰段落  21.7 → 22.9（淨交換勝 11.5% → 10.4%）｜同時進場 3.84 → 3.79 人／均 0.90 → 0.89
  同步進場  單獨 1.95 → 1.53（13.0% → 10.5%）｜到場已就位 1.20 → 1.26 人｜抵達離散 1.22 → 1.19 秒
  投入決策  commit 6.7 → 6.9｜hold 0.1 → 0.2｜decline 0.0 → 0.1（0.0% → 0.9%）
  投入品質  不利投入 28.2% → 48.9%｜交換比 1.053 → 0.883
  （參考）  待命 0.1 → 0.2 tick｜對齊放行 0.00 → 0.00｜逾時放行 0.00 → 0.00
  參團擲骰  9.5 → 10.2（命中 61.9% → 56.6%｜擲骰時落後 7.7% → 9.0%）
  目標生成  8.00 → 8.13｜集結 3.13 → 3.37（39.2% → 41.4%）｜到場 7.2 → 7.4
  集結延遲  71.0 → 59.9 秒｜坑內人數 均 0.36 → 0.37／峰 2.30 → 2.29
  目標擊殺  3.30 → 3.38（41.3% → 41.6%）｜集結擲骰 180.9 → 182.9（命中 64.9% → 65.1%）
  推塔/分推 27.4 → 32.0｜0.0 → 0.0
  集火      0.0 → 0.0
  技能放空  2.2% → 0.0%
  無效攻擊  0.0% → 0.0%
  補刀      100.0% → 100.0%
  撤退/棄追 75.3 → 66.4｜0.23 → 0.33
  本場等級  8.95 → 9.09
  越塔      1.57 → 1.65 次（准 0.62 → 0.47）
  作戰持續  80.6% → 81.3%｜重返 75.7 → 72.2
  撤退門檻  0.3360 → 0.2710（實際採用值，含所有情境修正）

### 專注力（focus・心理）
  勝率      43.3% → 50.0% → 53.3%   Δ(90−40) 10.0pp
  時長/收束 22.6 → 22.5 分｜100.0% → 100.0%
  K/D/A     11.9/12.7/6.6 → 10.9/12.2/6.2
  Gank      25.0 → 25.0（成功率 1.2% → 1.5%）
  遊走/入侵 2.5 → 2.8｜0.08 → 0.08
  遊走段落  2.5 → 2.8（接戰 28.1% → 26.6%｜換到人頭 11.8% → 10.7%）
  空手遊走  2.3 → 2.5｜參團 21.2 → 21.3
  遊走決策  婉拒 5.0 → 5.0（66.0% → 64.1%）｜取消 1.3 → 1.6｜改道 0.7 → 0.8
  遊走路別  上 1.1 → 1.4｜中 1.5 → 1.4｜下 0.0 → 0.0
  團戰段落  21.2 → 21.3（淨交換勝 10.6% → 10.3%）｜同時進場 3.78 → 3.82 人／均 0.86 → 0.88
  同步進場  單獨 2.52 → 2.20（18.0% → 14.6%）｜到場已就位 1.07 → 1.17 人｜抵達離散 1.29 → 1.23 秒
  投入決策  commit 6.2 → 6.5｜hold 0.2 → 0.2｜decline 0.0 → 0.0（0.0% → 0.3%）
  投入品質  不利投入 41.1% → 30.2%｜交換比 0.936 → 0.895
  （參考）  待命 0.2 → 0.2 tick｜對齊放行 0.00 → 0.00｜逾時放行 0.00 → 0.00
  參團擲骰  9.8 → 9.8（命中 57.7% → 56.9%｜擲骰時落後 7.3% → 10.6%）
  目標生成  7.95 → 7.97｜集結 2.92 → 3.13（36.7% → 39.3%）｜到場 7.2 → 7.1
  集結延遲  70.8 → 57.5 秒｜坑內人數 均 0.34 → 0.36／峰 2.26 → 2.28
  目標擊殺  2.95 → 3.28（37.1% → 41.2%）｜集結擲骰 179.2 → 172.9（命中 60.8% → 67.0%）
  推塔/分推 31.7 → 29.8｜0.0 → 0.0
  集火      0.0 → 0.0
  技能放空  0.0% → 0.0%
  無效攻擊  0.0% → 0.0%
  補刀      98.1% → 100.0%
  撤退/棄追 66.0 → 70.0｜0.43 → 0.45
  本場等級  8.87 → 9.03
  越塔      1.63 → 1.48 次（准 0.65 → 0.43）
  作戰持續  81.2% → 81.1%｜重返 71.3 → 72.2
  撤退門檻  0.2767 → 0.3098（實際採用值，含所有情境修正）

### 韌性（resilience・心理）
  勝率      55.9% → 50.0% → 59.6%   Δ(90−40) 3.7pp
  時長/收束 23.1 → 23.7 分｜98.3% → 95.0%
  K/D/A     12.7/11.6/7.1 → 13.5/13.5/8.0
  Gank      25.8 → 26.2（成功率 1.7% → 1.8%）
  遊走/入侵 2.7 → 2.9｜0.08 → 0.08
  遊走段落  2.7 → 2.9（接戰 27.4% → 25.6%｜換到人頭 12.2% → 11.4%）
  空手遊走  2.4 → 2.6｜參團 22.8 → 23.2
  遊走決策  婉拒 5.2 → 5.6（65.3% → 65.5%）｜取消 1.4 → 1.6｜改道 0.9 → 0.6
  遊走路別  上 1.3 → 1.4｜中 1.5 → 1.5｜下 0.0 → 0.0
  團戰段落  22.8 → 23.2（淨交換勝 11.7% → 11.8%）｜同時進場 3.82 → 3.79 人／均 0.89 → 0.89
  同步進場  單獨 1.93 → 1.72（13.0% → 11.4%）｜到場已就位 1.22 → 1.25 人｜抵達離散 1.35 → 1.18 秒
  投入決策  commit 6.9 → 6.6｜hold 0.0 → 0.1｜decline 0.0 → 0.0（0.5% → 0.5%）
  投入品質  不利投入 31.6% → 29.6%｜交換比 1.098 → 1.000
  （參考）  待命 0.0 → 0.1 tick｜對齊放行 0.00 → 0.00｜逾時放行 0.00 → 0.00
  參團擲骰  10.0 → 10.2（命中 57.5% → 57.9%｜擲骰時落後 5.7% → 8.0%）
  目標生成  8.18 → 8.47｜集結 3.28 → 3.55（40.1% → 41.9%）｜到場 7.3 → 7.6
  集結延遲  59.9 → 61.2 秒｜坑內人數 均 0.37 → 0.38／峰 2.30 → 2.34
  目標擊殺  3.75 → 4.03（45.8% → 47.6%）｜集結擲骰 181.6 → 185.1（命中 64.9% → 65.6%）
  推塔/分推 29.7 → 30.8｜0.0 → 0.0
  集火      0.0 → 0.0
  技能放空  0.0% → 0.0%
  無效攻擊  0.0% → 0.0%
  補刀      100.0% → 100.0%
  撤退/棄追 71.5 → 69.1｜0.50 → 0.37
  本場等級  9.36 → 9.56
  越塔      1.50 → 1.52 次（准 0.68 → 0.50）
  作戰持續  81.1% → 81.7%｜重返 73.3 → 74.2
  撤退門檻  0.3132 → 0.2823（實際採用值，含所有情境修正）


## 摘要：|Δ| 由大到小（勝率 pp／等級／關鍵行為）
素質        分類  Δ勝率   Δ等級  ΔGank  Δ遊走  Δ集火  Δ技能  Δ空揮  Δ補刀  Δ撤退
戰術理解       戰術    20.7pp    0.55    0.2   -0.3    0.0   4.2pp   0.0pp   0.0pp   -1.6
勇氣         心理    17.2pp    0.30   -0.2    0.1    0.0   0.0pp   0.0pp   0.0pp  -14.2
決策力        戰術   -15.0pp   -0.20    2.7   -0.3    2.6   3.3pp   0.0pp   0.0pp   20.2
專注力        心理    10.0pp    0.16    0.0    0.3    0.0   0.0pp   0.0pp   1.9pp    4.1
走位         操作     6.8pp   -0.42   -0.4   -0.3    0.0   0.0pp   1.6pp   0.0pp    8.9
視野意識       戰術    -4.7pp    0.19    3.4    1.7    2.7   0.0pp   0.0pp   0.0pp   -0.4
應變力        戰術    -4.5pp    0.22   -0.0   -0.0    1.8   0.0pp   0.0pp   0.0pp    6.2
韌性         心理     3.7pp    0.20    0.4    0.2    0.0   0.0pp   0.0pp   0.0pp   -2.3
抗壓         心理     1.7pp    0.14    0.4    0.4    0.0   2.2pp   0.0pp   0.0pp   -8.9

（Δ = 90 分減 40 分。Δ技能／Δ空揮為「失誤率下降幅度」，正值代表高素質失誤較少。）
