# 敏感度矩陣｜情境 objective｜60 seeds × 鏡像對跑 = 每格 120 場
# 對手固定全 70；受測方藍紅各跑一次再平均（抵銷陣營偏斜）

## 中性基準（全 70）
勝率 50.0%｜收束 98.3%｜時長 22.2 分｜K/D/A 12.1/12.1/9.5
Gank 24.7（成功率 1.8%）｜遊走 0.0｜入侵 0.00｜推塔 25.5｜分推 0.0
集火 0.0｜技能放空 0.0%｜無效攻擊 0.0%｜補刀 100.0%
撤退 67.2｜放棄追擊 0.33｜本場等級 9.15｜越塔 2.13 次（准 0.70）

## 逐項：40 / 90 相對中性的變化

### 領導力（leadership・團隊）
  勝率      42.7% → 50.0% → 51.7%   Δ(90−40) 9.0pp
  時長/收束 22.8 → 22.5 分｜97.5% → 98.3%
  K/D/A     12.4/13.0/8.3 → 12.3/12.4/9.4
  Gank      25.2 → 25.0（成功率 1.4% → 1.7%）
  遊走/入侵 0.0 → 0.0｜0.00 → 0.00
  遊走段落  0.0 → 0.0（接戰 — → —｜換到人頭 — → —）
  空手遊走  0.0 → 0.0｜參團 20.6 → 20.3
  遊走決策  婉拒 0.0 → 0.0（— → —）｜取消 0.0 → 0.0｜改道 0.0 → 0.0
  遊走路別  上 0.0 → 0.0｜中 0.0 → 0.0｜下 0.0 → 0.0
  團戰段落  20.6 → 20.3（淨交換勝 12.9% → 14.6%）｜同時進場 4.02 → 4.13 人／均 1.00 → 1.02
  同步進場  單獨 2.05 → 1.84（12.4% → 10.8%）｜到場已就位 1.29 → 1.37 人｜抵達離散 1.48 → 1.49 秒
  投入決策  commit 8.5 → 8.8｜hold 0.1 → 0.1｜decline 0.0 → 0.0（0.3% → 0.2%）
  投入品質  不利投入 36.5% → 27.9%｜交換比 0.956 → 0.989
  （參考）  待命 0.1 → 0.1 tick｜對齊放行 0.00 → 0.00｜逾時放行 0.00 → 0.00
  參團擲骰  11.3 → 11.1（命中 56.9% → 62.2%｜擲骰時落後 8.7% → 7.5%）
  目標生成  8.58 → 8.57｜集結 3.84 → 4.38（44.8% → 51.2%）｜到場 8.0 → 8.2
  集結延遲  51.6 → 47.2 秒｜坑內人數 均 0.43 → 0.50／峰 2.41 → 2.59
  目標擊殺  3.46 → 4.20（40.3% → 49.0%）｜集結擲骰 176.4 → 169.3（命中 80.4% → 87.4%）
  推塔/分推 26.0 → 25.6｜0.0 → 0.0
  集火      0.0 → 0.0
  技能放空  0.0% → 0.0%
  無效攻擊  0.0% → 0.0%
  補刀      100.0% → 100.0%
  撤退/棄追 71.4 → 67.9｜0.48 → 0.28
  本場等級  9.06 → 9.34
  越塔      1.93 → 2.17 次（准 0.63 → 0.57）
  作戰持續  80.5% → 81.1%｜重返 75.1 → 71.8
  撤退門檻  0.2990 → 0.2966（實際採用值，含所有情境修正）


## 摘要：|Δ| 由大到小（勝率 pp／等級／關鍵行為）
素質        分類  Δ勝率   Δ等級  ΔGank  Δ遊走  Δ集火  Δ技能  Δ空揮  Δ補刀  Δ撤退
領導力        團隊     9.0pp    0.28   -0.2    0.0    0.0   0.0pp   0.0pp   0.0pp   -3.5

（Δ = 90 分減 40 分。Δ技能／Δ空揮為「失誤率下降幅度」，正值代表高素質失誤較少。）
