# 敏感度矩陣｜情境 neutral｜30 seeds × 鏡像對跑 = 每格 60 場
# 對手固定全 70；受測方藍紅各跑一次再平均（抵銷陣營偏斜）

## 中性基準（全 70）
勝率 50.0%｜收束 96.7%｜時長 23.1 分｜K/D/A 12.0/12.0/5.8
Gank 25.5（成功率 1.4%）｜遊走 0.0｜入侵 0.00｜推塔 31.3｜分推 0.0
集火 0.0｜技能放空 0.0%｜無效攻擊 0.0%｜補刀 100.0%
撤退 69.3｜放棄追擊 0.27｜本場等級 9.16｜越塔 1.50 次（准 0.63）

## 逐項：40 / 90 相對中性的變化

### 勇氣（courage・心理）
  勝率      40.0% → 50.0% → 39.7%   Δ(90−40) -0.3pp
  時長/收束 23.1 → 23.2 分｜100.0% → 96.7%
  K/D/A     12.4/10.8/6.6 → 12.2/14.8/6.6
  Gank      25.7 → 25.7（成功率 1.4% → 0.6%）
  遊走/入侵 0.0 → 0.0｜0.00 → 0.03
  遊走段落  0.0 → 0.0（接戰 — → —｜換到人頭 — → —）
  空手遊走  0.0 → 0.0｜參團 21.8 → 21.4
  遊走決策  婉拒 0.0 → 0.0（— → —）｜取消 0.0 → 0.0｜改道 0.0 → 0.0
  遊走路別  上 0.0 → 0.0｜中 0.0 → 0.0｜下 0.0 → 0.0
  團戰段落  21.8 → 21.4（淨交換勝 12.0% → 10.5%）｜同時進場 3.78 → 3.75 人／均 0.86 → 0.85
  同步進場  單獨 1.93 → 2.10（13.8% → 14.9%）｜到場已就位 1.18 → 1.19 人｜抵達離散 1.32 → 1.17 秒
  投入決策  commit 6.8 → 6.4｜hold 0.1 → 0.0｜decline 0.0 → 0.0（0.2% → 0.3%）
  投入品質  不利投入 42.8% → 28.8%｜交換比 1.150 → 0.828
  （參考）  待命 0.1 → 0.0 tick｜對齊放行 0.00 → 0.00｜逾時放行 0.00 → 0.00
  參團擲骰  9.3 → 9.8（命中 54.4% → 57.1%｜擲骰時落後 7.0% → 8.6%）
  目標生成  7.55 → 7.95｜集結 3.05 → 2.82（40.4% → 35.4%）｜到場 6.8 → 7.1
  集結延遲  81.4 → 72.6 秒｜坑內人數 均 0.32 → 0.32／峰 2.32 → 2.25
  目標擊殺  3.33 → 3.15（44.2% → 39.6%）｜集結擲骰 174.8 → 175.2（命中 60.7% → 60.1%）
  推塔/分推 29.0 → 33.2｜0.0 → 0.0
  集火      0.0 → 0.0
  技能放空  0.0% → 0.0%
  無效攻擊  0.0% → 0.0%
  補刀      100.0% → 100.0%
  撤退/棄追 77.0 → 65.9｜0.30 → 0.45
  本場等級  9.11 → 9.17
  越塔      1.72 → 2.82 次（准 0.52 → 1.02）
  作戰持續  80.7% → 81.7%｜重返 76.3 → 72.1
  撤退門檻  0.3442 → 0.2651（實際採用值，含所有情境修正）

### 韌性（resilience・心理）
  勝率      40.0% → 50.0% → 50.8%   Δ(90−40) 10.8pp
  時長/收束 22.6 → 22.9 分｜100.0% → 98.3%
  K/D/A     11.5/10.6/5.7 → 12.2/12.4/5.8
  Gank      25.0 → 25.4（成功率 1.8% → 1.4%）
  遊走/入侵 0.0 → 0.0｜0.00 → 0.00
  遊走段落  0.0 → 0.0（接戰 — → —｜換到人頭 — → —）
  空手遊走  0.0 → 0.0｜參團 21.8 → 21.8
  遊走決策  婉拒 0.0 → 0.0（— → —）｜取消 0.0 → 0.0｜改道 0.0 → 0.0
  遊走路別  上 0.0 → 0.0｜中 0.0 → 0.0｜下 0.0 → 0.0
  團戰段落  21.8 → 21.8（淨交換勝 11.2% → 12.1%）｜同時進場 3.76 → 3.79 人／均 0.87 → 0.87
  同步進場  單獨 1.63 → 1.92（12.0% → 13.7%）｜到場已就位 1.23 → 1.20 人｜抵達離散 1.07 → 1.08 秒
  投入決策  commit 5.8 → 6.4｜hold 0.2 → 0.1｜decline 0.0 → 0.1（0.0% → 0.8%）
  投入品質  不利投入 37.6% → 30.9%｜交換比 1.090 → 0.983
  （參考）  待命 0.2 → 0.1 tick｜對齊放行 0.00 → 0.00｜逾時放行 0.00 → 0.00
  參團擲骰  8.8 → 9.3（命中 57.4% → 61.0%｜擲骰時落後 7.9% → 9.2%）
  目標生成  7.32 → 7.42｜集結 2.58 → 3.18（35.3% → 42.9%）｜到場 6.7 → 6.7
  集結延遲  69.2 → 80.6 秒｜坑內人數 均 0.31 → 0.32／峰 2.24 → 2.37
  目標擊殺  2.93 → 3.08（40.1% → 41.6%）｜集結擲骰 173.8 → 174.7（命中 60.0% → 60.1%）
  推塔/分推 31.0 → 31.8｜0.0 → 0.0
  集火      0.0 → 0.0
  技能放空  0.0% → 0.0%
  無效攻擊  0.0% → 0.0%
  補刀      100.0% → 100.0%
  撤退/棄追 70.7 → 67.6｜0.25 → 0.37
  本場等級  8.97 → 9.06
  越塔      1.60 → 1.88 次（准 0.43 → 0.75）
  作戰持續  80.8% → 81.5%｜重返 72.4 → 72.5
  撤退門檻  0.3159 → 0.2824（實際採用值，含所有情境修正）

### 溝通（comms・團隊）
  勝率      43.9% → 50.0% → 45.8%   Δ(90−40) 1.9pp
  時長/收束 23.7 → 22.6 分｜95.0% → 98.3%
  K/D/A     12.2/14.2/6.4 → 11.6/12.0/6.2
  Gank      26.3 → 25.0（成功率 1.1% → 1.4%）
  遊走/入侵 0.0 → 0.0｜0.00 → 0.00
  遊走段落  0.0 → 0.0（接戰 — → —｜換到人頭 — → —）
  空手遊走  0.0 → 0.0｜參團 21.6 → 20.8
  遊走決策  婉拒 0.0 → 0.0（— → —）｜取消 0.0 → 0.0｜改道 0.0 → 0.0
  遊走路別  上 0.0 → 0.0｜中 0.0 → 0.0｜下 0.0 → 0.0
  團戰段落  21.6 → 20.8（淨交換勝 10.6% → 11.0%）｜同時進場 3.69 → 3.79 人／均 0.82 → 0.85
  同步進場  單獨 1.82 → 1.93（13.5% → 11.8%）｜到場已就位 1.19 → 1.19 人｜抵達離散 1.05 → 1.52 秒
  投入決策  commit 6.0 → 7.7｜hold 0.1 → 0.1｜decline 0.0 → 0.0（0.0% → 0.0%）
  投入品質  不利投入 35.6% → 37.9%｜交換比 0.864 → 0.964
  （參考）  待命 0.1 → 0.1 tick｜對齊放行 0.00 → 0.00｜逾時放行 0.00 → 0.00
  參團擲骰  9.3 → 10.1（命中 54.1% → 61.0%｜擲骰時落後 9.2% → 6.8%）
  目標生成  7.73 → 7.50｜集結 2.47 → 2.82（31.9% → 37.6%）｜到場 6.8 → 6.6
  集結延遲  67.0 → 76.7 秒｜坑內人數 均 0.28 → 0.32／峰 2.13 → 2.28
  目標擊殺  2.87 → 2.93（37.1% → 39.1%）｜集結擲骰 179.4 → 167.4（命中 56.9% → 62.1%）
  推塔/分推 32.8 → 31.1｜0.0 → 0.0
  集火      0.0 → 0.0
  技能放空  0.0% → 0.0%
  無效攻擊  0.0% → 0.0%
  補刀      100.0% → 100.0%
  撤退/棄追 73.9 → 67.7｜0.25 → 0.23
  本場等級  9.15 → 8.94
  越塔      1.93 → 1.85 次（准 0.70 → 0.62）
  作戰持續  80.8% → 81.4%｜重返 77.1 → 70.8
  撤退門檻  0.2986 → 0.2958（實際採用值，含所有情境修正）

### 領導力（leadership・團隊）
  勝率      39.7% → 50.0% → 52.5%   Δ(90−40) 12.9pp
  時長/收束 23.0 → 23.6 分｜96.7% → 98.3%
  K/D/A     11.9/13.0/6.1 → 13.1/13.1/6.5
  Gank      25.4 → 26.1（成功率 1.4% → 1.5%）
  遊走/入侵 0.0 → 0.0｜0.00 → 0.00
  遊走段落  0.0 → 0.0（接戰 — → —｜換到人頭 — → —）
  空手遊走  0.0 → 0.0｜參團 21.8 → 22.4
  遊走決策  婉拒 0.0 → 0.0（— → —）｜取消 0.0 → 0.0｜改道 0.0 → 0.0
  遊走路別  上 0.0 → 0.0｜中 0.0 → 0.0｜下 0.0 → 0.0
  團戰段落  21.8 → 22.4（淨交換勝 10.1% → 10.9%）｜同時進場 3.67 → 3.77 人／均 0.83 → 0.87
  同步進場  單獨 1.65 → 2.07（12.5% → 11.7%）｜到場已就位 1.25 → 1.20 人｜抵達離散 1.11 → 1.66 秒
  投入決策  commit 5.8 → 8.9｜hold 0.0 → 0.1｜decline 0.0 → 0.0（0.0% → 0.0%）
  投入品質  不利投入 35.2% → 35.6%｜交換比 0.915 → 1.003
  （參考）  待命 0.0 → 0.1 tick｜對齊放行 0.00 → 0.00｜逾時放行 0.00 → 0.00
  參團擲骰  8.8 → 10.7（命中 53.6% → 59.6%｜擲骰時落後 5.5% → 5.3%）
  目標生成  7.50 → 7.68｜集結 2.42 → 2.98（32.2% → 38.8%）｜到場 6.8 → 6.9
  集結延遲  72.4 → 75.6 秒｜坑內人數 均 0.30 → 0.32／峰 2.17 → 2.31
  目標擊殺  2.90 → 3.38（38.7% → 44.0%）｜集結擲骰 177.3 → 177.3（命中 55.7% → 62.5%）
  推塔/分推 32.8 → 30.8｜0.0 → 0.0
  集火      0.0 → 0.0
  技能放空  0.0% → 0.0%
  無效攻擊  0.0% → 0.0%
  補刀      100.0% → 100.0%
  撤退/棄追 70.6 → 71.6｜0.30 → 0.28
  本場等級  9.00 → 9.30
  越塔      1.80 → 1.80 次（准 0.70 → 0.55）
  作戰持續  80.8% → 81.2%｜重返 74.0 → 74.8
  撤退門檻  0.2967 → 0.2955（實際採用值，含所有情境修正）

### 配合度（synergy・團隊）
  勝率      50.0% → 50.0% → 48.3%   Δ(90−40) -1.7pp
  時長/收束 23.1 → 23.0 分｜96.7% → 96.7%
  K/D/A     12.0/12.0/5.8 → 12.1/12.5/5.7
  Gank      25.5 → 25.4（成功率 1.4% → 1.2%）
  遊走/入侵 0.0 → 0.0｜0.00 → 0.00
  遊走段落  0.0 → 0.0（接戰 — → —｜換到人頭 — → —）
  空手遊走  0.0 → 0.0｜參團 21.8 → 21.4
  遊走決策  婉拒 0.0 → 0.0（— → —）｜取消 0.0 → 0.0｜改道 0.0 → 0.0
  遊走路別  上 0.0 → 0.0｜中 0.0 → 0.0｜下 0.0 → 0.0
  團戰段落  21.8 → 21.4（淨交換勝 10.3% → 10.6%）｜同時進場 3.75 → 3.73 人／均 0.86 → 0.84
  同步進場  單獨 1.62 → 1.42（11.1% → 10.8%）｜到場已就位 1.23 → 1.24 人｜抵達離散 1.17 → 1.26 秒
  投入決策  commit 6.3 → 4.8｜hold 0.0 → 1.1｜decline 0.0 → 0.4（0.0% → 5.9%）
  投入品質  不利投入 36.6% → 16.0%｜交換比 1.000 → 0.967
  （參考）  待命 0.0 → 1.1 tick｜對齊放行 0.00 → 0.00｜逾時放行 0.00 → 0.00
  參團擲骰  9.2 → 9.1（命中 57.7% → 57.8%｜擲骰時落後 4.7% → 5.0%）
  目標生成  7.60 → 7.53｜集結 3.00 → 2.92（39.5% → 38.7%）｜到場 6.8 → 6.7
  集結延遲  80.1 → 78.7 秒｜坑內人數 均 0.32 → 0.31／峰 2.31 → 2.26
  目標擊殺  3.23 → 3.12（42.5% → 41.4%）｜集結擲骰 176.1 → 171.3（命中 60.3% → 60.2%）
  推塔/分推 31.3 → 31.7｜0.0 → 0.0
  集火      0.0 → 0.0
  技能放空  0.0% → 0.0%
  無效攻擊  0.0% → 0.0%
  補刀      100.0% → 100.0%
  撤退/棄追 69.3 → 69.1｜0.27 → 0.28
  本場等級  9.16 → 9.09
  越塔      1.50 → 1.62 次（准 0.63 → 0.62）
  作戰持續  81.1% → 81.2%｜重返 72.6 → 72.4
  撤退門檻  0.2945 → 0.2947（實際採用值，含所有情境修正）

### 學習力（learning・團隊）
  勝率      28.8% → 50.0% → 47.4%   Δ(90−40) 18.6pp
  時長/收束 22.5 → 23.4 分｜98.3% → 95.0%
  K/D/A     11.3/11.6/6.3 → 12.3/13.1/6.1
  Gank      24.8 → 25.9（成功率 1.5% → 1.2%）
  遊走/入侵 0.0 → 0.0｜0.00 → 0.00
  遊走段落  0.0 → 0.0（接戰 — → —｜換到人頭 — → —）
  空手遊走  0.0 → 0.0｜參團 22.1 → 22.6
  遊走決策  婉拒 0.0 → 0.0（— → —）｜取消 0.0 → 0.0｜改道 0.0 → 0.0
  遊走路別  上 0.0 → 0.0｜中 0.0 → 0.0｜下 0.0 → 0.0
  團戰段落  22.1 → 22.6（淨交換勝 8.3% → 12.4%）｜同時進場 3.77 → 3.76 人／均 0.88 → 0.87
  同步進場  單獨 1.85 → 2.03（12.9% → 13.7%）｜到場已就位 1.21 → 1.20 人｜抵達離散 1.24 → 1.18 秒
  投入決策  commit 5.9 → 6.5｜hold 0.1 → 0.2｜decline 0.0 → 0.0（0.0% → 0.0%）
  投入品質  不利投入 32.0% → 40.3%｜交換比 0.974 → 0.941
  （參考）  待命 0.1 → 0.2 tick｜對齊放行 0.00 → 0.00｜逾時放行 0.00 → 0.00
  參團擲骰  9.2 → 9.3（命中 59.3% → 56.5%｜擲骰時落後 4.3% → 11.2%）
  目標生成  7.40 → 7.83｜集結 2.90 → 3.08（39.2% → 39.4%）｜到場 6.8 → 6.8
  集結延遲  76.9 → 78.1 秒｜坑內人數 均 0.32 → 0.32／峰 2.30 → 2.26
  目標擊殺  3.23 → 3.32（43.7% → 42.3%）｜集結擲骰 173.1 → 179.2（命中 60.7% → 60.9%）
  推塔/分推 30.8 → 31.3｜0.0 → 0.0
  集火      0.0 → 0.0
  技能放空  0.0% → 0.0%
  無效攻擊  0.0% → 0.0%
  補刀      100.0% → 100.0%
  撤退/棄追 66.6 → 70.7｜0.43 → 0.27
  本場等級  9.00 → 9.25
  越塔      2.08 → 1.67 次（准 0.88 → 0.78）
  作戰持續  81.2% → 81.3%｜重返 71.0 → 73.8
  撤退門檻  0.2947 → 0.2961（實際採用值，含所有情境修正）


## 摘要：|Δ| 由大到小（勝率 pp／等級／關鍵行為）
素質        分類  Δ勝率   Δ等級  ΔGank  Δ遊走  Δ集火  Δ技能  Δ空揮  Δ補刀  Δ撤退
學習力        團隊    18.6pp    0.25    1.1    0.0    0.0   0.0pp   0.0pp   0.0pp    4.1
領導力        團隊    12.9pp    0.29    0.7    0.0    0.0   0.0pp   0.0pp   0.0pp    1.0
韌性         心理    10.8pp    0.09    0.4    0.0    0.0   0.0pp   0.0pp   0.0pp   -3.2
溝通         團隊     1.9pp   -0.21   -1.3    0.0    0.0   0.0pp   0.0pp   0.0pp   -6.2
配合度        團隊    -1.7pp   -0.06   -0.1    0.0    0.0   0.0pp   0.0pp   0.0pp   -0.2
勇氣         心理    -0.3pp    0.06   -0.0    0.0    0.0   0.0pp   0.0pp   0.0pp  -11.1

（Δ = 90 分減 40 分。Δ技能／Δ空揮為「失誤率下降幅度」，正值代表高素質失誤較少。）
