# 敏感度矩陣｜情境 roam｜60 seeds × 鏡像對跑 = 每格 120 場
# 對手固定全 70；受測方藍紅各跑一次再平均（抵銷陣營偏斜）

## 中性基準（全 70）
勝率 50.0%｜收束 100.0%｜時長 23.1 分｜K/D/A 12.3/12.3/6.3
Gank 25.6（成功率 1.5%）｜遊走 4.4｜入侵 0.00｜推塔 31.9｜分推 0.0
集火 0.0｜技能放空 0.0%｜無效攻擊 0.0%｜補刀 100.0%
撤退 69.6｜放棄追擊 0.31｜本場等級 9.22｜越塔 1.98 次（准 0.55）

## 逐項：40 / 90 相對中性的變化

### 溝通（comms・團隊）
  勝率      51.3% → 50.0% → 51.3%   Δ(90−40) -0.0pp
  時長/收束 23.4 → 22.8 分｜94.2% → 97.5%
  K/D/A     12.5/13.1/6.4 → 12.8/12.1/6.8
  Gank      26.0 → 25.4（成功率 1.7% → 1.5%）
  遊走/入侵 4.6 → 4.6｜0.00 → 0.00
  遊走段落  4.6 → 4.6（接戰 29.0% → 27.7%｜換到人頭 11.6% → 14.4%）
  空手遊走  4.1 → 3.9｜參團 21.5 → 21.5
  遊走決策  婉拒 8.7 → 8.4（65.5% → 64.9%）｜取消 2.7 → 2.6｜改道 1.1 → 1.1
  遊走路別  上 2.0 → 2.1｜中 2.6 → 2.5｜下 0.0 → 0.0
  團戰段落  21.5 → 21.5（淨交換勝 10.6% → 10.9%）｜同時進場 3.71 → 3.79 人／均 0.83 → 0.87
  同步進場  單獨 1.57 → 2.10（12.5% → 14.0%）｜到場已就位 1.19 → 1.20 人｜抵達離散 1.24 → 1.35 秒
  投入決策  commit 5.5 → 7.0｜hold 0.1 → 0.1｜decline 0.0 → 0.0（0.1% → 0.2%）
  投入品質  不利投入 31.1% → 36.7%｜交換比 0.950 → 1.055
  （參考）  待命 0.1 → 0.1 tick｜對齊放行 0.00 → 0.00｜逾時放行 0.00 → 0.00
  參團擲骰  8.8 → 9.8（命中 53.8% → 60.7%｜擲骰時落後 4.9% → 6.0%）
  目標生成  7.42 → 7.50｜集結 2.65 → 3.07（35.7% → 40.9%）｜到場 6.7 → 6.7
  集結延遲  76.3 → 77.5 秒｜坑內人數 均 0.28 → 0.33／峰 2.20 → 2.33
  目標擊殺  3.02 → 3.27（40.8% → 43.7%）｜集結擲骰 179.6 → 173.0（命中 56.8% → 61.8%）
  推塔/分推 32.2 → 31.2｜0.0 → 0.0
  集火      0.0 → 0.0
  技能放空  0.0% → 0.0%
  無效攻擊  0.0% → 0.0%
  補刀      100.0% → 100.0%
  撤退/棄追 70.8 → 67.7｜0.33 → 0.28
  本場等級  9.14 → 9.15
  越塔      1.83 → 1.52 次（准 0.74 → 0.57）
  作戰持續  81.1% → 81.3%｜重返 74.3 → 71.4
  撤退門檻  0.2951 → 0.2942（實際採用值，含所有情境修正）


## 摘要：|Δ| 由大到小（勝率 pp／等級／關鍵行為）
素質        分類  Δ勝率   Δ等級  ΔGank  Δ遊走  Δ集火  Δ技能  Δ空揮  Δ補刀  Δ撤退
溝通         團隊    -0.0pp    0.02   -0.6   -0.0    0.0   0.0pp   0.0pp   0.0pp   -3.2

（Δ = 90 分減 40 分。Δ技能／Δ空揮為「失誤率下降幅度」，正值代表高素質失誤較少。）
