# 敏感度矩陣｜情境 standard｜30 seeds × 鏡像對跑 = 每格 60 場
# 對手固定全 70；受測方藍紅各跑一次再平均（抵銷陣營偏斜）

## 中性基準（全 70）
勝率 50.0%｜收束 100.0%｜時長 23.0 分｜K/D/A 12.1/12.1/5.7
Gank 25.1（成功率 1.5%）｜遊走 2.5｜入侵 0.08｜推塔 29.9｜分推 0.0
集火 0.0｜技能放空 0.0%｜無效攻擊 0.0%｜補刀 100.0%
撤退 78.9｜放棄追擊 0.35｜本場等級 9.73｜越塔 5.63 次（准 2.03）

## 逐項：40 / 90 相對中性的變化

### 走位（positioning・操作）
  勝率      49.2% → 50.0% → 56.9%   Δ(90−40) 7.7pp
  時長/收束 23.2 → 23.2 分｜98.3% → 96.7%
  K/D/A     12.1/14.3/6.4 → 11.9/11.3/6.2
  Gank      25.5 → 25.3（成功率 1.1% → 1.4%）
  遊走/入侵 3.0 → 2.8｜0.08 → 0.08
  遊走段落  3.0 → 2.8（接戰 36.1% → 34.5%｜換到人頭 15.8% → 18.5%）
  空手遊走  2.6 → 2.3｜參團 20.4 → 21.4
  遊走決策  婉拒 4.9 → 5.1（61.8% → 64.4%）｜取消 1.4 → 1.4｜改道 1.1 → 1.0
  遊走路別  上 1.3 → 1.2｜中 1.7 → 1.6｜下 0.0 → 0.0
  團戰段落  20.4 → 21.4（淨交換勝 9.7% → 10.9%）｜同時進場 3.60 → 3.60 人／均 0.78 → 0.79
  同步進場  單獨 1.50 → 1.90（11.6% → 15.3%）｜到場已就位 1.26 → 1.12 人｜抵達離散 1.20 → 1.11 秒
  投入決策  commit 5.7 → 4.7｜hold 0.0 → 0.1｜decline 0.1 → 0.0（1.7% → 0.0%）
  投入品質  不利投入 33.9% → 45.6%｜交換比 0.849 → 1.053
  （參考）  待命 0.0 → 0.1 tick｜對齊放行 0.00 → 0.00｜逾時放行 0.00 → 0.00
  參團擲骰  9.0 → 8.5（命中 60.9% → 63.7%｜擲骰時落後 5.9% → 4.9%）
  目標生成  8.33 → 8.13｜集結 2.88 → 3.05（34.6% → 37.5%）｜到場 7.8 → 7.5
  集結延遲  56.9 → 60.7 秒｜坑內人數 均 0.36 → 0.36／峰 2.25 → 2.26
  目標擊殺  3.33 → 3.67（40.0% → 45.1%）｜集結擲骰 160.7 → 161.2（命中 64.6% → 65.2%）
  推塔/分推 32.8 → 27.8｜0.0 → 0.0
  集火      0.0 → 0.0
  技能放空  0.0% → 0.0%
  無效攻擊  1.6% → 0.0%
  補刀      100.0% → 100.0%
  撤退/棄追 71.9 → 84.3｜0.50 → 0.65
  本場等級  9.66 → 9.70
  越塔      5.10 → 4.63 次（准 1.93 → 1.30）
  作戰持續  73.8% → 71.3%｜重返 82.9 → 86.6
  撤退門檻  0.2618 → 0.3236（實際採用值，含所有情境修正）

### 決策力（decision・戰術）
  勝率      55.2% → 50.0% → 49.1%   Δ(90−40) -6.0pp
  時長/收束 22.2 → 23.0 分｜96.7% → 95.0%
  K/D/A     11.7/12.4/5.5 → 11.9/11.3/5.8
  Gank      23.3 → 26.1（成功率 1.4% → 1.3%）
  遊走/入侵 3.1 → 2.7｜0.08 → 0.08
  遊走段落  3.1 → 2.7（接戰 29.3% → 37.7%｜換到人頭 12.5% → 11.1%）
  空手遊走  2.7 → 2.4｜參團 19.7 → 20.8
  遊走決策  婉拒 4.6 → 4.9（60.0% → 64.3%）｜取消 1.4 → 1.4｜改道 1.0 → 0.9
  遊走路別  上 1.5 → 1.2｜中 1.6 → 1.5｜下 0.0 → 0.0
  團戰段落  19.7 → 20.8（淨交換勝 10.0% → 11.3%）｜同時進場 3.63 → 3.62 人／均 0.78 → 0.78
  同步進場  單獨 1.52 → 2.08（12.1% → 15.9%）｜到場已就位 1.15 → 1.13 人｜抵達離散 1.25 → 1.39 秒
  投入決策  commit 4.8 → 5.5｜hold 0.0 → 0.1｜decline 0.0 → 0.0（0.0% → 0.0%）
  投入品質  不利投入 30.4% → 40.1%｜交換比 0.945 → 1.046
  （參考）  待命 0.0 → 0.1 tick｜對齊放行 0.00 → 0.00｜逾時放行 0.00 → 0.00
  參團擲骰  8.8 → 9.2（命中 57.7% → 55.1%｜擲骰時落後 5.5% → 5.3%）
  目標生成  7.97 → 8.17｜集結 3.12 → 3.20（39.1% → 39.2%）｜到場 7.1 → 7.5
  集結延遲  56.4 → 59.5 秒｜坑內人數 均 0.37 → 0.36／峰 2.27 → 2.30
  目標擊殺  3.75 → 3.73（47.1% → 45.7%）｜集結擲骰 153.4 → 156.0（命中 64.5% → 65.5%）
  推塔/分推 32.3 → 29.7｜0.0 → 0.0
  集火      0.0 → 2.3
  技能放空  3.2% → 0.0%
  無效攻擊  0.0% → 0.0%
  補刀      100.0% → 100.0%
  撤退/棄追 57.0 → 83.0｜0.42 → 0.45
  本場等級  9.70 → 9.71
  越塔      5.23 → 5.97 次（准 2.03 → 1.52）
  作戰持續  75.2% → 72.1%｜重返 73.6 → 86.3
  撤退門檻  0.2688 → 0.3194（實際採用值，含所有情境修正）

### 抗壓（clutch・心理）
  勝率      29.8% → 50.0% → 62.7%   Δ(90−40) 32.9pp
  時長/收束 23.0 → 22.0 分｜95.0% → 98.3%
  K/D/A     10.4/11.1/4.9 → 10.7/11.8/5.0
  Gank      25.2 → 24.1（成功率 1.3% → 1.2%）
  遊走/入侵 2.7 → 2.5｜0.08 → 0.08
  遊走段落  2.7 → 2.5（接戰 34.2% → 31.1%｜換到人頭 13.7% → 11.5%）
  空手遊走  2.3 → 2.2｜參團 19.8 → 17.9
  遊走決策  婉拒 4.8 → 4.8（64.1% → 65.9%）｜取消 1.3 → 1.3｜改道 1.0 → 0.9
  遊走路別  上 1.4 → 1.2｜中 1.3 → 1.2｜下 0.0 → 0.0
  團戰段落  19.8 → 17.9（淨交換勝 10.0% → 10.8%）｜同時進場 3.65 → 3.66 人／均 0.77 → 0.75
  同步進場  單獨 1.47 → 1.40（12.7% → 11.9%）｜到場已就位 1.23 → 1.22 人｜抵達離散 1.17 → 1.19 秒
  投入決策  commit 5.4 → 5.0｜hold 0.1 → 0.0｜decline 0.0 → 0.0（0.0% → 0.0%）
  投入品質  不利投入 52.3% → 35.4%｜交換比 0.940 → 0.903
  （參考）  待命 0.1 → 0.0 tick｜對齊放行 0.00 → 0.00｜逾時放行 0.00 → 0.00
  參團擲骰  8.2 → 9.1（命中 59.6% → 58.6%｜擲骰時落後 5.5% → 3.3%）
  目標生成  8.05 → 7.75｜集結 2.55 → 2.80（31.7% → 36.1%）｜到場 7.3 → 6.9
  集結延遲  61.5 → 58.7 秒｜坑內人數 均 0.32 → 0.35／峰 2.16 → 2.19
  目標擊殺  2.95 → 3.25（36.6% → 41.9%）｜集結擲骰 157.0 → 150.0（命中 65.1% → 65.1%）
  推塔/分推 29.2 → 30.5｜0.0 → 0.0
  集火      0.0 → 0.0
  技能放空  1.8% → 0.0%
  無效攻擊  0.0% → 0.0%
  補刀      100.0% → 100.0%
  撤退/棄追 90.4 → 67.2｜0.75 → 0.57
  本場等級  9.28 → 9.34
  越塔      5.50 → 5.27 次（准 1.22 → 1.30）
  作戰持續  71.1% → 73.6%｜重返 90.7 → 77.0
  撤退門檻  0.3427 → 0.2716（實際採用值，含所有情境修正）


## 摘要：|Δ| 由大到小（勝率 pp／等級／關鍵行為）
素質        分類  Δ勝率   Δ等級  ΔGank  Δ遊走  Δ集火  Δ技能  Δ空揮  Δ補刀  Δ撤退
抗壓         心理    32.9pp    0.06   -1.1   -0.2    0.0   1.8pp   0.0pp   0.0pp  -23.3
走位         操作     7.7pp    0.04   -0.2   -0.3    0.0   0.0pp   1.6pp   0.0pp   12.4
決策力        戰術    -6.0pp    0.01    2.8   -0.4    2.3   3.2pp   0.0pp   0.0pp   26.0

（Δ = 90 分減 40 分。Δ技能／Δ空揮為「失誤率下降幅度」，正值代表高素質失誤較少。）
