# 敏感度矩陣｜情境 invade｜100 seeds × 鏡像對跑 = 每格 200 場
# 對手固定全 70；受測方藍紅各跑一次再平均（抵銷陣營偏斜）

## 中性基準（全 70）
勝率 50.0%｜收束 93.0%｜時長 23.7 分｜K/D/A 13.3/13.3/6.8
Gank 32.0（成功率 1.6%）｜遊走 0.0｜入侵 0.54｜推塔 32.2｜分推 0.0
集火 0.0｜技能放空 0.0%｜無效攻擊 0.0%｜補刀 100.0%
撤退 72.0｜放棄追擊 0.33｜本場等級 9.36｜越塔 2.68 次（准 1.22）

## 逐項：40 / 90 相對中性的變化

### 勇氣（courage・心理）
  勝率      39.4% → 50.0% → 51.6%   Δ(90−40) 12.3pp
  時長/收束 23.1 → 23.6 分｜96.5% → 92.0%
  K/D/A     12.3/11.2/6.4 → 13.3/14.6/6.5
  Gank      31.3 → 32.0（成功率 1.2% → 1.7%）
  遊走/入侵 0.0 → 0.0｜0.47 → 0.58
  推塔/分推 30.2 → 34.4｜0.0 → 0.0
  集火      0.0 → 0.0
  技能放空  0.0% → 0.0%
  無效攻擊  0.0% → 0.0%
  補刀      100.0% → 100.0%
  撤退/棄追 78.1 → 66.8｜0.29 → 0.43
  本場等級  8.97 → 9.34
  越塔      2.13 → 2.79 次（准 0.85 → 1.18）
  作戰持續  80.3% → 81.5%｜重返 77.6 → 73.8


## 摘要：|Δ| 由大到小（勝率 pp／等級／關鍵行為）
素質        分類  Δ勝率   Δ等級  ΔGank  Δ遊走  Δ集火  Δ技能  Δ空揮  Δ補刀  Δ撤退
勇氣         心理    12.3pp    0.37    0.7    0.0    0.0   0.0pp   0.0pp   0.0pp  -11.3

（Δ = 90 分減 40 分。Δ技能／Δ空揮為「失誤率下降幅度」，正值代表高素質失誤較少。）
