# 敏感度矩陣｜情境 objective｜30 seeds × 鏡像對跑 = 每格 60 場
# 對手固定全 70；受測方藍紅各跑一次再平均（抵銷陣營偏斜）

## 中性基準（全 70）
勝率 50.0%｜收束 96.7%｜時長 22.4 分｜K/D/A 12.5/12.5/9.9
Gank 24.9（成功率 1.5%）｜遊走 0.0｜入侵 0.00｜推塔 25.9｜分推 0.0
集火 0.0｜技能放空 0.0%｜無效攻擊 0.0%｜補刀 100.0%
撤退 68.5｜放棄追擊 0.32｜本場等級 9.27｜越塔 2.50 次（准 0.73）

## 逐項：40 / 90 相對中性的變化

### 領導力（leadership・團隊）
  勝率      42.4% → 50.0% → 58.3%   Δ(90−40) 16.0pp
  時長/收束 22.6 → 22.3 分｜98.3% → 100.0%
  K/D/A     12.3/12.3/8.2 → 12.6/11.5/10.0
  Gank      24.9 → 24.9（成功率 0.7% → 1.6%）
  遊走/入侵 0.0 → 0.9｜0.00 → 0.00
  遊走段落  0.0 → 0.9（接戰 — → 11.5%｜換到人頭 — → 5.8%）
  空手遊走  0.0 → 0.8｜參團 19.8 → 20.3
  目標生成  8.53 → 8.62｜集結 4.10 → 4.75（48.0% → 55.1%）
  集結延遲  53.7 → 48.5 秒｜坑內人數 均 0.43 → 0.52／峰 2.48 → 2.65
  目標擊殺  3.68 → 4.45（43.2% → 51.6%）｜集結擲骰 177.9 → 169.1（命中 80.4% → 87.5%）
  推塔/分推 25.6 → 25.1｜0.0 → 0.0
  集火      0.0 → 0.0
  技能放空  0.0% → 0.0%
  無效攻擊  0.0% → 0.0%
  補刀      100.0% → 100.0%
  撤退/棄追 71.5 → 65.9｜0.42 → 0.23
  本場等級  9.06 → 9.53
  越塔      1.90 → 2.32 次（准 0.55 → 0.52）
  作戰持續  80.3% → 81.4%｜重返 75.6 → 70.3


## 摘要：|Δ| 由大到小（勝率 pp／等級／關鍵行為）
素質        分類  Δ勝率   Δ等級  ΔGank  Δ遊走  Δ集火  Δ技能  Δ空揮  Δ補刀  Δ撤退
領導力        團隊    16.0pp    0.47   -0.1    0.9    0.0   0.0pp   0.0pp   0.0pp   -5.6

（Δ = 90 分減 40 分。Δ技能／Δ空揮為「失誤率下降幅度」，正值代表高素質失誤較少。）
