# 敏感度矩陣｜情境 roam｜30 seeds × 鏡像對跑 = 每格 60 場
# 對手固定全 70；受測方藍紅各跑一次再平均（抵銷陣營偏斜）

## 中性基準（全 70）
勝率 50.0%｜收束 96.7%｜時長 23.1 分｜K/D/A 12.2/12.2/6.3
Gank 25.6（成功率 1.2%）｜遊走 13.4｜入侵 0.00｜推塔 32.0｜分推 0.0
集火 0.0｜技能放空 0.0%｜無效攻擊 0.0%｜補刀 100.0%
撤退 69.3｜放棄追擊 0.48｜本場等級 9.15｜越塔 0.97 次（准 0.30）

## 逐項：40 / 90 相對中性的變化

### 溝通（comms・團隊）
  勝率      46.4% → 50.0% → 50.8%   Δ(90−40) 4.4pp
  時長/收束 23.9 → 23.0 分｜93.3% → 98.3%
  K/D/A     12.5/13.9/6.4 → 12.5/11.6/6.5
  Gank      26.4 → 25.6（成功率 2.0% → 1.6%）
  遊走/入侵 11.6 → 14.2｜0.00 → 0.00
  遊走段落  11.6 → 14.2（接戰 21.2% → 20.2%｜換到人頭 9.0% → 8.3%）
  空手遊走  10.6 → 13.0｜參團 22.4 → 21.4
  推塔/分推 32.6 → 31.5｜0.0 → 0.0
  集火      0.0 → 0.0
  技能放空  0.0% → 0.0%
  無效攻擊  0.0% → 0.0%
  補刀      100.0% → 100.0%
  撤退/棄追 73.6 → 69.5｜0.32 → 0.32
  本場等級  9.15 → 9.25
  越塔      1.35 → 1.75 次（准 0.47 → 0.63）
  作戰持續  81.1% → 81.1%｜重返 76.3 → 72.8


## 摘要：|Δ| 由大到小（勝率 pp／等級／關鍵行為）
素質        分類  Δ勝率   Δ等級  ΔGank  Δ遊走  Δ集火  Δ技能  Δ空揮  Δ補刀  Δ撤退
溝通         團隊     4.4pp    0.10   -0.8    2.6    0.0   0.0pp   0.0pp   0.0pp   -4.1

（Δ = 90 分減 40 分。Δ技能／Δ空揮為「失誤率下降幅度」，正值代表高素質失誤較少。）
