# 敏感度矩陣｜情境 neutral｜30 seeds × 鏡像對跑 = 每格 60 場
# 對手固定全 70；受測方藍紅各跑一次再平均（抵銷陣營偏斜）

## 中性基準（全 70）
勝率 50.0%｜收束 96.7%｜時長 23.1 分｜K/D/A 12.0/12.0/5.8
Gank 25.5（成功率 1.4%）｜遊走 0.0｜入侵 0.00｜推塔 31.3｜分推 0.0
集火 0.0｜技能放空 0.0%｜無效攻擊 0.0%｜補刀 100.0%
撤退 69.3｜放棄追擊 0.27｜本場等級 9.16｜越塔 1.50 次（准 0.63）

## 逐項：40 / 90 相對中性的變化

### 精準度（accuracy・操作）
  勝率      40.0% → 50.0% → 56.1%   Δ(90−40) 16.1pp
  時長/收束 24.0 → 23.4 分｜91.7% → 95.0%
  K/D/A     13.2/14.3/7.3 → 12.1/13.1/6.1
  Gank      26.4 → 25.9（成功率 1.7% → 1.2%）
  遊走/入侵 0.0 → 0.0｜0.00 → 0.00
  推塔/分推 31.1 → 31.1｜0.0 → 0.0
  集火      0.0 → 0.0
  技能放空  0.0% → 0.0%
  無效攻擊  3.7% → 0.0%
  補刀      95.3% → 100.0%
  撤退/棄追 73.6 → 71.0｜0.28 → 0.28
  本場等級  9.00 → 9.28
  越塔      1.73 → 1.65 次（准 0.53 → 0.67）
  作戰持續  81.1% → 81.3%｜重返 76.2 → 73.9
