# 敏感度矩陣｜情境 neutral｜30 seeds × 鏡像對跑 = 每格 60 場
# 對手固定全 70；受測方藍紅各跑一次再平均（抵銷陣營偏斜）

## 中性基準（全 70）
勝率 50.0%｜收束 96.7%｜時長 23.1 分｜K/D/A 12.0/12.0/5.8
Gank 25.5（成功率 1.4%）｜遊走 0.0｜入侵 0.00｜推塔 31.3｜分推 0.0
集火 0.0｜技能放空 0.0%｜無效攻擊 0.0%｜補刀 100.0%
撤退 69.3｜放棄追擊 0.27｜本場等級 9.16｜越塔 1.50 次（准 0.63）

## 逐項：40 / 90 相對中性的變化

### 反應速度（reflex・操作）
  勝率      39.3% → 50.0% → 50.9%   Δ(90−40) 11.6pp
  時長/收束 23.9 → 23.8 分｜93.3% → 95.0%
  K/D/A     12.8/14.8/5.5 → 13.6/13.0/6.6
  Gank      26.4 → 26.2（成功率 1.8% → 1.4%）
  遊走/入侵 0.0 → 0.0｜0.00 → 0.00
  推塔/分推 31.6 → 31.6｜0.0 → 0.0
  集火      0.0 → 0.0
  技能放空  0.0% → 0.0%
  無效攻擊  3.2% → 0.0%
  補刀      100.0% → 100.0%
  撤退/棄追 73.7 → 73.0｜0.22 → 0.30
  本場等級  9.08 → 9.41
  越塔      2.05 → 1.68 次（准 0.55 → 0.70）
  作戰持續  80.7% → 81.0%｜重返 77.3 → 76.3
# 敏感度矩陣｜情境 neutral｜30 seeds × 鏡像對跑 = 每格 60 場
# 對手固定全 70；受測方藍紅各跑一次再平均（抵銷陣營偏斜）

## 中性基準（全 70）
勝率 50.0%｜收束 96.7%｜時長 23.1 分｜K/D/A 12.0/12.0/5.8
Gank 25.5（成功率 1.4%）｜遊走 0.0｜入侵 0.00｜推塔 31.3｜分推 0.0
集火 0.0｜技能放空 0.0%｜無效攻擊 0.0%｜補刀 100.0%
撤退 69.3｜放棄追擊 0.27｜本場等級 9.16｜越塔 1.50 次（准 0.63）

## 逐項：40 / 90 相對中性的變化
（續跑：已完成 reflex，跳過）

### 精準度（accuracy・操作）
  勝率      40.0% → 50.0% → 56.1%   Δ(90−40) 16.1pp
  時長/收束 24.0 → 23.4 分｜91.7% → 95.0%
  K/D/A     13.2/14.3/7.3 → 12.1/13.1/6.1
  Gank      26.4 → 25.9（成功率 1.7% → 1.2%）
  遊走/入侵 0.0 → 0.0｜0.00 → 0.00
  推塔/分推 31.1 → 31.1｜0.0 → 0.0
  集火      0.0 → 0.0
  技能放空  0.0% → 0.0%
  無效攻擊  3.7% → 0.0%
  補刀      95.3% → 100.0%
  撤退/棄追 73.6 → 71.0｜0.28 → 0.28
  本場等級  9.00 → 9.28
  越塔      1.73 → 1.65 次（准 0.53 → 0.67）
  作戰持續  81.1% → 81.3%｜重返 76.2 → 73.9

### 走位（positioning・操作）
  勝率      50.9% → 50.0% → 39.7%   Δ(90−40) -11.2pp
  時長/收束 23.6 → 23.2 分｜95.0% → 96.7%
  K/D/A     13.3/14.8/7.2 → 12.4/11.8/6.5
  Gank      26.1 → 25.8（成功率 1.5% → 1.4%）
  遊走/入侵 0.0 → 0.0｜0.00 → 0.00
  推塔/分推 33.1 → 29.4｜0.0 → 0.0
  集火      0.0 → 0.0
  技能放空  0.0% → 0.0%
  無效攻擊  1.6% → 0.0%
  補刀      100.0% → 100.0%
  撤退/棄追 64.4 → 73.8｜0.45 → 0.45
  本場等級  9.55 → 9.12
  越塔      1.63 → 2.02 次（准 0.62 → 0.53）
  作戰持續  81.9% → 80.8%｜重返 72.5 → 74.8

### 視野意識（mapAware・戰術）
  勝率      36.2% → 50.0% → 58.6%   Δ(90−40) 22.4pp
  時長/收束 23.5 → 22.8 分｜96.7% → 96.7%
  K/D/A     12.7/13.6/6.0 → 12.8/12.0/6.5
  Gank      23.8 → 27.2（成功率 1.5% → 2.1%）
  遊走/入侵 0.0 → 1.6｜0.00 → 0.03
  推塔/分推 33.3 → 30.7｜0.0 → 0.0
  集火      0.0 → 2.6
  技能放空  0.0% → 0.0%
  無效攻擊  0.0% → 0.0%
  補刀      100.0% → 100.0%
  撤退/棄追 69.4 → 66.8｜0.20 → 0.42
  本場等級  9.14 → 9.36
  越塔      1.73 → 2.17 次（准 0.68 → 0.43）
  作戰持續  81.0% → 81.5%｜重返 74.7 → 71.1
# 敏感度矩陣｜情境 neutral｜30 seeds × 鏡像對跑 = 每格 60 場
# 對手固定全 70；受測方藍紅各跑一次再平均（抵銷陣營偏斜）

## 中性基準（全 70）
勝率 50.0%｜收束 96.7%｜時長 23.1 分｜K/D/A 12.0/12.0/5.8
Gank 25.5（成功率 1.4%）｜遊走 0.0｜入侵 0.00｜推塔 31.3｜分推 0.0
集火 0.0｜技能放空 0.0%｜無效攻擊 0.0%｜補刀 100.0%
撤退 69.3｜放棄追擊 0.27｜本場等級 9.16｜越塔 1.50 次（准 0.63）

## 逐項：40 / 90 相對中性的變化
（續跑：已完成 reflex/accuracy/positioning/mapAware，跳過）

### 戰術理解（tacticalIQ・戰術）
  勝率      40.4% → 50.0% → 50.0%   Δ(90−40) 9.6pp
  時長/收束 23.9 → 23.3 分｜95.0% → 96.7%
  K/D/A     12.7/13.9/6.1 → 12.1/13.0/6.3
  Gank      26.4 → 25.6（成功率 1.9% → 1.3%）
  遊走/入侵 0.0 → 0.0｜0.00 → 0.00
  推塔/分推 33.5 → 31.8｜0.0 → 0.0
  集火      0.0 → 0.0
  技能放空  4.4% → 0.0%
  無效攻擊  0.0% → 0.0%
  補刀      100.0% → 100.0%
  撤退/棄追 75.1 → 70.3｜0.35 → 0.38
  本場等級  9.08 → 9.19
  越塔      1.88 → 2.15 次（准 0.50 → 0.90）
  作戰持續  80.5% → 81.3%｜重返 78.1 → 73.9

### 決策力（decision・戰術）
  勝率      64.9% → 50.0% → 41.8%   Δ(90−40) -23.1pp
  時長/收束 23.7 → 23.5 分｜95.0% → 91.7%
  K/D/A     13.3/15.7/6.0 → 12.4/12.5/6.8
  Gank      25.0 → 27.1（成功率 1.9% → 1.5%）
  遊走/入侵 0.0 → 0.0｜0.00 → 0.00
  推塔/分推 34.3 → 30.4｜0.0 → 0.0
  集火      0.0 → 2.3
  技能放空  3.3% → 0.0%
  無效攻擊  0.0% → 0.0%
  補刀      100.0% → 100.0%
  撤退/棄追 59.4 → 75.0｜0.37 → 0.25
  本場等級  9.34 → 9.21
  越塔      2.03 → 1.57 次（准 0.68 → 0.62）
  作戰持續  82.1% → 80.9%｜重返 70.4 → 76.5
# 敏感度矩陣｜情境 neutral｜30 seeds × 鏡像對跑 = 每格 60 場
# 對手固定全 70；受測方藍紅各跑一次再平均（抵銷陣營偏斜）

## 中性基準（全 70）
勝率 50.0%｜收束 96.7%｜時長 23.1 分｜K/D/A 12.0/12.0/5.8
Gank 25.5（成功率 1.4%）｜遊走 0.0｜入侵 0.00｜推塔 31.3｜分推 0.0
集火 0.0｜技能放空 0.0%｜無效攻擊 0.0%｜補刀 100.0%
撤退 69.3｜放棄追擊 0.27｜本場等級 9.16｜越塔 1.50 次（准 0.63）

## 逐項：40 / 90 相對中性的變化
（續跑：已完成 reflex/accuracy/positioning/mapAware/tacticalIQ/decision，跳過）

### 應變力（adaptability・戰術）
  勝率      44.1% → 50.0% → 43.9%   Δ(90−40) -0.2pp
  時長/收束 22.9 → 23.1 分｜98.3% → 95.0%
  K/D/A     11.3/13.8/5.0 → 12.8/12.3/6.5
  Gank      25.3 → 25.6（成功率 1.2% → 1.0%）
  遊走/入侵 0.0 → 0.0｜0.00 → 0.00
  推塔/分推 32.5 → 31.2｜0.0 → 0.0
  集火      0.0 → 1.8
  技能放空  0.0% → 0.0%
  無效攻擊  0.0% → 0.0%
  補刀      100.0% → 100.0%
  撤退/棄追 65.4 → 70.3｜0.30 → 0.35
  本場等級  8.83 → 9.21
  越塔      2.37 → 1.88 次（准 0.80 → 0.82）
  作戰持續  81.4% → 81.1%｜重返 71.1 → 73.8

### 抗壓（clutch・心理）
  勝率      46.7% → 50.0% → 45.6%   Δ(90−40) -1.1pp
  時長/收束 22.3 → 23.3 分｜100.0% → 95.0%
  K/D/A     10.9/10.4/6.3 → 12.2/14.2/6.3
  Gank      24.9 → 25.8（成功率 1.1% → 1.9%）
  遊走/入侵 0.0 → 0.0｜0.00 → 0.00
  推塔/分推 29.7 → 34.2｜0.0 → 0.0
  集火      0.0 → 0.0
  技能放空  1.9% → 0.0%
  無效攻擊  0.0% → 0.0%
  補刀      100.0% → 100.0%
  撤退/棄追 74.0 → 67.1｜0.32 → 0.28
  本場等級  8.74 → 9.11
  越塔      1.82 → 1.72 次（准 0.60 → 0.67）
  作戰持續  80.6% → 81.4%｜重返 74.2 → 72.7

### 專注力（focus・心理）
  勝率      41.4% → 50.0% → 51.9%   Δ(90−40) 10.5pp
  時長/收束 23.2 → 23.8 分｜96.7% → 90.0%
  K/D/A     11.1/14.4/5.6 → 13.5/12.4/7.4
  Gank      25.6 → 26.3（成功率 1.9% → 2.0%）
  遊走/入侵 0.0 → 0.0｜0.00 → 0.00
  推塔/分推 32.9 → 30.7｜0.0 → 0.0
  集火      0.0 → 0.0
  技能放空  0.0% → 0.0%
  無效攻擊  0.0% → 0.0%
  補刀      98.2% → 100.0%
  撤退/棄追 68.6 → 73.1｜0.35 → 0.18
  本場等級  8.80 → 9.48
  越塔      1.70 → 1.35 次（准 0.48 → 0.37）
  作戰持續  81.3% → 81.3%｜重返 73.2 → 75.0


## 摘要：|Δ| 由大到小（勝率 pp／等級／關鍵行為）
素質        分類  Δ勝率   Δ等級  ΔGank  Δ遊走  Δ集火  Δ技能  Δ空揮  Δ補刀  Δ撤退
專注力        心理    10.5pp    0.69    0.7    0.0    0.0   0.0pp   0.0pp   1.8pp    4.5
抗壓         心理    -1.1pp    0.37    0.9    0.0    0.0   1.9pp   0.0pp   0.0pp   -6.9
應變力        戰術    -0.2pp    0.38    0.3    0.0    1.8   0.0pp   0.0pp   0.0pp    4.8

（Δ = 90 分減 40 分。Δ技能／Δ空揮為「失誤率下降幅度」，正值代表高素質失誤較少。）
