# 敏感度矩陣｜情境 roam｜30 seeds × 鏡像對跑 = 每格 60 場
# 對手固定全 70；受測方藍紅各跑一次再平均（抵銷陣營偏斜）

## 中性基準（全 70）
勝率 50.0%｜收束 96.7%｜時長 23.1 分｜K/D/A 12.2/12.2/6.3
Gank 25.6（成功率 1.2%）｜遊走 13.4｜入侵 0.00｜推塔 32.0｜分推 0.0
集火 0.0｜技能放空 0.0%｜無效攻擊 0.0%｜補刀 100.0%
撤退 69.3｜放棄追擊 0.48｜本場等級 9.15｜越塔 0.97 次（准 0.30）

## 逐項：40 / 90 相對中性的變化

### 操作速度（apm・操作）
  勝率      52.5% → 50.0% → 58.6%   Δ(90−40) 6.1pp
  時長/收束 23.1 → 22.8 分｜98.3% → 96.7%
  K/D/A     12.6/12.9/6.3 → 12.6/11.4/6.6
  Gank      24.2 → 26.6（成功率 1.2% → 1.9%）
  遊走/入侵 12.1 → 14.5｜0.00 → 0.00
  遊走段落  12.1 → 14.5（接戰 20.1% → 21.0%｜換到人頭 10.8% → 10.8%）
  空手遊走  10.8 → 12.9｜參團 21.1 → 21.4
  團戰段落  21.1 → 21.4（淨交換勝 11.2% → 12.2%）｜同時進場 3.75 → 3.81 人／均 0.83 → 0.88
  參團擲骰  7.8 → 9.4（命中 58.9% → 57.1%｜擲骰時落後 5.6% → 4.3%）
  目標生成  7.77 → 7.62｜集結 2.95 → 3.32（38.0% → 43.5%）｜到場 6.9 → 6.9
  集結延遲  71.4 → 71.1 秒｜坑內人數 均 0.33 → 0.34／峰 2.26 → 2.43
  目標擊殺  3.23 → 3.62（41.6% → 47.5%）｜集結擲骰 169.4 → 176.5（命中 60.0% → 60.3%）
  推塔/分推 30.9 → 31.9｜0.0 → 0.0
  集火      0.0 → 0.0
  技能放空  0.0% → 0.0%
  無效攻擊  0.0% → 0.0%
  補刀      97.1% → 100.0%
  撤退/棄追 69.2 → 66.9｜0.28 → 0.20
  本場等級  9.01 → 9.41
  越塔      2.02 → 2.12 次（准 0.77 → 0.48）
  作戰持續  81.4% → 81.5%｜重返 72.5 → 70.5
  撤退門檻  0.2955 → 0.2949（實際採用值，含所有情境修正）


## 摘要：|Δ| 由大到小（勝率 pp／等級／關鍵行為）
素質        分類  Δ勝率   Δ等級  ΔGank  Δ遊走  Δ集火  Δ技能  Δ空揮  Δ補刀  Δ撤退
操作速度       操作     6.1pp    0.40    2.4    2.4    0.0   0.0pp   0.0pp   2.9pp   -2.3

（Δ = 90 分減 40 分。Δ技能／Δ空揮為「失誤率下降幅度」，正值代表高素質失誤較少。）
