# 敏感度矩陣｜情境 comeback｜30 seeds × 鏡像對跑 = 每格 60 場
# 對手固定全 70；受測方藍紅各跑一次再平均（抵銷陣營偏斜）

## 中性基準（全 70）
勝率 50.0%｜收束 96.7%｜時長 23.8 分｜K/D/A 9.5/9.5/5.5
Gank 26.5（成功率 1.3%）｜遊走 0.0｜入侵 0.00｜推塔 29.5｜分推 0.0
集火 0.0｜技能放空 0.0%｜無效攻擊 0.0%｜補刀 100.0%
撤退 86.7｜放棄追擊 0.07｜本場等級 9.10｜越塔 1.07 次（准 0.33）

## 逐項：40 / 90 相對中性的變化

### 韌性（resilience・心理）
  勝率      44.8% → 50.0% → 49.2%   Δ(90−40) 4.3pp
  時長/收束 24.1 → 23.6 分｜96.7% → 98.3%
  K/D/A     10.1/8.3/6.2 → 9.7/9.4/5.9
  Gank      26.9 → 26.4（成功率 1.2% → 0.7%）
  遊走/入侵 0.0 → 0.0｜0.00 → 0.00
  遊走段落  0.0 → 0.0（接戰 — → —｜換到人頭 — → —）
  空手遊走  0.0 → 0.0｜參團 23.4 → 22.5
  團戰段落  23.4 → 22.5（淨交換勝 9.6% → 9.5%）｜同時進場 3.83 → 3.82 人／均 0.92 → 0.89
  參團擲骰  9.5 → 9.7（命中 68.4% → 66.4%｜擲骰時落後 5.4% → 7.1%）
  目標生成  7.87 → 7.47｜集結 2.83 → 2.88（36.0% → 38.6%）｜到場 7.1 → 6.8
  集結延遲  82.9 → 80.8 秒｜坑內人數 均 0.30 → 0.29／峰 2.22 → 2.28
  目標擊殺  3.23 → 3.07（41.1% → 41.1%）｜集結擲骰 196.3 → 184.7（命中 60.5% → 60.7%）
  推塔/分推 28.6 → 30.3｜0.0 → 0.0
  集火      0.0 → 0.0
  技能放空  0.0% → 0.0%
  無效攻擊  0.0% → 0.0%
  補刀      100.0% → 100.0%
  撤退/棄追 87.8 → 88.9｜0.17 → 0.32
  本場等級  9.23 → 9.05
  越塔      1.32 → 0.68 次（准 0.67 → 0.15）
  作戰持續  79.2% → 79.8%｜重返 86.6 → 88.3
  撤退門檻  0.4595 → 0.4451（實際採用值，含所有情境修正）


## 摘要：|Δ| 由大到小（勝率 pp／等級／關鍵行為）
素質        分類  Δ勝率   Δ等級  ΔGank  Δ遊走  Δ集火  Δ技能  Δ空揮  Δ補刀  Δ撤退
韌性         心理     4.3pp   -0.18   -0.6    0.0    0.0   0.0pp   0.0pp   0.0pp    1.1

（Δ = 90 分減 40 分。Δ技能／Δ空揮為「失誤率下降幅度」，正值代表高素質失誤較少。）
