# 敏感度矩陣｜情境 neutral｜30 seeds × 鏡像對跑 = 每格 60 場
# 對手固定全 70；受測方藍紅各跑一次再平均（抵銷陣營偏斜）

## 中性基準（全 70）
勝率 50.0%｜收束 96.7%｜時長 23.1 分｜K/D/A 12.0/12.0/5.8
Gank 25.5（成功率 1.4%）｜遊走 0.0｜入侵 0.00｜推塔 31.3｜分推 0.0
集火 0.0｜技能放空 0.0%｜無效攻擊 0.0%｜補刀 100.0%
撤退 69.3｜放棄追擊 0.27｜本場等級 9.16｜越塔 1.50 次（准 0.63）

## 逐項：40 / 90 相對中性的變化

### 走位（positioning・操作）
  勝率      50.9% → 50.0% → 39.7%   Δ(90−40) -11.2pp
  時長/收束 23.6 → 23.2 分｜95.0% → 96.7%
  K/D/A     13.3/14.8/7.2 → 12.4/11.8/6.5
  Gank      26.1 → 25.8（成功率 1.5% → 1.4%）
  遊走/入侵 0.0 → 0.0｜0.00 → 0.00
  遊走段落  0.0 → 0.0（接戰 — → —｜換到人頭 — → —）
  空手遊走  0.0 → 0.0｜參團 22.5 → 22.2
  團戰段落  22.5 → 22.2（淨交換勝 11.4% → 12.0%）｜同時進場 3.74 → 3.75 人／均 0.87 → 0.86
  參團擲骰  9.9 → 8.7（命中 61.5% → 63.5%｜擲骰時落後 4.6% → 4.8%）
  目標生成  7.98 → 7.65｜集結 3.32 → 3.00（41.5% → 39.2%）｜到場 7.3 → 6.8
  集結延遲  73.0 → 76.4 秒｜坑內人數 均 0.35 → 0.32／峰 2.34 → 2.29
  目標擊殺  4.03 → 3.40（50.5% → 44.4%）｜集結擲骰 178.8 → 176.3（命中 60.6% → 60.5%）
  推塔/分推 33.1 → 29.4｜0.0 → 0.0
  集火      0.0 → 0.0
  技能放空  0.0% → 0.0%
  無效攻擊  1.6% → 0.0%
  補刀      100.0% → 100.0%
  撤退/棄追 64.4 → 73.8｜0.45 → 0.45
  本場等級  9.55 → 9.12
  越塔      1.63 → 2.02 次（准 0.62 → 0.53）
  作戰持續  81.9% → 80.8%｜重返 72.5 → 74.8
  撤退門檻  0.2563 → 0.3212（實際採用值，含所有情境修正）

### 決策力（decision・戰術）
  勝率      64.9% → 50.0% → 41.8%   Δ(90−40) -23.1pp
  時長/收束 23.7 → 23.5 分｜95.0% → 91.7%
  K/D/A     13.3/15.7/6.0 → 12.4/12.5/6.8
  Gank      25.0 → 27.1（成功率 1.9% → 1.5%）
  遊走/入侵 0.0 → 0.0｜0.00 → 0.00
  遊走段落  0.0 → 0.0（接戰 — → —｜換到人頭 — → —）
  空手遊走  0.0 → 0.0｜參團 21.3 → 21.6
  團戰段落  21.3 → 21.6（淨交換勝 9.5% → 12.4%）｜同時進場 3.72 → 3.79 人／均 0.83 → 0.86
  參團擲骰  9.3 → 8.8（命中 57.3% → 60.1%｜擲骰時落後 9.1% → 5.3%）
  目標生成  7.88 → 7.82｜集結 2.65 → 2.73（33.6% → 35.0%）｜到場 6.9 → 6.8
  集結延遲  76.7 → 70.4 秒｜坑內人數 均 0.30 → 0.31／峰 2.21 → 2.13
  目標擊殺  3.20 → 3.25（40.6% → 41.6%）｜集結擲骰 175.8 → 180.3（命中 59.9% → 60.1%）
  推塔/分推 34.3 → 30.4｜0.0 → 0.0
  集火      0.0 → 2.3
  技能放空  3.3% → 0.0%
  無效攻擊  0.0% → 0.0%
  補刀      100.0% → 100.0%
  撤退/棄追 59.4 → 75.0｜0.37 → 0.25
  本場等級  9.34 → 9.21
  越塔      2.03 → 1.57 次（准 0.68 → 0.62）
  作戰持續  82.1% → 80.9%｜重返 70.4 → 76.5
  撤退門檻  0.2677 → 0.3149（實際採用值，含所有情境修正）


## 摘要：|Δ| 由大到小（勝率 pp／等級／關鍵行為）
素質        分類  Δ勝率   Δ等級  ΔGank  Δ遊走  Δ集火  Δ技能  Δ空揮  Δ補刀  Δ撤退
決策力        戰術   -23.1pp   -0.13    2.1    0.0    2.3   3.3pp   0.0pp   0.0pp   15.5
走位         操作   -11.2pp   -0.43   -0.3    0.0    0.0   0.0pp   1.6pp   0.0pp    9.5

（Δ = 90 分減 40 分。Δ技能／Δ空揮為「失誤率下降幅度」，正值代表高素質失誤較少。）
