# 敏感度矩陣｜情境 teamfight｜30 seeds × 鏡像對跑 = 每格 60 場
# 對手固定全 70；受測方藍紅各跑一次再平均（抵銷陣營偏斜）

## 中性基準（全 70）
勝率 50.0%｜收束 96.7%｜時長 23.3 分｜K/D/A 12.6/12.6/6.4
Gank 37.5（成功率 1.3%）｜遊走 0.0｜入侵 0.00｜推塔 31.5｜分推 0.0
集火 0.0｜技能放空 0.0%｜無效攻擊 0.0%｜補刀 100.0%
撤退 71.3｜放棄追擊 0.35｜本場等級 9.21｜越塔 2.23 次（准 0.90）

## 逐項：40 / 90 相對中性的變化

### 配合度（synergy・團隊）
  勝率      54.4% → 50.0% → 44.8%   Δ(90−40) -9.6pp
  時長/收束 23.0 → 23.7 分｜95.0% → 96.7%
  K/D/A     12.3/11.7/6.2 → 12.9/13.8/6.5
  Gank      37.1 → 38.0（成功率 1.5% → 1.5%）
  遊走/入侵 0.0 → 0.0｜0.00 → 0.00
  遊走段落  0.0 → 0.0（接戰 — → —｜換到人頭 — → —）
  空手遊走  0.0 → 0.0｜參團 21.4 → 22.1
  團戰段落  21.4 → 22.1（淨交換勝 12.0% → 10.0%）｜同時進場 3.79 → 3.80 人／均 0.88 → 0.88
  參團擲骰  9.9 → 10.0（命中 79.7% → 86.9%｜擲骰時落後 4.0% → 5.7%）
  目標生成  7.73 → 7.75｜集結 3.15 → 2.93（40.7% → 37.8%）｜到場 6.8 → 6.8
  集結延遲  80.1 → 81.9 秒｜坑內人數 均 0.33 → 0.31／峰 2.32 → 2.27
  目標擊殺  3.42 → 3.28（44.2% → 42.4%）｜集結擲骰 175.7 → 178.9（命中 60.5% → 61.1%）
  推塔/分推 31.0 → 31.6｜0.0 → 0.0
  集火      0.0 → 0.0
  技能放空  0.0% → 0.0%
  無效攻擊  0.0% → 0.0%
  補刀      100.0% → 100.0%
  撤退/棄追 69.5 → 72.6｜0.28 → 0.38
  本場等級  9.24 → 9.24
  越塔      1.55 → 1.98 次（准 0.62 → 0.68）
  作戰持續  81.2% → 81.0%｜重返 72.9 → 76.0
  撤退門檻  0.2934 → 0.2954（實際採用值，含所有情境修正）


## 摘要：|Δ| 由大到小（勝率 pp／等級／關鍵行為）
素質        分類  Δ勝率   Δ等級  ΔGank  Δ遊走  Δ集火  Δ技能  Δ空揮  Δ補刀  Δ撤退
配合度        團隊    -9.6pp    0.00    0.9    0.0    0.0   0.0pp   0.0pp   0.0pp    3.2

（Δ = 90 分減 40 分。Δ技能／Δ空揮為「失誤率下降幅度」，正值代表高素質失誤較少。）
