# 敏感度矩陣｜情境 roam｜30 seeds × 鏡像對跑 = 每格 60 場
# 對手固定全 70；受測方藍紅各跑一次再平均（抵銷陣營偏斜）

## 中性基準（全 70）
勝率 50.0%｜收束 100.0%｜時長 22.8 分｜K/D/A 12.0/12.0/6.4
Gank 25.1（成功率 1.3%）｜遊走 4.4｜入侵 0.00｜推塔 31.9｜分推 0.0
集火 0.0｜技能放空 0.0%｜無效攻擊 0.0%｜補刀 100.0%
撤退 68.2｜放棄追擊 0.35｜本場等級 9.16｜越塔 2.00 次（准 0.60）

## 逐項：40 / 90 相對中性的變化

### 溝通（comms・團隊）
  勝率      50.0% → 50.0% → 50.8%   Δ(90−40) 0.8pp
  時長/收束 23.6 → 22.8 分｜96.7% → 98.3%
  K/D/A     12.6/13.8/6.3 → 12.7/12.0/6.5
  Gank      26.0 → 25.4（成功率 1.2% → 1.7%）
  遊走/入侵 4.7 → 4.5｜0.00 → 0.00
  遊走段落  4.7 → 4.5（接戰 29.0% → 26.7%｜換到人頭 9.5% → 14.1%）
  空手遊走  4.3 → 3.9｜參團 22.2 → 21.2
  遊走決策  婉拒 8.6 → 8.3（64.5% → 64.9%）｜取消 2.8 → 2.7｜改道 1.1 → 1.1
  遊走路別  上 2.3 → 2.1｜中 2.5 → 2.4｜下 0.0 → 0.0
  團戰段落  22.2 → 21.2（淨交換勝 10.6% → 10.5%）｜同時進場 3.69 → 3.81 人／均 0.84 → 0.86
  參團擲骰  9.3 → 9.8（命中 54.1% → 59.7%｜擲骰時落後 4.8% → 5.8%）
  目標生成  7.32 → 7.48｜集結 2.55 → 2.90（34.9% → 38.8%）｜到場 6.7 → 6.7
  集結延遲  79.4 → 76.7 秒｜坑內人數 均 0.28 → 0.32／峰 2.22 → 2.35
  目標擊殺  2.90 → 3.22（39.6% → 43.0%）｜集結擲骰 181.7 → 170.3（命中 57.0% → 61.6%）
  推塔/分推 32.4 → 31.2｜0.0 → 0.0
  集火      0.0 → 0.0
  技能放空  0.0% → 0.0%
  無效攻擊  0.0% → 0.0%
  補刀      100.0% → 100.0%
  撤退/棄追 72.1 → 68.0｜0.28 → 0.32
  本場等級  9.12 → 9.12
  越塔      1.58 → 1.32 次（准 0.57 → 0.57）
  作戰持續  80.9% → 81.2%｜重返 75.5 → 71.7
  撤退門檻  0.2961 → 0.2940（實際採用值，含所有情境修正）


## 摘要：|Δ| 由大到小（勝率 pp／等級／關鍵行為）
素質        分類  Δ勝率   Δ等級  ΔGank  Δ遊走  Δ集火  Δ技能  Δ空揮  Δ補刀  Δ撤退
溝通         團隊     0.8pp   -0.00   -0.6   -0.2    0.0   0.0pp   0.0pp   0.0pp   -4.1

（Δ = 90 分減 40 分。Δ技能／Δ空揮為「失誤率下降幅度」，正值代表高素質失誤較少。）
