# 敏感度矩陣｜情境 split｜30 seeds × 鏡像對跑 = 每格 60 場
# 對手固定全 70；受測方藍紅各跑一次再平均（抵銷陣營偏斜）

## 中性基準（全 70）
勝率 50.0%｜收束 100.0%｜時長 22.8 分｜K/D/A 11.8/11.8/6.2
Gank 25.4（成功率 1.6%）｜遊走 0.0｜入侵 0.00｜推塔 31.8｜分推 8.1
集火 0.0｜技能放空 0.0%｜無效攻擊 0.0%｜補刀 100.0%
撤退 68.3｜放棄追擊 0.27｜本場等級 9.16｜越塔 1.40 次（准 0.43）

## 逐項：40 / 90 相對中性的變化

### 走位（positioning・操作）
  勝率      63.3% → 50.0% → 50.9%   Δ(90−40) -12.5pp
  時長/收束 22.6 → 23.9 分｜100.0% → 95.0%
  K/D/A     12.0/13.4/5.5 → 12.3/12.4/6.4
  Gank      25.2 → 26.7（成功率 1.7% → 1.5%）
  遊走/入侵 0.0 → 0.0｜0.00 → 0.00
  遊走段落  0.0 → 0.0（接戰 — → —｜換到人頭 — → —）
  空手遊走  0.0 → 0.0｜參團 20.3 → 22.4
  遊走決策  婉拒 0.0 → 0.0（— → —）｜取消 0.0 → 0.0｜改道 0.0 → 0.0
  遊走路別  上 0.0 → 0.0｜中 0.0 → 0.0｜下 0.0 → 0.0
  團戰段落  20.3 → 22.4（淨交換勝 10.0% → 11.1%）｜同時進場 3.74 → 3.76 人／均 0.83 → 0.87
  參團擲骰  8.7 → 8.0（命中 53.8% → 60.4%｜擲骰時落後 8.2% → 7.7%）
  目標生成  7.53 → 8.07｜集結 2.98 → 3.10（39.6% → 38.4%）｜到場 6.7 → 7.1
  集結延遲  72.6 → 79.7 秒｜坑內人數 均 0.33 → 0.33／峰 2.27 → 2.24
  目標擊殺  3.40 → 3.52（45.1% → 43.6%）｜集結擲骰 169.8 → 184.2（命中 59.5% → 60.4%）
  推塔/分推 33.7 → 30.0｜7.6 → 8.2
  集火      0.0 → 0.0
  技能放空  0.0% → 0.0%
  無效攻擊  1.6% → 0.0%
  補刀      100.0% → 100.0%
  撤退/棄追 60.9 → 76.5｜0.42 → 0.27
  本場等級  9.14 → 9.28
  越塔      1.92 → 2.05 次（准 0.80 → 0.93）
  作戰持續  81.9% → 80.9%｜重返 69.2 → 77.7
  撤退門檻  0.2560 → 0.3225（實際採用值，含所有情境修正）

### 決策力（decision・戰術）
  勝率      53.7% → 50.0% → 51.7%   Δ(90−40) -2.0pp
  時長/收束 24.3 → 23.9 分｜90.0% → 96.7%
  K/D/A     15.1/16.5/6.8 → 12.9/12.9/6.9
  Gank      25.9 → 27.5（成功率 2.0% → 1.8%）
  遊走/入侵 0.0 → 0.0｜0.00 → 0.00
  遊走段落  0.0 → 0.0（接戰 — → —｜換到人頭 — → —）
  空手遊走  0.0 → 0.0｜參團 22.2 → 22.1
  遊走決策  婉拒 0.0 → 0.0（— → —）｜取消 0.0 → 0.0｜改道 0.0 → 0.0
  遊走路別  上 0.0 → 0.0｜中 0.0 → 0.0｜下 0.0 → 0.0
  團戰段落  22.2 → 22.1（淨交換勝 10.1% → 10.8%）｜同時進場 3.74 → 3.78 人／均 0.85 → 0.86
  參團擲骰  8.3 → 8.9（命中 58.5% → 55.7%｜擲骰時落後 5.4% → 6.2%）
  目標生成  8.33 → 7.77｜集結 3.00 → 2.78（36.0% → 35.8%）｜到場 7.3 → 7.1
  集結延遲  73.9 → 78.7 秒｜坑內人數 均 0.33 → 0.31／峰 2.15 → 2.21
  目標擊殺  3.82 → 3.27（45.8% → 42.1%）｜集結擲骰 184.7 → 182.3（命中 60.3% → 60.4%）
  推塔/分推 34.3 → 29.5｜6.8 → 9.2
  集火      0.0 → 2.3
  技能放空  3.7% → 0.0%
  無效攻擊  0.0% → 0.0%
  補刀      100.0% → 100.0%
  撤退/棄追 60.5 → 75.5｜0.20 → 0.22
  本場等級  9.68 → 9.36
  越塔      2.87 → 1.40 次（准 1.03 → 0.62）
  作戰持續  82.3% → 80.9%｜重返 72.3 → 77.4
  撤退門檻  0.2680 → 0.3150（實際採用值，含所有情境修正）

### 應變力（adaptability・戰術）
  勝率      55.9% → 50.0% → 39.7%   Δ(90−40) -16.3pp
  時長/收束 22.7 → 23.3 分｜98.3% → 96.7%
  K/D/A     11.6/13.6/5.8 → 12.2/12.6/6.2
  Gank      25.3 → 25.9（成功率 1.7% → 1.9%）
  遊走/入侵 0.0 → 0.0｜0.00 → 0.00
  遊走段落  0.0 → 0.0（接戰 — → —｜換到人頭 — → —）
  空手遊走  0.0 → 0.0｜參團 20.3 → 21.9
  遊走決策  婉拒 0.0 → 0.0（— → —）｜取消 0.0 → 0.0｜改道 0.0 → 0.0
  遊走路別  上 0.0 → 0.0｜中 0.0 → 0.0｜下 0.0 → 0.0
  團戰段落  20.3 → 21.9（淨交換勝 11.2% → 12.0%）｜同時進場 3.73 → 3.76 人／均 0.83 → 0.86
  參團擲骰  7.9 → 8.0（命中 53.6% → 57.1%｜擲骰時落後 5.3% → 10.5%）
  目標生成  7.53 → 7.70｜集結 2.83 → 2.73（37.6% → 35.5%）｜到場 6.7 → 6.9
  集結延遲  72.3 → 70.6 秒｜坑內人數 均 0.32 → 0.30／峰 2.24 → 2.22
  目標擊殺  3.25 → 3.08（43.1% → 40.0%）｜集結擲骰 167.0 → 178.2（命中 60.3% → 60.2%）
  推塔/分推 32.2 → 32.9｜6.8 → 9.2
  集火      0.0 → 1.4
  技能放空  0.0% → 0.0%
  無效攻擊  0.0% → 0.0%
  補刀      100.0% → 100.0%
  撤退/棄追 62.5 → 72.4｜0.20 → 0.30
  本場等級  9.10 → 9.14
  越塔      1.12 → 1.18 次（准 0.43 → 0.32）
  作戰持續  82.0% → 81.1%｜重返 68.7 → 75.7
  撤退門檻  0.2963 → 0.2974（實際採用值，含所有情境修正）

### 勇氣（courage・心理）
  勝率      40.7% → 50.0% → 58.6%   Δ(90−40) 17.9pp
  時長/收束 23.3 → 22.8 分｜98.3% → 96.7%
  K/D/A     13.4/10.7/6.9 → 12.8/13.3/6.8
  Gank      25.9 → 25.3（成功率 1.8% → 2.0%）
  遊走/入侵 0.0 → 0.0｜0.00 → 0.03
  遊走段落  0.0 → 0.0（接戰 — → —｜換到人頭 — → —）
  空手遊走  0.0 → 0.0｜參團 21.5 → 21.9
  遊走決策  婉拒 0.0 → 0.0（— → —）｜取消 0.0 → 0.0｜改道 0.0 → 0.0
  遊走路別  上 0.0 → 0.0｜中 0.0 → 0.0｜下 0.0 → 0.0
  團戰段落  21.5 → 21.9（淨交換勝 12.3% → 11.7%）｜同時進場 3.77 → 3.74 人／均 0.84 → 0.87
  參團擲骰  7.1 → 8.3（命中 53.1% → 62.3%｜擲骰時落後 6.1% → 5.8%）
  目標生成  7.48 → 7.62｜集結 2.82 → 3.12（37.6% → 40.9%）｜到場 6.8 → 6.9
  集結延遲  76.5 → 76.5 秒｜坑內人數 均 0.32 → 0.34／峰 2.30 → 2.38
  目標擊殺  3.35 → 3.67（44.8% → 48.1%）｜集結擲骰 175.0 → 173.9（命中 60.2% → 60.5%）
  推塔/分推 29.9 → 33.3｜7.5 → 8.4
  集火      0.0 → 0.0
  技能放空  0.0% → 0.0%
  無效攻擊  0.0% → 0.0%
  補刀      100.0% → 100.0%
  撤退/棄追 77.9 → 61.2｜0.22 → 0.32
  本場等級  9.30 → 9.42
  越塔      1.85 → 2.52 次（准 0.77 → 1.05）
  作戰持續  80.6% → 82.2%｜重返 77.4 → 68.4
  撤退門檻  0.3452 → 0.2620（實際採用值，含所有情境修正）


## 摘要：|Δ| 由大到小（勝率 pp／等級／關鍵行為）
素質        分類  Δ勝率   Δ等級  ΔGank  Δ遊走  Δ集火  Δ技能  Δ空揮  Δ補刀  Δ撤退
勇氣         心理    17.9pp    0.12   -0.6    0.0    0.0   0.0pp   0.0pp   0.0pp  -16.8
應變力        戰術   -16.3pp    0.04    0.7    0.0    1.4   0.0pp   0.0pp   0.0pp    9.9
走位         操作   -12.5pp    0.13    1.5    0.0    0.0   0.0pp   1.6pp   0.0pp   15.6
決策力        戰術    -2.0pp   -0.32    1.6    0.0    2.3   3.7pp   0.0pp   0.0pp   15.0

（Δ = 90 分減 40 分。Δ技能／Δ空揮為「失誤率下降幅度」，正值代表高素質失誤較少。）
