# 敏感度矩陣｜情境 teamfight｜30 seeds × 鏡像對跑 = 每格 60 場
# 對手固定全 70；受測方藍紅各跑一次再平均（抵銷陣營偏斜）

## 中性基準（全 70）
勝率 50.0%｜收束 93.3%｜時長 23.7 分｜K/D/A 13.2/13.2/6.5
Gank 38.0（成功率 1.4%）｜遊走 0.0｜入侵 0.00｜推塔 31.4｜分推 0.0
集火 0.0｜技能放空 0.0%｜無效攻擊 0.0%｜補刀 100.0%
撤退 72.7｜放棄追擊 0.33｜本場等級 9.25｜越塔 2.10 次（准 0.80）

## 逐項：40 / 90 相對中性的變化

### 配合度（synergy・團隊）
  勝率      50.0% → 50.0% → 50.0%   Δ(90−40) 0.0pp
  時長/收束 23.7 → 23.7 分｜93.3% → 93.3%
  K/D/A     13.2/13.2/6.5 → 13.3/13.2/6.5
  Gank      38.0 → 38.0（成功率 1.4% → 1.4%）
  遊走/入侵 0.0 → 0.0｜0.00 → 0.00
  遊走段落  0.0 → 0.0（接戰 — → —｜換到人頭 — → —）
  空手遊走  0.0 → 0.0｜參團 22.2 → 22.0
  遊走決策  婉拒 0.0 → 0.0（— → —）｜取消 0.0 → 0.0｜改道 0.0 → 0.0
  遊走路別  上 0.0 → 0.0｜中 0.0 → 0.0｜下 0.0 → 0.0
  團戰段落  22.2 → 22.0（淨交換勝 10.8% → 10.8%）｜同時進場 3.79 → 3.80 人／均 0.87 → 0.88
  同步進場  單獨 1.82 → 1.73（10.5% → 10.2%）｜到場已就位 1.16 → 1.16 人｜抵達離散 1.08 → 1.06 秒
  同步閘    待命 0.5 → 0.5 tick｜對齊放行 0.35 → 0.35｜逾時放行 0.07 → 0.00
  參團擲骰  9.8 → 9.8（命中 83.2% → 83.1%｜擲骰時落後 5.9% → 6.1%）
  目標生成  7.80 → 7.78｜集結 2.85 → 2.85（36.5% → 36.6%）｜到場 6.8 → 6.8
  集結延遲  82.7 → 83.5 秒｜坑內人數 均 0.31 → 0.31／峰 2.25 → 2.25
  目標擊殺  3.33 → 3.35（42.7% → 43.0%）｜集結擲骰 179.0 → 179.5（命中 60.7% → 60.6%）
  推塔/分推 31.4 → 31.4｜0.0 → 0.0
  集火      0.0 → 0.0
  技能放空  0.0% → 0.0%
  無效攻擊  0.0% → 0.0%
  補刀      100.0% → 100.0%
  撤退/棄追 72.7 → 72.9｜0.33 → 0.37
  本場等級  9.25 → 9.27
  越塔      2.10 → 2.07 次（准 0.80 → 0.85）
  作戰持續  81.0% → 81.0%｜重返 76.1 → 76.2
  撤退門檻  0.2952 → 0.2954（實際採用值，含所有情境修正）


## 摘要：|Δ| 由大到小（勝率 pp／等級／關鍵行為）
素質        分類  Δ勝率   Δ等級  ΔGank  Δ遊走  Δ集火  Δ技能  Δ空揮  Δ補刀  Δ撤退
配合度        團隊     0.0pp    0.02    0.0    0.0    0.0   0.0pp   0.0pp   0.0pp    0.2

（Δ = 90 分減 40 分。Δ技能／Δ空揮為「失誤率下降幅度」，正值代表高素質失誤較少。）
