# 敏感度矩陣｜情境 teamfight｜30 seeds × 鏡像對跑 = 每格 60 場
# 對手固定全 70；受測方藍紅各跑一次再平均（抵銷陣營偏斜）

## 中性基準（全 70）
勝率 50.0%｜收束 100.0%｜時長 22.1 分｜K/D/A 10.9/10.9/5.2
Gank 35.7（成功率 1.5%）｜遊走 0.0｜入侵 0.00｜推塔 31.1｜分推 0.0
集火 0.0｜技能放空 0.0%｜無效攻擊 0.0%｜補刀 100.0%
撤退 66.1｜放棄追擊 0.30｜本場等級 8.90｜越塔 1.97 次（准 0.80）

## 逐項：40 / 90 相對中性的變化

### 配合度（synergy・團隊）
  勝率      55.9% → 50.0% → 55.9%   Δ(90−40) 0.0pp
  時長/收束 22.7 → 22.6 分｜98.3% → 98.3%
  K/D/A     11.8/11.7/5.8 → 11.9/11.3/5.9
  Gank      36.7 → 36.5（成功率 1.5% → 1.7%）
  遊走/入侵 0.0 → 0.0｜0.00 → 0.00
  遊走段落  0.0 → 0.0（接戰 — → —｜換到人頭 — → —）
  空手遊走  0.0 → 0.0｜參團 21.2 → 21.1
  遊走決策  婉拒 0.0 → 0.0（— → —）｜取消 0.0 → 0.0｜改道 0.0 → 0.0
  遊走路別  上 0.0 → 0.0｜中 0.0 → 0.0｜下 0.0 → 0.0
  團戰段落  21.2 → 21.1（淨交換勝 11.2% → 11.0%）｜同時進場 3.81 → 3.80 人／均 0.88 → 0.87
  同步進場  單獨 1.90 → 1.90（10.3% → 11.5%）｜到場已就位 1.20 → 1.16 人｜抵達離散 1.16 → 1.15 秒
  投入決策  commit 7.5 → 6.1｜hold 0.6 → 1.6｜decline 0.2 → 1.5（2.2% → 16.3%）
  投入品質  不利投入 28.3% → 8.7%｜交換比 1.016 → 1.062
  （參考）  待命 0.6 → 1.6 tick｜對齊放行 0.00 → 0.00｜逾時放行 0.00 → 0.00
  參團擲骰  10.2 → 10.0（命中 82.9% → 81.9%｜擲骰時落後 5.1% → 7.0%）
  目標生成  7.45 → 7.48｜集結 2.85 → 2.90（38.3% → 38.8%）｜到場 6.6 → 6.6
  集結延遲  79.0 → 77.9 秒｜坑內人數 均 0.32 → 0.32／峰 2.28 → 2.30
  目標擊殺  3.28 → 3.12（44.1% → 41.6%）｜集結擲骰 172.8 → 170.0（命中 60.5% → 61.2%）
  推塔/分推 31.2 → 31.4｜0.0 → 0.0
  集火      0.0 → 0.0
  技能放空  0.0% → 0.0%
  無效攻擊  0.0% → 0.0%
  補刀      100.0% → 100.0%
  撤退/棄追 68.4 → 68.0｜0.32 → 0.37
  本場等級  9.08 → 9.06
  越塔      2.17 → 1.85 次（准 0.88 → 0.73）
  作戰持續  81.1% → 81.1%｜重返 72.1 → 71.5
  撤退門檻  0.2937 → 0.2946（實際採用值，含所有情境修正）


## 摘要：|Δ| 由大到小（勝率 pp／等級／關鍵行為）
素質        分類  Δ勝率   Δ等級  ΔGank  Δ遊走  Δ集火  Δ技能  Δ空揮  Δ補刀  Δ撤退
配合度        團隊     0.0pp   -0.03   -0.3    0.0    0.0   0.0pp   0.0pp   0.0pp   -0.5

（Δ = 90 分減 40 分。Δ技能／Δ空揮為「失誤率下降幅度」，正值代表高素質失誤較少。）
