# 敏感度矩陣｜情境 neutral｜30 seeds × 鏡像對跑 = 每格 60 場
# 對手固定全 70；受測方藍紅各跑一次再平均（抵銷陣營偏斜）

## 中性基準（全 70）
勝率 50.0%｜收束 100.0%｜時長 22.6 分｜K/D/A 12.2/12.2/5.9
Gank 24.9（成功率 1.0%）｜遊走 0.0｜入侵 0.00｜推塔 31.2｜分推 0.0
集火 0.0｜技能放空 0.0%｜無效攻擊 0.0%｜補刀 100.0%
撤退 66.9｜放棄追擊 0.23｜本場等級 9.16｜越塔 1.67 次（准 0.60）

## 逐項：40 / 90 相對中性的變化

### 走位（positioning・操作）
  勝率      50.0% → 50.0% → 43.6%   Δ(90−40) -6.4pp
  時長/收束 23.8 → 23.8 分｜90.0% → 91.7%
  K/D/A     13.4/15.2/6.8 → 13.0/12.6/6.9
  Gank      26.4 → 26.5（成功率 1.4% → 1.4%）
  遊走/入侵 0.0 → 0.0｜0.00 → 0.00
  遊走段落  0.0 → 0.0（接戰 — → —｜換到人頭 — → —）
  空手遊走  0.0 → 0.0｜參團 22.1 → 22.8
  遊走決策  婉拒 0.0 → 0.0（— → —）｜取消 0.0 → 0.0｜改道 0.0 → 0.0
  遊走路別  上 0.0 → 0.0｜中 0.0 → 0.0｜下 0.0 → 0.0
  團戰段落  22.1 → 22.8（淨交換勝 11.4% → 11.4%）｜同時進場 3.72 → 3.75 人／均 0.85 → 0.85
  同步進場  單獨 1.82 → 1.52（11.8% → 11.1%）｜到場已就位 1.20 → 1.19 人｜抵達離散 1.38 → 1.01 秒
  投入決策  commit 5.9 → 4.9｜hold 1.0 → 1.6｜decline 1.1 → 0.9（14.1% → 12.4%）
  投入品質  不利投入 17.7% → 18.6%｜交換比 0.884 → 1.032
  （參考）  待命 1.0 → 1.6 tick｜對齊放行 0.00 → 0.00｜逾時放行 0.00 → 0.00
  參團擲骰  9.9 → 9.3（命中 61.8% → 62.3%｜擲骰時落後 6.0% → 3.2%）
  目標生成  8.05 → 7.78｜集結 3.22 → 3.12（40.0% → 40.0%）｜到場 7.3 → 6.8
  集結延遲  73.0 → 84.3 秒｜坑內人數 均 0.33 → 0.31／峰 2.30 → 2.29
  目標擊殺  3.77 → 3.30（46.8% → 42.4%）｜集結擲骰 177.4 → 180.1（命中 60.2% → 60.3%）
  推塔/分推 33.7 → 29.4｜0.0 → 0.0
  集火      0.0 → 0.0
  技能放空  0.0% → 0.0%
  無效攻擊  1.6% → 0.0%
  補刀      100.0% → 100.0%
  撤退/棄追 64.6 → 76.1｜0.40 → 0.37
  本場等級  9.48 → 9.19
  越塔      1.77 → 2.03 次（准 0.67 → 0.40）
  作戰持續  81.9% → 80.8%｜重返 72.3 → 76.9
  撤退門檻  0.2563 → 0.3205（實際採用值，含所有情境修正）

### 決策力（decision・戰術）
  勝率      52.6% → 50.0% → 43.9%   Δ(90−40) -8.8pp
  時長/收束 23.3 → 23.0 分｜95.0% → 95.0%
  K/D/A     13.6/14.7/6.6 → 11.9/12.7/7.0
  Gank      24.7 → 26.4（成功率 1.8% → 1.7%）
  遊走/入侵 0.0 → 0.0｜0.00 → 0.00
  遊走段落  0.0 → 0.0（接戰 — → —｜換到人頭 — → —）
  空手遊走  0.0 → 0.0｜參團 21.6 → 21.4
  遊走決策  婉拒 0.0 → 0.0（— → —）｜取消 0.0 → 0.0｜改道 0.0 → 0.0
  遊走路別  上 0.0 → 0.0｜中 0.0 → 0.0｜下 0.0 → 0.0
  團戰段落  21.6 → 21.4（淨交換勝 11.3% → 11.8%）｜同時進場 3.73 → 3.80 人／均 0.85 → 0.86
  同步進場  單獨 1.32 → 1.45（10.9% → 11.7%）｜到場已就位 1.17 → 1.22 人｜抵達離散 1.16 → 0.98 秒
  投入決策  commit 5.0 → 4.8｜hold 1.0 → 0.4｜decline 0.7 → 0.5（10.0% → 8.2%）
  投入品質  不利投入 12.6% → 19.2%｜交換比 0.926 → 0.935
  （參考）  待命 1.0 → 0.4 tick｜對齊放行 0.00 → 0.00｜逾時放行 0.00 → 0.00
  參團擲骰  8.6 → 9.0（命中 59.5% → 60.0%｜擲骰時落後 5.8% → 6.5%）
  目標生成  7.80 → 7.70｜集結 2.90 → 2.62（37.2% → 34.0%）｜到場 6.9 → 6.8
  集結延遲  70.3 → 66.9 秒｜坑內人數 均 0.33 → 0.31／峰 2.27 → 2.14
  目標擊殺  3.55 → 3.15（45.5% → 40.9%）｜集結擲骰 175.5 → 178.2（命中 60.6% → 59.9%）
  推塔/分推 34.1 → 29.9｜0.0 → 0.0
  集火      0.0 → 2.4
  技能放空  3.4% → 0.0%
  無效攻擊  0.0% → 0.0%
  補刀      100.0% → 100.0%
  撤退/棄追 57.3 → 73.3｜0.28 → 0.35
  本場等級  9.47 → 9.03
  越塔      2.38 → 1.60 次（准 0.88 → 0.63）
  作戰持續  82.3% → 81.0%｜重返 68.8 → 74.6
  撤退門檻  0.2662 → 0.3154（實際採用值，含所有情境修正）


## 摘要：|Δ| 由大到小（勝率 pp／等級／關鍵行為）
素質        分類  Δ勝率   Δ等級  ΔGank  Δ遊走  Δ集火  Δ技能  Δ空揮  Δ補刀  Δ撤退
決策力        戰術    -8.8pp   -0.45    1.7    0.0    2.4   3.4pp   0.0pp   0.0pp   16.0
走位         操作    -6.4pp   -0.29    0.1    0.0    0.0   0.0pp   1.6pp   0.0pp   11.5

（Δ = 90 分減 40 分。Δ技能／Δ空揮為「失誤率下降幅度」，正值代表高素質失誤較少。）
