# 敏感度矩陣｜情境 roam｜30 seeds × 鏡像對跑 = 每格 60 場
# 對手固定全 70；受測方藍紅各跑一次再平均（抵銷陣營偏斜）

## 中性基準（全 70）
勝率 50.0%｜收束 96.7%｜時長 22.9 分｜K/D/A 12.2/12.2/6.0
Gank 25.3（成功率 1.9%）｜遊走 4.3｜入侵 0.00｜推塔 31.6｜分推 0.0
集火 0.0｜技能放空 0.0%｜無效攻擊 0.0%｜補刀 100.0%
撤退 69.4｜放棄追擊 0.28｜本場等級 9.12｜越塔 1.97 次（准 0.67）

## 逐項：40 / 90 相對中性的變化

### 溝通（comms・團隊）
  勝率      49.2% → 50.0% → 45.8%   Δ(90−40) -3.4pp
  時長/收束 23.1 → 22.7 分｜98.3% → 98.3%
  K/D/A     11.5/12.8/5.7 → 12.4/11.6/6.6
  Gank      25.5 → 25.3（成功率 1.6% → 2.0%）
  遊走/入侵 4.4 → 4.9｜0.00 → 0.00
  遊走段落  4.4 → 4.9（接戰 27.8% → 23.1%｜換到人頭 9.8% → 13.6%）
  空手遊走  4.0 → 4.3｜參團 21.3 → 21.1
  遊走決策  婉拒 8.4 → 8.0（65.4% → 61.8%）｜取消 2.7 → 2.8｜改道 1.0 → 1.2
  遊走路別  上 2.1 → 2.1｜中 2.3 → 2.9｜下 0.0 → 0.0
  團戰段落  21.3 → 21.1（淨交換勝 10.4% → 12.0%）｜同時進場 3.70 → 3.80 人／均 0.83 → 0.86
  同步進場  單獨 1.65 → 1.45（13.1% → 10.7%）｜到場已就位 1.17 → 1.27 人｜抵達離散 1.44 → 1.12 秒
  投入決策  commit 5.0 → 5.6｜hold 0.7 → 1.2｜decline 0.4 → 1.2（6.1% → 14.9%）
  投入品質  不利投入 21.3% → 14.7%｜交換比 0.895 → 1.072
  （參考）  待命 0.7 → 1.2 tick｜對齊放行 0.00 → 0.00｜逾時放行 0.00 → 0.00
  參團擲骰  9.2 → 9.9（命中 55.6% → 61.3%｜擲骰時落後 4.9% → 5.0%）
  目標生成  7.08 → 7.45｜集結 2.53 → 3.17（35.8% → 42.5%）｜到場 6.5 → 6.8
  集結延遲  80.8 → 76.0 秒｜坑內人數 均 0.27 → 0.34／峰 2.18 → 2.40
  目標擊殺  2.78 → 3.43（39.3% → 46.1%）｜集結擲骰 176.2 → 168.9（命中 57.4% → 62.1%）
  推塔/分推 32.5 → 31.4｜0.0 → 0.0
  集火      0.0 → 0.0
  技能放空  0.0% → 0.0%
  無效攻擊  0.0% → 0.0%
  補刀      100.0% → 100.0%
  撤退/棄追 70.3 → 67.5｜0.28 → 0.37
  本場等級  8.97 → 9.17
  越塔      1.62 → 1.43 次（准 0.63 → 0.53）
  作戰持續  81.0% → 81.3%｜重返 73.7 → 71.8
  撤退門檻  0.2960 → 0.2943（實際採用值，含所有情境修正）


## 摘要：|Δ| 由大到小（勝率 pp／等級／關鍵行為）
素質        分類  Δ勝率   Δ等級  ΔGank  Δ遊走  Δ集火  Δ技能  Δ空揮  Δ補刀  Δ撤退
溝通         團隊    -3.4pp    0.21   -0.3    0.5    0.0   0.0pp   0.0pp   0.0pp   -2.8

（Δ = 90 分減 40 分。Δ技能／Δ空揮為「失誤率下降幅度」，正值代表高素質失誤較少。）
