# 敏感度矩陣｜情境 split｜30 seeds × 鏡像對跑 = 每格 60 場
# 對手固定全 70；受測方藍紅各跑一次再平均（抵銷陣營偏斜）

## 中性基準（全 70）
勝率 50.0%｜收束 96.7%｜時長 23.2 分｜K/D/A 12.2/12.2/5.8
Gank 25.8（成功率 1.0%）｜遊走 0.0｜入侵 0.00｜推塔 31.9｜分推 7.7
集火 0.0｜技能放空 0.0%｜無效攻擊 0.0%｜補刀 100.0%
撤退 69.2｜放棄追擊 0.28｜本場等級 9.17｜越塔 1.43 次（准 0.30）

## 逐項：40 / 90 相對中性的變化

### 走位（positioning・操作）
  勝率      59.3% → 50.0% → 42.9%   Δ(90−40) -16.5pp
  時長/收束 23.0 → 23.8 分｜98.3% → 93.3%
  K/D/A     12.6/13.8/5.5 → 12.2/12.6/6.3
  Gank      25.8 → 26.6（成功率 1.5% → 1.4%）
  遊走/入侵 0.0 → 0.0｜0.00 → 0.00
  遊走段落  0.0 → 0.0（接戰 — → —｜換到人頭 — → —）
  空手遊走  0.0 → 0.0｜參團 20.7 → 21.9
  遊走決策  婉拒 0.0 → 0.0（— → —）｜取消 0.0 → 0.0｜改道 0.0 → 0.0
  遊走路別  上 0.0 → 0.0｜中 0.0 → 0.0｜下 0.0 → 0.0
  團戰段落  20.7 → 21.9（淨交換勝 10.8% → 11.1%）｜同時進場 3.72 → 3.76 人／均 0.83 → 0.87
  同步進場  單獨 0.98 → 1.72（8.3% → 14.5%）｜到場已就位 1.26 → 1.06 人｜抵達離散 0.99 → 1.17 秒
  投入決策  commit 4.4 → 4.7｜hold 0.7 → 1.0｜decline 0.9 → 0.3（14.6% → 5.0%）
  投入品質  不利投入 19.3% → 18.4%｜交換比 0.913 → 0.971
  （參考）  待命 0.7 → 1.0 tick｜對齊放行 0.00 → 0.00｜逾時放行 0.00 → 0.00
  參團擲骰  8.3 → 7.7（命中 54.8% → 59.5%｜擲骰時落後 5.8% → 8.0%）
  目標生成  7.77 → 7.93｜集結 3.02 → 2.98（38.8% → 37.6%）｜到場 7.1 → 7.2
  集結延遲  71.1 → 79.7 秒｜坑內人數 均 0.33 → 0.32／峰 2.24 → 2.25
  目標擊殺  3.37 → 3.28（43.3% → 41.4%）｜集結擲骰 173.2 → 182.4（命中 59.5% → 61.1%）
  推塔/分推 34.3 → 29.6｜7.5 → 8.3
  集火      0.0 → 0.0
  技能放空  0.0% → 0.0%
  無效攻擊  1.6% → 0.0%
  補刀      100.0% → 100.0%
  撤退/棄追 63.0 → 77.0｜0.48 → 0.22
  本場等級  9.25 → 9.14
  越塔      2.12 → 1.90 次（准 0.82 → 0.75）
  作戰持續  81.7% → 80.8%｜重返 71.2 → 77.8
  撤退門檻  0.2559 → 0.3224（實際採用值，含所有情境修正）

### 決策力（decision・戰術）
  勝率      56.1% → 50.0% → 51.8%   Δ(90−40) -4.4pp
  時長/收束 23.4 → 23.6 分｜95.0% → 93.3%
  K/D/A     13.7/15.1/6.0 → 12.4/12.5/6.5
  Gank      24.9 → 27.2（成功率 1.9% → 2.6%）
  遊走/入侵 0.0 → 0.0｜0.00 → 0.00
  遊走段落  0.0 → 0.0（接戰 — → —｜換到人頭 — → —）
  空手遊走  0.0 → 0.0｜參團 20.9 → 22.0
  遊走決策  婉拒 0.0 → 0.0（— → —）｜取消 0.0 → 0.0｜改道 0.0 → 0.0
  遊走路別  上 0.0 → 0.0｜中 0.0 → 0.0｜下 0.0 → 0.0
  團戰段落  20.9 → 22.0（淨交換勝 10.5% → 9.6%）｜同時進場 3.74 → 3.78 人／均 0.83 → 0.86
  同步進場  單獨 1.48 → 1.80（12.6% → 14.4%）｜到場已就位 1.10 → 1.14 人｜抵達離散 1.28 → 1.26 秒
  投入決策  commit 3.6 → 5.5｜hold 0.7 → 1.3｜decline 0.6 → 0.3（11.9% → 4.4%）
  投入品質  不利投入 31.5% → 17.4%｜交換比 0.904 → 0.995
  （參考）  待命 0.7 → 1.3 tick｜對齊放行 0.00 → 0.00｜逾時放行 0.00 → 0.00
  參團擲骰  8.1 → 8.5（命中 58.7% → 54.4%｜擲骰時落後 6.0% → 6.9%）
  目標生成  8.00 → 7.75｜集結 2.93 → 2.48（36.7% → 32.0%）｜到場 7.0 → 6.9
  集結延遲  74.9 → 74.2 秒｜坑內人數 均 0.33 → 0.30／峰 2.18 → 2.16
  目標擊殺  3.65 → 2.98（45.6% → 38.5%）｜集結擲骰 173.7 → 182.1（命中 60.0% → 60.3%）
  推塔/分推 34.4 → 30.3｜6.3 → 8.8
  集火      0.0 → 2.4
  技能放空  3.5% → 0.0%
  無效攻擊  0.0% → 0.0%
  補刀      100.0% → 100.0%
  撤退/棄追 56.9 → 74.7｜0.22 → 0.20
  本場等級  9.49 → 9.16
  越塔      2.55 → 1.30 次（准 0.97 → 0.52）
  作戰持續  82.6% → 80.9%｜重返 68.5 → 76.5
  撤退門檻  0.2666 → 0.3153（實際採用值，含所有情境修正）

### 應變力（adaptability・戰術）
  勝率      57.1% → 50.0% → 36.2%   Δ(90−40) -20.9pp
  時長/收束 23.9 → 23.9 分｜93.3% → 96.7%
  K/D/A     14.1/14.7/7.0 → 13.1/13.2/6.8
  Gank      26.5 → 26.5（成功率 1.8% → 1.5%）
  遊走/入侵 0.0 → 0.0｜0.00 → 0.00
  遊走段落  0.0 → 0.0（接戰 — → —｜換到人頭 — → —）
  空手遊走  0.0 → 0.0｜參團 21.3 → 22.6
  遊走決策  婉拒 0.0 → 0.0（— → —）｜取消 0.0 → 0.0｜改道 0.0 → 0.0
  遊走路別  上 0.0 → 0.0｜中 0.0 → 0.0｜下 0.0 → 0.0
  團戰段落  21.3 → 22.6（淨交換勝 12.6% → 11.0%）｜同時進場 3.76 → 3.75 人／均 0.84 → 0.87
  同步進場  單獨 1.18 → 1.62（11.0% → 13.6%）｜到場已就位 1.16 → 1.15 人｜抵達離散 1.24 → 1.38 秒
  投入決策  commit 3.4 → 4.6｜hold 0.7 → 1.0｜decline 0.3 → 0.4（7.3% → 6.4%）
  投入品質  不利投入 19.1% → 28.4%｜交換比 0.954 → 0.995
  （參考）  待命 0.7 → 1.0 tick｜對齊放行 0.00 → 0.00｜逾時放行 0.00 → 0.00
  參團擲骰  8.1 → 8.1（命中 55.3% → 56.6%｜擲骰時落後 4.1% → 8.5%）
  目標生成  8.00 → 7.98｜集結 2.93 → 2.87（36.7% → 35.9%）｜到場 7.1 → 7.1
  集結延遲  71.1 → 80.4 秒｜坑內人數 均 0.33 → 0.31／峰 2.25 → 2.24
  目標擊殺  3.63 → 3.32（45.4% → 41.5%）｜集結擲骰 179.9 → 184.6（命中 60.6% → 60.3%）
  推塔/分推 32.6 → 32.5｜6.9 → 9.4
  集火      0.0 → 1.4
  技能放空  0.0% → 0.0%
  無效攻擊  0.0% → 0.0%
  補刀      100.0% → 100.0%
  撤退/棄追 66.3 → 73.6｜0.18 → 0.32
  本場等級  9.45 → 9.34
  越塔      1.42 → 1.57 次（准 0.57 → 0.42）
  作戰持續  81.8% → 81.1%｜重返 72.4 → 76.9
  撤退門檻  0.2954 → 0.2962（實際採用值，含所有情境修正）

### 勇氣（courage・心理）
  勝率      41.4% → 50.0% → 56.7%   Δ(90−40) 15.3pp
  時長/收束 23.7 → 22.2 分｜96.7% → 100.0%
  K/D/A     14.0/11.3/7.1 → 12.0/12.5/6.8
  Gank      26.3 → 24.7（成功率 1.7% → 1.8%）
  遊走/入侵 0.0 → 0.0｜0.00 → 0.03
  遊走段落  0.0 → 0.0（接戰 — → —｜換到人頭 — → —）
  空手遊走  0.0 → 0.0｜參團 21.6 → 21.1
  遊走決策  婉拒 0.0 → 0.0（— → —）｜取消 0.0 → 0.0｜改道 0.0 → 0.0
  遊走路別  上 0.0 → 0.0｜中 0.0 → 0.0｜下 0.0 → 0.0
  團戰段落  21.6 → 21.1（淨交換勝 12.9% → 10.6%）｜同時進場 3.80 → 3.74 人／均 0.85 → 0.86
  同步進場  單獨 1.07 → 1.37（10.6% → 10.4%）｜到場已就位 1.19 → 1.19 人｜抵達離散 1.13 → 1.07 秒
  投入決策  commit 3.6 → 5.0｜hold 1.0 → 1.1｜decline 0.6 → 0.3（10.6% → 5.5%）
  投入品質  不利投入 18.1% → 16.4%｜交換比 1.244 → 0.961
  （參考）  待命 1.0 → 1.1 tick｜對齊放行 0.00 → 0.00｜逾時放行 0.00 → 0.00
  參團擲骰  7.7 → 8.3（命中 52.5% → 60.7%｜擲骰時落後 5.9% → 6.9%）
  目標生成  7.73 → 7.37｜集結 3.07 → 2.78（39.7% → 37.8%）｜到場 6.9 → 6.7
  集結延遲  74.5 → 71.8 秒｜坑內人數 均 0.32 → 0.33／峰 2.34 → 2.27
  目標擊殺  3.57 → 3.28（46.1% → 44.6%）｜集結擲骰 179.3 → 170.0（命中 60.1% → 60.0%）
  推塔/分推 29.4 → 33.3｜7.3 → 8.4
  集火      0.0 → 0.0
  技能放空  0.0% → 0.0%
  無效攻擊  0.0% → 0.0%
  補刀      100.0% → 100.0%
  撤退/棄追 78.6 → 59.8｜0.17 → 0.38
  本場等級  9.41 → 9.13
  越塔      1.98 → 2.42 次（准 0.78 → 0.98）
  作戰持續  80.9% → 82.1%｜重返 78.3 → 67.2
  撤退門檻  0.3444 → 0.2616（實際採用值，含所有情境修正）


## 摘要：|Δ| 由大到小（勝率 pp／等級／關鍵行為）
素質        分類  Δ勝率   Δ等級  ΔGank  Δ遊走  Δ集火  Δ技能  Δ空揮  Δ補刀  Δ撤退
應變力        戰術   -20.9pp   -0.12   -0.0    0.0    1.4   0.0pp   0.0pp   0.0pp    7.3
走位         操作   -16.5pp   -0.11    0.8    0.0    0.0   0.0pp   1.6pp   0.0pp   14.0
勇氣         心理    15.3pp   -0.28   -1.6    0.0    0.0   0.0pp   0.0pp   0.0pp  -18.8
決策力        戰術    -4.4pp   -0.33    2.3    0.0    2.4   3.5pp   0.0pp   0.0pp   17.8

（Δ = 90 分減 40 分。Δ技能／Δ空揮為「失誤率下降幅度」，正值代表高素質失誤較少。）
