# 敏感度矩陣｜情境 neutral｜30 seeds × 鏡像對跑 = 每格 60 場
# 對手固定全 70；受測方藍紅各跑一次再平均（抵銷陣營偏斜）

## 中性基準（全 70）
勝率 50.0%｜收束 96.7%｜時長 23.1 分｜K/D/A 12.0/12.0/5.8
Gank 25.5（成功率 1.4%）｜遊走 0.0｜入侵 0.00｜推塔 31.3｜分推 0.0
集火 0.0｜技能放空 0.0%｜無效攻擊 0.0%｜補刀 100.0%
撤退 69.3｜放棄追擊 0.27｜本場等級 9.16｜越塔 1.50 次（准 0.63）

## 逐項：40 / 90 相對中性的變化

### 走位（positioning・操作）
  勝率      50.9% → 50.0% → 41.4%   Δ(90−40) -9.5pp
  時長/收束 23.6 → 23.1 分｜95.0% → 96.7%
  K/D/A     13.2/14.8/7.1 → 12.4/11.7/6.7
  Gank      26.1 → 25.7（成功率 1.3% → 1.4%）
  遊走/入侵 0.0 → 0.0｜0.00 → 0.00
  遊走段落  0.0 → 0.0（接戰 — → —｜換到人頭 — → —）
  空手遊走  0.0 → 0.0｜參團 22.3 → 21.8
  遊走決策  婉拒 0.0 → 0.0（— → —）｜取消 0.0 → 0.0｜改道 0.0 → 0.0
  遊走路別  上 0.0 → 0.0｜中 0.0 → 0.0｜下 0.0 → 0.0
  團戰段落  22.3 → 21.8（淨交換勝 11.3% → 12.3%）｜同時進場 3.74 → 3.77 人／均 0.87 → 0.86
  同步進場  單獨 2.13 → 2.13（13.2% → 14.3%）｜到場已就位 1.20 → 1.15 人｜抵達離散 1.40 → 1.04 秒
  投入決策  commit 6.8 → 6.5｜hold 0.2 → 0.1｜decline 0.1 → 0.0（0.7% → 0.0%）
  投入品質  不利投入 38.0% → 38.8%｜交換比 0.892 → 1.066
  （參考）  待命 0.2 → 0.1 tick｜對齊放行 0.00 → 0.00｜逾時放行 0.00 → 0.00
  參團擲骰  9.8 → 8.6（命中 62.0% → 62.8%｜擲骰時落後 4.6% → 4.7%）
  目標生成  8.02 → 7.60｜集結 3.32 → 2.97（41.4% → 39.0%）｜到場 7.3 → 6.7
  集結延遲  72.8 → 76.8 秒｜坑內人數 均 0.34 → 0.31／峰 2.33 → 2.28
  目標擊殺  3.93 → 3.37（49.1% → 44.3%）｜集結擲骰 177.4 → 174.8（命中 60.6% → 60.6%）
  推塔/分推 33.3 → 29.4｜0.0 → 0.0
  集火      0.0 → 0.0
  技能放空  0.0% → 0.0%
  無效攻擊  1.6% → 0.0%
  補刀      100.0% → 100.0%
  撤退/棄追 64.3 → 73.6｜0.43 → 0.38
  本場等級  9.49 → 9.11
  越塔      1.60 → 2.03 次（准 0.60 → 0.53）
  作戰持續  81.9% → 80.8%｜重返 72.3 → 74.6
  撤退門檻  0.2564 → 0.3214（實際採用值，含所有情境修正）

### 決策力（decision・戰術）
  勝率      62.1% → 50.0% → 44.6%   Δ(90−40) -17.4pp
  時長/收束 23.4 → 23.1 分｜96.7% → 93.3%
  K/D/A     13.1/15.0/6.0 → 12.1/12.1/6.6
  Gank      24.7 → 26.6（成功率 1.8% → 1.6%）
  遊走/入侵 0.0 → 0.0｜0.00 → 0.00
  遊走段落  0.0 → 0.0（接戰 — → —｜換到人頭 — → —）
  空手遊走  0.0 → 0.0｜參團 21.1 → 21.3
  遊走決策  婉拒 0.0 → 0.0（— → —）｜取消 0.0 → 0.0｜改道 0.0 → 0.0
  遊走路別  上 0.0 → 0.0｜中 0.0 → 0.0｜下 0.0 → 0.0
  團戰段落  21.1 → 21.3（淨交換勝 9.8% → 11.8%）｜同時進場 3.72 → 3.80 人／均 0.83 → 0.86
  同步進場  單獨 1.37 → 1.83（10.2% → 13.5%）｜到場已就位 1.19 → 1.21 人｜抵達離散 1.24 → 1.03 秒
  投入決策  commit 5.8 → 6.1｜hold 0.1 → 0.1｜decline 0.0 → 0.0（0.3% → 0.0%）
  投入品質  不利投入 27.8% → 29.7%｜交換比 0.870 → 0.999
  （參考）  待命 0.1 → 0.1 tick｜對齊放行 0.00 → 0.00｜逾時放行 0.00 → 0.00
  參團擲骰  9.1 → 8.8（命中 57.5% → 60.2%｜擲骰時落後 7.1% → 5.1%）
  目標生成  7.82 → 7.72｜集結 2.72 → 2.67（34.8% → 34.6%）｜到場 6.8 → 6.7
  集結延遲  77.8 → 67.0 秒｜坑內人數 均 0.31 → 0.31／峰 2.23 → 2.12
  目標擊殺  3.23 → 3.18（41.4% → 41.3%）｜集結擲骰 174.7 → 176.6（命中 59.9% → 60.0%）
  推塔/分推 34.4 → 30.2｜0.0 → 0.0
  集火      0.0 → 2.3
  技能放空  3.3% → 0.0%
  無效攻擊  0.0% → 0.0%
  補刀      100.0% → 100.0%
  撤退/棄追 58.3 → 73.4｜0.37 → 0.22
  本場等級  9.30 → 9.17
  越塔      2.03 → 1.47 次（准 0.65 → 0.53）
  作戰持續  82.2% → 81.0%｜重返 69.5 → 75.2
  撤退門檻  0.2666 → 0.3145（實際採用值，含所有情境修正）


## 摘要：|Δ| 由大到小（勝率 pp／等級／關鍵行為）
素質        分類  Δ勝率   Δ等級  ΔGank  Δ遊走  Δ集火  Δ技能  Δ空揮  Δ補刀  Δ撤退
決策力        戰術   -17.4pp   -0.13    1.8    0.0    2.3   3.3pp   0.0pp   0.0pp   15.2
走位         操作    -9.5pp   -0.38   -0.4    0.0    0.0   0.0pp   1.6pp   0.0pp    9.4

（Δ = 90 分減 40 分。Δ技能／Δ空揮為「失誤率下降幅度」，正值代表高素質失誤較少。）
