# 敏感度矩陣｜情境 roam｜30 seeds × 鏡像對跑 = 每格 60 場
# 對手固定全 70；受測方藍紅各跑一次再平均（抵銷陣營偏斜）

## 中性基準（全 70）
勝率 50.0%｜收束 100.0%｜時長 22.9 分｜K/D/A 12.2/12.2/6.3
Gank 25.3（成功率 1.3%）｜遊走 4.3｜入侵 0.00｜推塔 32.1｜分推 0.0
集火 0.0｜技能放空 0.0%｜無效攻擊 0.0%｜補刀 100.0%
撤退 69.1｜放棄追擊 0.33｜本場等級 9.20｜越塔 2.07 次（准 0.60）

## 逐項：40 / 90 相對中性的變化

### 溝通（comms・團隊）
  勝率      51.7% → 50.0% → 50.8%   Δ(90−40) -0.9pp
  時長/收束 23.4 → 22.8 分｜96.7% → 98.3%
  K/D/A     12.3/13.7/6.0 → 12.7/12.1/6.5
  Gank      25.9 → 25.4（成功率 1.2% → 1.7%）
  遊走/入侵 4.6 → 4.5｜0.00 → 0.00
  遊走段落  4.6 → 4.5（接戰 29.3% → 26.7%｜換到人頭 9.4% → 14.1%）
  空手遊走  4.2 → 3.9｜參團 21.9 → 21.3
  遊走決策  婉拒 8.7 → 8.3（65.3% → 64.9%）｜取消 2.7 → 2.7｜改道 1.1 → 1.1
  遊走路別  上 2.2 → 2.1｜中 2.4 → 2.4｜下 0.0 → 0.0
  團戰段落  21.9 → 21.3（淨交換勝 10.4% → 10.5%）｜同時進場 3.69 → 3.80 人／均 0.84 → 0.86
  同步進場  單獨 1.97 → 1.88（14.7% → 13.3%）｜到場已就位 1.12 → 1.15 人｜抵達離散 1.31 → 1.31 秒
  投入決策  commit 5.9 → 6.3｜hold 0.1 → 0.1｜decline 0.0 → 0.0（0.0% → 0.0%）
  投入品質  不利投入 34.5% → 38.3%｜交換比 0.902 → 1.050
  （參考）  待命 0.1 → 0.1 tick｜對齊放行 0.00 → 0.00｜逾時放行 0.00 → 0.00
  參團擲骰  9.2 → 9.8（命中 54.1% → 59.7%｜擲骰時落後 4.2% → 5.8%）
  目標生成  7.28 → 7.48｜集結 2.52 → 2.90（34.6% → 38.8%）｜到場 6.7 → 6.7
  集結延遲  76.6 → 76.6 秒｜坑內人數 均 0.28 → 0.32／峰 2.22 → 2.34
  目標擊殺  2.83 → 3.20（38.9% → 42.8%）｜集結擲骰 180.5 → 170.2（命中 57.0% → 61.5%）
  推塔/分推 32.4 → 31.2｜0.0 → 0.0
  集火      0.0 → 0.0
  技能放空  0.0% → 0.0%
  無效攻擊  0.0% → 0.0%
  補刀      100.0% → 100.0%
  撤退/棄追 71.6 → 68.1｜0.28 → 0.32
  本場等級  9.06 → 9.11
  越塔      1.58 → 1.32 次（准 0.57 → 0.57）
  作戰持續  80.9% → 81.2%｜重返 75.0 → 71.8
  撤退門檻  0.2962 → 0.2940（實際採用值，含所有情境修正）


## 摘要：|Δ| 由大到小（勝率 pp／等級／關鍵行為）
素質        分類  Δ勝率   Δ等級  ΔGank  Δ遊走  Δ集火  Δ技能  Δ空揮  Δ補刀  Δ撤退
溝通         團隊    -0.9pp    0.05   -0.5   -0.1    0.0   0.0pp   0.0pp   0.0pp   -3.5

（Δ = 90 分減 40 分。Δ技能／Δ空揮為「失誤率下降幅度」，正值代表高素質失誤較少。）
