# 敏感度矩陣｜情境 split｜30 seeds × 鏡像對跑 = 每格 60 場
# 對手固定全 70；受測方藍紅各跑一次再平均（抵銷陣營偏斜）

## 中性基準（全 70）
勝率 50.0%｜收束 100.0%｜時長 22.5 分｜K/D/A 11.3/11.3/5.9
Gank 25.1（成功率 1.5%）｜遊走 0.0｜入侵 0.00｜推塔 31.6｜分推 7.9
集火 0.0｜技能放空 0.0%｜無效攻擊 0.0%｜補刀 100.0%
撤退 67.0｜放棄追擊 0.27｜本場等級 9.07｜越塔 1.53 次（准 0.53）

## 逐項：40 / 90 相對中性的變化

### 走位（positioning・操作）
  勝率      63.3% → 50.0% → 49.1%   Δ(90−40) -14.2pp
  時長/收束 22.6 → 23.9 分｜100.0% → 95.0%
  K/D/A     11.9/13.5/5.5 → 12.0/12.5/6.1
  Gank      25.2 → 26.6（成功率 1.5% → 1.5%）
  遊走/入侵 0.0 → 0.0｜0.00 → 0.00
  遊走段落  0.0 → 0.0（接戰 — → —｜換到人頭 — → —）
  空手遊走  0.0 → 0.0｜參團 20.0 → 22.5
  遊走決策  婉拒 0.0 → 0.0（— → —）｜取消 0.0 → 0.0｜改道 0.0 → 0.0
  遊走路別  上 0.0 → 0.0｜中 0.0 → 0.0｜下 0.0 → 0.0
  團戰段落  20.0 → 22.5（淨交換勝 10.1% → 10.7%）｜同時進場 3.74 → 3.75 人／均 0.83 → 0.87
  同步進場  單獨 1.55 → 2.27（11.4% → 17.0%）｜到場已就位 1.18 → 1.06 人｜抵達離散 1.22 → 1.03 秒
  投入決策  commit 5.8 → 5.5｜hold 0.0 → 0.1｜decline 0.0 → 0.0（0.0% → 0.0%）
  投入品質  不利投入 37.4% → 30.7%｜交換比 0.884 → 0.961
  （參考）  待命 0.0 → 0.1 tick｜對齊放行 0.00 → 0.00｜逾時放行 0.00 → 0.00
  參團擲骰  8.6 → 8.0（命中 54.0% → 60.1%｜擲骰時落後 8.4% → 7.7%）
  目標生成  7.55 → 8.00｜集結 2.93 → 3.00（38.9% → 37.5%）｜到場 6.7 → 7.1
  集結延遲  72.1 → 80.5 秒｜坑內人數 均 0.33 → 0.33／峰 2.24 → 2.22
  目標擊殺  3.37 → 3.47（44.6% → 43.3%）｜集結擲骰 168.2 → 183.9（命中 59.5% → 60.2%）
  推塔/分推 33.7 → 29.9｜7.6 → 8.2
  集火      0.0 → 0.0
  技能放空  0.0% → 0.0%
  無效攻擊  1.6% → 0.0%
  補刀      100.0% → 100.0%
  撤退/棄追 60.9 → 76.7｜0.42 → 0.25
  本場等級  9.13 → 9.23
  越塔      1.92 → 2.08 次（准 0.78 → 0.93）
  作戰持續  81.9% → 80.9%｜重返 69.2 → 77.7
  撤退門檻  0.2560 → 0.3228（實際採用值，含所有情境修正）

### 決策力（decision・戰術）
  勝率      54.5% → 50.0% → 50.8%   Δ(90−40) -3.7pp
  時長/收束 24.2 → 23.8 分｜91.7% → 98.3%
  K/D/A     15.1/16.4/6.8 → 12.6/13.0/6.8
  Gank      25.9 → 27.4（成功率 2.0% → 1.7%）
  遊走/入侵 0.0 → 0.0｜0.00 → 0.00
  遊走段落  0.0 → 0.0（接戰 — → —｜換到人頭 — → —）
  空手遊走  0.0 → 0.0｜參團 22.2 → 21.9
  遊走決策  婉拒 0.0 → 0.0（— → —）｜取消 0.0 → 0.0｜改道 0.0 → 0.0
  遊走路別  上 0.0 → 0.0｜中 0.0 → 0.0｜下 0.0 → 0.0
  團戰段落  22.2 → 21.9（淨交換勝 10.3% → 10.3%）｜同時進場 3.75 → 3.78 人／均 0.85 → 0.86
  同步進場  單獨 1.57 → 1.80（11.5% → 12.6%）｜到場已就位 1.19 → 1.16 人｜抵達離散 1.39 → 1.28 秒
  投入決策  commit 5.6 → 6.8｜hold 0.1 → 0.0｜decline 0.0 → 0.0（0.0% → 0.0%）
  投入品質  不利投入 36.4% → 33.0%｜交換比 0.916 → 0.967
  （參考）  待命 0.1 → 0.0 tick｜對齊放行 0.00 → 0.00｜逾時放行 0.00 → 0.00
  參團擲骰  8.4 → 8.8（命中 58.4% → 55.3%｜擲骰時落後 5.4% → 6.8%）
  目標生成  8.30 → 7.73｜集結 3.03 → 2.78（36.5% → 36.0%）｜到場 7.3 → 7.0
  集結延遲  75.3 → 79.2 秒｜坑內人數 均 0.33 → 0.31／峰 2.16 → 2.21
  目標擊殺  3.83 → 3.20（46.2% → 41.4%）｜集結擲骰 184.3 → 180.8（命中 60.4% → 60.4%）
  推塔/分推 34.3 → 29.4｜6.8 → 9.1
  集火      0.0 → 2.3
  技能放空  3.7% → 0.0%
  無效攻擊  0.0% → 0.0%
  補刀      100.0% → 100.0%
  撤退/棄追 60.3 → 75.2｜0.20 → 0.20
  本場等級  9.69 → 9.32
  越塔      2.70 → 1.27 次（准 0.93 → 0.55）
  作戰持續  82.4% → 81.0%｜重返 72.0 → 77.0
  撤退門檻  0.2680 → 0.3151（實際採用值，含所有情境修正）

### 應變力（adaptability・戰術）
  勝率      54.2% → 50.0% → 39.0%   Δ(90−40) -15.3pp
  時長/收束 22.7 → 23.0 分｜98.3% → 98.3%
  K/D/A     11.5/13.7/5.7 → 11.7/12.3/6.0
  Gank      25.3 → 25.6（成功率 1.8% → 1.9%）
  遊走/入侵 0.0 → 0.0｜0.00 → 0.00
  遊走段落  0.0 → 0.0（接戰 — → —｜換到人頭 — → —）
  空手遊走  0.0 → 0.0｜參團 20.3 → 21.6
  遊走決策  婉拒 0.0 → 0.0（— → —）｜取消 0.0 → 0.0｜改道 0.0 → 0.0
  遊走路別  上 0.0 → 0.0｜中 0.0 → 0.0｜下 0.0 → 0.0
  團戰段落  20.3 → 21.6（淨交換勝 10.8% → 11.9%）｜同時進場 3.73 → 3.76 人／均 0.83 → 0.86
  同步進場  單獨 1.30 → 1.65（11.4% → 13.4%）｜到場已就位 1.14 → 1.16 人｜抵達離散 1.33 → 1.25 秒
  投入決策  commit 4.2 → 5.8｜hold 0.1 → 0.1｜decline 0.0 → 0.0（0.0% → 0.0%）
  投入品質  不利投入 36.1% → 41.1%｜交換比 0.841 → 0.947
  （參考）  待命 0.1 → 0.1 tick｜對齊放行 0.00 → 0.00｜逾時放行 0.00 → 0.00
  參團擲骰  7.9 → 8.0（命中 53.6% → 57.6%｜擲骰時落後 5.3% → 10.6%）
  目標生成  7.52 → 7.57｜集結 2.82 → 2.67（37.5% → 35.2%）｜到場 6.7 → 6.8
  集結延遲  71.6 → 72.1 秒｜坑內人數 均 0.32 → 0.30／峰 2.23 → 2.22
  目標擊殺  3.17 → 2.97（42.1% → 39.2%）｜集結擲骰 166.8 → 174.9（命中 60.2% → 60.3%）
  推塔/分推 32.4 → 32.8｜6.9 → 9.1
  集火      0.0 → 1.4
  技能放空  0.0% → 0.0%
  無效攻擊  0.0% → 0.0%
  補刀      100.0% → 100.0%
  撤退/棄追 62.7 → 71.2｜0.20 → 0.30
  本場等級  9.07 → 9.04
  越塔      1.12 → 1.18 次（准 0.43 → 0.32）
  作戰持續  81.9% → 81.1%｜重返 68.8 → 74.5
  撤退門檻  0.2965 → 0.2977（實際採用值，含所有情境修正）

### 勇氣（courage・心理）
  勝率      40.7% → 50.0% → 54.2%   Δ(90−40) 13.6pp
  時長/收束 23.2 → 22.6 分｜98.3% → 98.3%
  K/D/A     13.3/10.6/6.9 → 12.7/13.2/6.7
  Gank      25.7 → 25.2（成功率 1.8% → 2.1%）
  遊走/入侵 0.0 → 0.0｜0.00 → 0.03
  遊走段落  0.0 → 0.0（接戰 — → —｜換到人頭 — → —）
  空手遊走  0.0 → 0.0｜參團 21.3 → 21.7
  遊走決策  婉拒 0.0 → 0.0（— → —）｜取消 0.0 → 0.0｜改道 0.0 → 0.0
  遊走路別  上 0.0 → 0.0｜中 0.0 → 0.0｜下 0.0 → 0.0
  團戰段落  21.3 → 21.7（淨交換勝 12.4% → 11.6%）｜同時進場 3.78 → 3.75 人／均 0.84 → 0.86
  同步進場  單獨 0.92 → 1.43（8.7% → 9.9%）｜到場已就位 1.25 → 1.21 人｜抵達離散 1.25 → 1.06 秒
  投入決策  commit 4.5 → 6.3｜hold 0.1 → 0.1｜decline 0.0 → 0.0（0.4% → 0.0%）
  投入品質  不利投入 40.1% → 28.2%｜交換比 1.256 → 0.961
  （參考）  待命 0.1 → 0.1 tick｜對齊放行 0.00 → 0.00｜逾時放行 0.00 → 0.00
  參團擲骰  7.2 → 8.2（命中 53.1% → 62.2%｜擲骰時落後 6.5% → 5.9%）
  目標生成  7.43 → 7.57｜集結 2.85 → 3.05（38.3% → 40.3%）｜到場 6.8 → 6.9
  集結延遲  76.0 → 77.7 秒｜坑內人數 均 0.32 → 0.34／峰 2.32 → 2.36
  目標擊殺  3.40 → 3.53（45.7% → 46.7%）｜集結擲骰 174.0 → 172.3（命中 60.3% → 60.6%）
  推塔/分推 29.8 → 33.4｜7.6 → 8.5
  集火      0.0 → 0.0
  技能放空  0.0% → 0.0%
  無效攻擊  0.0% → 0.0%
  補刀      100.0% → 100.0%
  撤退/棄追 77.3 → 61.3｜0.22 → 0.37
  本場等級  9.28 → 9.36
  越塔      1.87 → 2.45 次（准 0.78 → 1.05）
  作戰持續  80.7% → 82.1%｜重返 76.8 → 68.6
  撤退門檻  0.3450 → 0.2623（實際採用值，含所有情境修正）


## 摘要：|Δ| 由大到小（勝率 pp／等級／關鍵行為）
素質        分類  Δ勝率   Δ等級  ΔGank  Δ遊走  Δ集火  Δ技能  Δ空揮  Δ補刀  Δ撤退
應變力        戰術   -15.3pp   -0.03    0.3    0.0    1.4   0.0pp   0.0pp   0.0pp    8.5
走位         操作   -14.2pp    0.10    1.4    0.0    0.0   0.0pp   1.6pp   0.0pp   15.8
勇氣         心理    13.6pp    0.08   -0.6    0.0    0.0   0.0pp   0.0pp   0.0pp  -16.0
決策力        戰術    -3.7pp   -0.37    1.5    0.0    2.3   3.7pp   0.0pp   0.0pp   14.9

（Δ = 90 分減 40 分。Δ技能／Δ空揮為「失誤率下降幅度」，正值代表高素質失誤較少。）
