# 敏感度矩陣｜情境 teamfight｜30 seeds × 鏡像對跑 = 每格 60 場
# 對手固定全 70；受測方藍紅各跑一次再平均（抵銷陣營偏斜）

## 中性基準（全 70）
勝率 50.0%｜收束 96.7%｜時長 23.4 分｜K/D/A 12.8/12.8/6.5
Gank 37.7（成功率 1.2%）｜遊走 0.0｜入侵 0.00｜推塔 31.4｜分推 0.0
集火 0.0｜技能放空 0.0%｜無效攻擊 0.0%｜補刀 100.0%
撤退 71.8｜放棄追擊 0.35｜本場等級 9.22｜越塔 2.40 次（准 0.90）

## 逐項：40 / 90 相對中性的變化

### 配合度（synergy・團隊）
  勝率      48.3% → 50.0% → 40.7%   Δ(90−40) -7.6pp
  時長/收束 23.3 → 22.8 分｜96.7% → 98.3%
  K/D/A     12.7/12.7/6.4 → 11.7/12.1/5.7
  Gank      37.6 → 36.8（成功率 1.2% → 1.4%）
  遊走/入侵 0.0 → 0.0｜0.00 → 0.00
  遊走段落  0.0 → 0.0（接戰 — → —｜換到人頭 — → —）
  空手遊走  0.0 → 0.0｜參團 21.8 → 21.2
  遊走決策  婉拒 0.0 → 0.0（— → —）｜取消 0.0 → 0.0｜改道 0.0 → 0.0
  遊走路別  上 0.0 → 0.0｜中 0.0 → 0.0｜下 0.0 → 0.0
  團戰段落  21.8 → 21.2（淨交換勝 11.0% → 9.3%）｜同時進場 3.81 → 3.80 人／均 0.88 → 0.87
  同步進場  單獨 2.18 → 1.90（12.0% → 11.4%）｜到場已就位 1.17 → 1.18 人｜抵達離散 1.09 → 1.09 秒
  投入決策  commit 7.3 → 5.8｜hold 0.1 → 1.7｜decline 0.0 → 0.8（0.0% → 9.4%）
  投入品質  不利投入 36.7% → 16.3%｜交換比 0.999 → 0.963
  （參考）  待命 0.1 → 1.7 tick｜對齊放行 0.00 → 0.00｜逾時放行 0.00 → 0.00
  參團擲骰  10.1 → 9.9（命中 83.1% → 83.1%｜擲骰時落後 5.3% → 6.2%）
  目標生成  7.68 → 7.52｜集結 2.90 → 2.88（37.7% → 38.4%）｜到場 6.8 → 6.7
  集結延遲  82.4 → 82.3 秒｜坑內人數 均 0.31 → 0.32／峰 2.27 → 2.26
  目標擊殺  3.28 → 3.10（42.7% → 41.2%）｜集結擲骰 178.8 → 171.2（命中 60.7% → 60.8%）
  推塔/分推 31.4 → 31.3｜0.0 → 0.0
  集火      0.0 → 0.0
  技能放空  0.0% → 0.0%
  無效攻擊  0.0% → 0.0%
  補刀      100.0% → 100.0%
  撤退/棄追 71.6 → 69.7｜0.35 → 0.32
  本場等級  9.20 → 9.02
  越塔      2.32 → 2.12 次（准 0.90 → 0.87）
  作戰持續  81.0% → 81.0%｜重返 74.9 → 72.7
  撤退門檻  0.2953 → 0.2963（實際採用值，含所有情境修正）


## 摘要：|Δ| 由大到小（勝率 pp／等級／關鍵行為）
素質        分類  Δ勝率   Δ等級  ΔGank  Δ遊走  Δ集火  Δ技能  Δ空揮  Δ補刀  Δ撤退
配合度        團隊    -7.6pp   -0.18   -0.8    0.0    0.0   0.0pp   0.0pp   0.0pp   -1.9

（Δ = 90 分減 40 分。Δ技能／Δ空揮為「失誤率下降幅度」，正值代表高素質失誤較少。）
