# 敏感度矩陣｜情境 neutral｜30 seeds × 鏡像對跑 = 每格 60 場
# 對手固定全 70；受測方藍紅各跑一次再平均（抵銷陣營偏斜）

## 中性基準（全 70）
勝率 50.0%｜收束 96.7%｜時長 23.1 分｜K/D/A 12.0/12.0/5.8
Gank 25.5（成功率 1.4%）｜遊走 0.0｜入侵 0.00｜推塔 31.3｜分推 0.0
集火 0.0｜技能放空 0.0%｜無效攻擊 0.0%｜補刀 100.0%
撤退 69.3｜放棄追擊 0.27｜本場等級 9.16｜越塔 1.50 次（准 0.63）

## 逐項：40 / 90 相對中性的變化

### 反應速度（reflex・操作）
  勝率      38.6% → 50.0% → 49.1%   Δ(90−40) 10.5pp
  時長/收束 23.8 → 23.9 分｜95.0% → 95.0%
  K/D/A     12.6/14.6/5.5 → 13.5/13.0/6.5
  Gank      26.4 → 26.3（成功率 1.8% → 1.5%）
  遊走/入侵 0.0 → 0.0｜0.00 → 0.00
  遊走段落  0.0 → 0.0（接戰 — → —｜換到人頭 — → —）
  空手遊走  0.0 → 0.0｜參團 21.6 → 23.1
  遊走決策  婉拒 0.0 → 0.0（— → —）｜取消 0.0 → 0.0｜改道 0.0 → 0.0
  遊走路別  上 0.0 → 0.0｜中 0.0 → 0.0｜下 0.0 → 0.0
  團戰段落  21.6 → 23.1（淨交換勝 10.1% → 10.3%）｜同時進場 3.76 → 3.72 人／均 0.83 → 0.85
  同步進場  單獨 1.75 → 1.98（13.7% → 12.5%）｜到場已就位 1.13 → 1.16 人｜抵達離散 1.40 → 1.35 秒
  投入決策  commit 5.9 → 6.9｜hold 0.2 → 0.1｜decline 0.0 → 0.0（0.0% → 0.0%）
  投入品質  不利投入 35.4% → 40.2%｜交換比 0.864 → 1.037
  （參考）  待命 0.2 → 0.1 tick｜對齊放行 0.00 → 0.00｜逾時放行 0.00 → 0.00
  參團擲骰  9.0 → 9.6（命中 55.0% → 60.2%｜擲骰時落後 7.0% → 5.2%）
  目標生成  7.90 → 7.92｜集結 2.65 → 2.87（33.5% → 36.2%）｜到場 7.0 → 7.1
  集結延遲  75.2 → 74.9 秒｜坑內人數 均 0.29 → 0.31／峰 2.20 → 2.20
  目標擊殺  3.07 → 3.25（38.8% → 41.1%）｜集結擲骰 175.5 → 178.4（命中 59.6% → 60.4%）
  推塔/分推 31.5 → 31.5｜0.0 → 0.0
  集火      0.0 → 0.0
  技能放空  0.0% → 0.0%
  無效攻擊  3.2% → 0.0%
  補刀      100.0% → 100.0%
  撤退/棄追 73.5 → 72.9｜0.23 → 0.32
  本場等級  9.08 → 9.40
  越塔      2.03 → 1.60 次（准 0.50 → 0.70）
  作戰持續  80.8% → 80.9%｜重返 77.0 → 76.3
  撤退門檻  0.2972 → 0.2949（實際採用值，含所有情境修正）

### 精準度（accuracy・操作）
  勝率      38.9% → 50.0% → 52.6%   Δ(90−40) 13.7pp
  時長/收束 24.0 → 23.5 分｜90.0% → 95.0%
  K/D/A     13.3/14.3/7.3 → 12.2/13.3/6.3
  Gank      26.4 → 26.1（成功率 1.7% → 1.2%）
  遊走/入侵 0.0 → 0.0｜0.00 → 0.00
  遊走段落  0.0 → 0.0（接戰 — → —｜換到人頭 — → —）
  空手遊走  0.0 → 0.0｜參團 22.0 → 22.4
  遊走決策  婉拒 0.0 → 0.0（— → —）｜取消 0.0 → 0.0｜改道 0.0 → 0.0
  遊走路別  上 0.0 → 0.0｜中 0.0 → 0.0｜下 0.0 → 0.0
  團戰段落  22.0 → 22.4（淨交換勝 10.1% → 12.0%）｜同時進場 3.76 → 3.74 人／均 0.85 → 0.86
  同步進場  單獨 1.33 → 1.60（9.4% → 11.1%）｜到場已就位 1.25 → 1.28 人｜抵達離散 1.10 → 1.30 秒
  投入決策  commit 5.9 → 6.3｜hold 0.0 → 0.1｜decline 0.0 → 0.0（0.3% → 0.0%）
  投入品質  不利投入 35.5% → 39.2%｜交換比 0.928 → 0.921
  （參考）  待命 0.0 → 0.1 tick｜對齊放行 0.00 → 0.00｜逾時放行 0.00 → 0.00
  參團擲骰  10.1 → 9.3（命中 56.5% → 56.5%｜擲骰時落後 6.1% → 11.2%）
  目標生成  8.00 → 7.92｜集結 3.00 → 3.05（37.5% → 38.5%）｜到場 7.1 → 6.8
  集結延遲  72.6 → 78.7 秒｜坑內人數 均 0.32 → 0.32／峰 2.22 → 2.25
  目標擊殺  3.17 → 3.27（39.6% → 41.3%）｜集結擲骰 180.2 → 178.8（命中 60.5% → 60.7%）
  推塔/分推 31.1 → 31.2｜0.0 → 0.0
  集火      0.0 → 0.0
  技能放空  0.0% → 0.0%
  無效攻擊  3.7% → 0.0%
  補刀      95.4% → 100.0%
  撤退/棄追 73.6 → 71.6｜0.25 → 0.27
  本場等級  9.04 → 9.28
  越塔      1.87 → 1.67 次（准 0.53 → 0.68）
  作戰持續  81.1% → 81.2%｜重返 76.2 → 74.5
  撤退門檻  0.2952 → 0.2963（實際採用值，含所有情境修正）

### 操作速度（apm・操作）
  勝率      40.0% → 50.0% → 64.4%   Δ(90−40) 24.4pp
  時長/收束 23.4 → 22.9 分｜91.7% → 98.3%
  K/D/A     12.8/14.0/6.5 → 12.3/12.9/5.8
  Gank      24.4 → 26.7（成功率 2.1% → 1.2%）
  遊走/入侵 0.0 → 0.0｜0.00 → 0.00
  遊走段落  0.0 → 0.0（接戰 — → —｜換到人頭 — → —）
  空手遊走  0.0 → 0.0｜參團 20.9 → 21.1
  遊走決策  婉拒 0.0 → 0.0（— → —）｜取消 0.0 → 0.0｜改道 0.0 → 0.0
  遊走路別  上 0.0 → 0.0｜中 0.0 → 0.0｜下 0.0 → 0.0
  團戰段落  20.9 → 21.1（淨交換勝 10.8% → 10.6%）｜同時進場 3.76 → 3.78 人／均 0.82 → 0.86
  同步進場  單獨 2.02 → 1.83（12.8% → 12.6%）｜到場已就位 1.16 → 1.22 人｜抵達離散 1.20 → 1.41 秒
  投入決策  commit 6.6 → 7.0｜hold 0.0 → 0.1｜decline 0.0 → 0.0（0.0% → 0.2%）
  投入品質  不利投入 29.5% → 36.2%｜交換比 0.914 → 0.951
  （參考）  待命 0.0 → 0.1 tick｜對齊放行 0.00 → 0.00｜逾時放行 0.00 → 0.00
  參團擲骰  9.4 → 9.5（命中 60.7% → 54.9%｜擲骰時落後 6.6% → 5.1%）
  目標生成  7.98 → 7.75｜集結 2.68 → 3.15（33.6% → 40.6%）｜到場 6.9 → 6.9
  集結延遲  68.5 → 66.6 秒｜坑內人數 均 0.31 → 0.34／峰 2.19 → 2.33
  目標擊殺  3.08 → 3.60（38.6% → 46.5%）｜集結擲骰 169.3 → 173.6（命中 60.0% → 59.6%）
  推塔/分推 31.4 → 32.0｜0.0 → 0.0
  集火      0.0 → 0.0
  技能放空  0.0% → 0.0%
  無效攻擊  0.0% → 0.0%
  補刀      97.0% → 100.0%
  撤退/棄追 72.2 → 66.8｜0.37 → 0.20
  本場等級  8.94 → 9.44
  越塔      1.77 → 2.28 次（准 0.80 → 0.68）
  作戰持續  81.2% → 81.7%｜重返 74.8 → 70.7
  撤退門檻  0.2970 → 0.2938（實際採用值，含所有情境修正）

### 走位（positioning・操作）
  勝率      50.9% → 50.0% → 41.4%   Δ(90−40) -9.5pp
  時長/收束 23.6 → 23.1 分｜95.0% → 96.7%
  K/D/A     13.2/14.8/7.1 → 12.4/11.7/6.7
  Gank      26.1 → 25.7（成功率 1.3% → 1.4%）
  遊走/入侵 0.0 → 0.0｜0.00 → 0.00
  遊走段落  0.0 → 0.0（接戰 — → —｜換到人頭 — → —）
  空手遊走  0.0 → 0.0｜參團 22.3 → 21.8
  遊走決策  婉拒 0.0 → 0.0（— → —）｜取消 0.0 → 0.0｜改道 0.0 → 0.0
  遊走路別  上 0.0 → 0.0｜中 0.0 → 0.0｜下 0.0 → 0.0
  團戰段落  22.3 → 21.8（淨交換勝 11.3% → 12.3%）｜同時進場 3.74 → 3.77 人／均 0.87 → 0.86
  同步進場  單獨 2.13 → 2.13（13.2% → 14.3%）｜到場已就位 1.20 → 1.15 人｜抵達離散 1.40 → 1.04 秒
  投入決策  commit 6.8 → 6.5｜hold 0.2 → 0.1｜decline 0.1 → 0.0（0.7% → 0.0%）
  投入品質  不利投入 38.0% → 38.8%｜交換比 0.892 → 1.066
  （參考）  待命 0.2 → 0.1 tick｜對齊放行 0.00 → 0.00｜逾時放行 0.00 → 0.00
  參團擲骰  9.8 → 8.6（命中 62.0% → 62.8%｜擲骰時落後 4.6% → 4.7%）
  目標生成  8.02 → 7.60｜集結 3.32 → 2.97（41.4% → 39.0%）｜到場 7.3 → 6.7
  集結延遲  72.8 → 76.8 秒｜坑內人數 均 0.34 → 0.31／峰 2.33 → 2.28
  目標擊殺  3.93 → 3.37（49.1% → 44.3%）｜集結擲骰 177.4 → 174.8（命中 60.6% → 60.6%）
  推塔/分推 33.3 → 29.4｜0.0 → 0.0
  集火      0.0 → 0.0
  技能放空  0.0% → 0.0%
  無效攻擊  1.6% → 0.0%
  補刀      100.0% → 100.0%
  撤退/棄追 64.3 → 73.6｜0.43 → 0.38
  本場等級  9.49 → 9.11
  越塔      1.60 → 2.03 次（准 0.60 → 0.53）
  作戰持續  81.9% → 80.8%｜重返 72.3 → 74.6
  撤退門檻  0.2564 → 0.3214（實際採用值，含所有情境修正）

### 視野意識（mapAware・戰術）
  勝率      37.9% → 50.0% → 46.6%   Δ(90−40) 8.6pp
  時長/收束 23.4 → 22.9 分｜96.7% → 96.7%
  K/D/A     12.7/13.6/5.7 → 13.1/12.0/7.1
  Gank      23.7 → 27.3（成功率 1.5% → 1.7%）
  遊走/入侵 0.0 → 0.6｜0.00 → 0.03
  遊走段落  0.0 → 0.6（接戰 — → 27.0%｜換到人頭 — → 5.4%）
  空手遊走  0.0 → 0.6｜參團 22.2 → 21.1
  遊走決策  婉拒 0.0 → 1.0（— → 61.1%）｜取消 0.0 → 0.3｜改道 0.0 → 0.2
  遊走路別  上 0.0 → 0.3｜中 0.0 → 0.3｜下 0.0 → 0.0
  團戰段落  22.2 → 21.1（淨交換勝 8.7% → 13.0%）｜同時進場 3.67 → 3.82 人／均 0.83 → 0.87
  同步進場  單獨 1.78 → 2.02（12.2% → 13.6%）｜到場已就位 1.18 → 1.19 人｜抵達離散 1.16 → 1.38 秒
  投入決策  commit 6.4 → 6.2｜hold 0.2 → 0.2｜decline 0.0 → 0.1（0.0% → 1.0%）
  投入品質  不利投入 37.3% → 30.0%｜交換比 0.934 → 1.089
  （參考）  待命 0.2 → 0.2 tick｜對齊放行 0.00 → 0.00｜逾時放行 0.00 → 0.00
  參團擲骰  10.0 → 9.6（命中 59.8% → 62.2%｜擲骰時落後 8.2% → 5.4%）
  目標生成  7.57 → 7.77｜集結 2.73 → 3.28（36.1% → 42.3%）｜到場 6.8 → 7.2
  集結延遲  78.4 → 70.8 秒｜坑內人數 均 0.29 → 0.35／峰 2.16 → 2.40
  目標擊殺  2.92 → 3.63（38.5% → 46.8%）｜集結擲骰 179.6 → 172.1（命中 55.2% → 63.6%）
  推塔/分推 33.2 → 30.9｜0.0 → 0.0
  集火      0.0 → 2.7
  技能放空  0.0% → 0.0%
  無效攻擊  0.0% → 0.0%
  補刀      100.0% → 100.0%
  撤退/棄追 69.2 → 67.1｜0.18 → 0.33
  本場等級  9.14 → 9.43
  越塔      1.72 → 2.20 次（准 0.68 → 0.50）
  作戰持續  81.0% → 81.6%｜重返 74.4 → 71.2
  撤退門檻  0.2978 → 0.2937（實際採用值，含所有情境修正）

### 戰術理解（tacticalIQ・戰術）
  勝率      40.4% → 50.0% → 50.0%   Δ(90−40) 9.6pp
  時長/收束 23.9 → 23.3 分｜95.0% → 96.7%
  K/D/A     12.6/13.9/6.0 → 12.0/13.3/6.3
  Gank      26.4 → 25.7（成功率 1.9% → 1.4%）
  遊走/入侵 0.0 → 0.0｜0.00 → 0.00
  遊走段落  0.0 → 0.0（接戰 — → —｜換到人頭 — → —）
  空手遊走  0.0 → 0.0｜參團 20.9 → 21.4
  遊走決策  婉拒 0.0 → 0.0（— → —）｜取消 0.0 → 0.0｜改道 0.0 → 0.0
  遊走路別  上 0.0 → 0.0｜中 0.0 → 0.0｜下 0.0 → 0.0
  團戰段落  20.9 → 21.4（淨交換勝 11.1% → 10.9%）｜同時進場 3.70 → 3.79 人／均 0.81 → 0.86
  同步進場  單獨 2.18 → 1.62（15.7% → 11.1%）｜到場已就位 1.19 → 1.24 人｜抵達離散 1.17 → 1.00 秒
  投入決策  commit 6.4 → 6.5｜hold 0.1 → 0.0｜decline 0.0 → 0.0（0.0% → 0.0%）
  投入品質  不利投入 35.3% → 39.1%｜交換比 0.909 → 0.905
  （參考）  待命 0.1 → 0.0 tick｜對齊放行 0.00 → 0.00｜逾時放行 0.00 → 0.00
  參團擲骰  9.3 → 10.1（命中 53.1% → 58.1%｜擲骰時落後 8.2% → 11.2%）
  目標生成  7.87 → 7.95｜集結 2.35 → 3.03（29.9% → 38.2%）｜到場 7.0 → 6.9
  集結延遲  75.0 → 78.2 秒｜坑內人數 均 0.28 → 0.33／峰 2.08 → 2.20
  目標擊殺  2.72 → 3.33（34.5% → 41.9%）｜集結擲骰 177.5 → 174.2（命中 54.6% → 63.3%）
  推塔/分推 33.5 → 31.6｜0.0 → 0.0
  集火      0.0 → 0.0
  技能放空  4.4% → 0.0%
  無效攻擊  0.0% → 0.0%
  補刀      100.0% → 100.0%
  撤退/棄追 74.8 → 70.8｜0.35 → 0.38
  本場等級  9.07 → 9.19
  越塔      1.83 → 2.13 次（准 0.50 → 0.88）
  作戰持續  80.5% → 81.2%｜重返 77.9 → 74.2
  撤退門檻  0.2965 → 0.2962（實際採用值，含所有情境修正）

### 決策力（decision・戰術）
  勝率      62.1% → 50.0% → 44.6%   Δ(90−40) -17.4pp
  時長/收束 23.4 → 23.1 分｜96.7% → 93.3%
  K/D/A     13.1/15.0/6.0 → 12.1/12.1/6.6
  Gank      24.7 → 26.6（成功率 1.8% → 1.6%）
  遊走/入侵 0.0 → 0.0｜0.00 → 0.00
  遊走段落  0.0 → 0.0（接戰 — → —｜換到人頭 — → —）
  空手遊走  0.0 → 0.0｜參團 21.1 → 21.3
  遊走決策  婉拒 0.0 → 0.0（— → —）｜取消 0.0 → 0.0｜改道 0.0 → 0.0
  遊走路別  上 0.0 → 0.0｜中 0.0 → 0.0｜下 0.0 → 0.0
  團戰段落  21.1 → 21.3（淨交換勝 9.8% → 11.8%）｜同時進場 3.72 → 3.80 人／均 0.83 → 0.86
  同步進場  單獨 1.37 → 1.83（10.2% → 13.5%）｜到場已就位 1.19 → 1.21 人｜抵達離散 1.24 → 1.03 秒
  投入決策  commit 5.8 → 6.1｜hold 0.1 → 0.1｜decline 0.0 → 0.0（0.3% → 0.0%）
  投入品質  不利投入 27.8% → 29.7%｜交換比 0.870 → 0.999
  （參考）  待命 0.1 → 0.1 tick｜對齊放行 0.00 → 0.00｜逾時放行 0.00 → 0.00
  參團擲骰  9.1 → 8.8（命中 57.5% → 60.2%｜擲骰時落後 7.1% → 5.1%）
  目標生成  7.82 → 7.72｜集結 2.72 → 2.67（34.8% → 34.6%）｜到場 6.8 → 6.7
  集結延遲  77.8 → 67.0 秒｜坑內人數 均 0.31 → 0.31／峰 2.23 → 2.12
  目標擊殺  3.23 → 3.18（41.4% → 41.3%）｜集結擲骰 174.7 → 176.6（命中 59.9% → 60.0%）
  推塔/分推 34.4 → 30.2｜0.0 → 0.0
  集火      0.0 → 2.3
  技能放空  3.3% → 0.0%
  無效攻擊  0.0% → 0.0%
  補刀      100.0% → 100.0%
  撤退/棄追 58.3 → 73.4｜0.37 → 0.22
  本場等級  9.30 → 9.17
  越塔      2.03 → 1.47 次（准 0.65 → 0.53）
  作戰持續  82.2% → 81.0%｜重返 69.5 → 75.2
  撤退門檻  0.2666 → 0.3145（實際採用值，含所有情境修正）
# 敏感度矩陣｜情境 neutral｜30 seeds × 鏡像對跑 = 每格 60 場
# 對手固定全 70；受測方藍紅各跑一次再平均（抵銷陣營偏斜）

## 中性基準（全 70）
勝率 50.0%｜收束 96.7%｜時長 23.1 分｜K/D/A 12.0/12.0/5.8
Gank 25.5（成功率 1.4%）｜遊走 0.0｜入侵 0.00｜推塔 31.3｜分推 0.0
集火 0.0｜技能放空 0.0%｜無效攻擊 0.0%｜補刀 100.0%
撤退 69.3｜放棄追擊 0.27｜本場等級 9.16｜越塔 1.50 次（准 0.63）

## 逐項：40 / 90 相對中性的變化
（續跑：已完成 reflex/accuracy/apm/positioning/mapAware/tacticalIQ/decision，跳過）

### 應變力（adaptability・戰術）
  勝率      40.7% → 50.0% → 42.9%   Δ(90−40) 2.2pp
  時長/收束 22.8 → 23.6 分｜98.3% → 93.3%
  K/D/A     11.1/13.7/5.0 → 13.4/12.8/6.6
  Gank      25.3 → 26.0（成功率 1.3% → 1.3%）
  遊走/入侵 0.0 → 0.0｜0.00 → 0.00
  遊走段落  0.0 → 0.0（接戰 — → —｜換到人頭 — → —）
  空手遊走  0.0 → 0.0｜參團 21.4 → 22.4
  遊走決策  婉拒 0.0 → 0.0（— → —）｜取消 0.0 → 0.0｜改道 0.0 → 0.0
  遊走路別  上 0.0 → 0.0｜中 0.0 → 0.0｜下 0.0 → 0.0
  團戰段落  21.4 → 22.4（淨交換勝 8.9% → 12.8%）｜同時進場 3.74 → 3.73 人／均 0.85 → 0.86
  同步進場  單獨 1.58 → 2.07（11.3% → 13.6%）｜到場已就位 1.19 → 1.20 人｜抵達離散 1.10 → 1.18 秒
  投入決策  commit 5.6 → 6.5｜hold 0.1 → 0.1｜decline 0.0 → 0.0（0.0% → 0.0%）
  投入品質  不利投入 36.0% → 36.9%｜交換比 0.812 → 1.048
  （參考）  待命 0.1 → 0.1 tick｜對齊放行 0.00 → 0.00｜逾時放行 0.00 → 0.00
  參團擲骰  10.0 → 9.4（命中 58.1% → 58.9%｜擲骰時落後 8.8% → 6.6%）
  目標生成  7.60 → 7.98｜集結 2.68 → 2.92（35.3% → 36.5%）｜到場 6.6 → 7.2
  集結延遲  86.2 → 85.2 秒｜坑內人數 均 0.30 → 0.33／峰 2.21 → 2.25
  目標擊殺  2.63 → 3.38（34.6% → 42.4%）｜集結擲骰 172.4 → 179.0（命中 60.2% → 60.0%）
  推塔/分推 32.5 → 31.3｜0.0 → 0.0
  集火      0.0 → 1.8
  技能放空  0.0% → 0.0%
  無效攻擊  0.0% → 0.0%
  補刀      100.0% → 100.0%
  撤退/棄追 65.2 → 72.0｜0.25 → 0.35
  本場等級  8.81 → 9.34
  越塔      2.38 → 1.90 次（准 0.82 → 0.87）
  作戰持續  81.5% → 81.0%｜重返 70.9 → 75.6
  撤退門檻  0.2979 → 0.2954（實際採用值，含所有情境修正）

### 抗壓（clutch・心理）
  勝率      46.7% → 50.0% → 43.9%   Δ(90−40) -2.8pp
  時長/收束 22.3 → 23.5 分｜100.0% → 95.0%
  K/D/A     10.8/10.4/6.2 → 12.5/14.4/6.4
  Gank      24.9 → 26.1（成功率 1.1% → 2.0%）
  遊走/入侵 0.0 → 0.0｜0.00 → 0.00
  遊走段落  0.0 → 0.0（接戰 — → —｜換到人頭 — → —）
  空手遊走  0.0 → 0.0｜參團 20.3 → 20.8
  遊走決策  婉拒 0.0 → 0.0（— → —）｜取消 0.0 → 0.0｜改道 0.0 → 0.0
  遊走路別  上 0.0 → 0.0｜中 0.0 → 0.0｜下 0.0 → 0.0
  團戰段落  20.3 → 20.8（淨交換勝 9.3% → 11.4%）｜同時進場 3.81 → 3.73 人／均 0.84 → 0.84
  同步進場  單獨 1.58 → 2.28（10.5% → 15.3%）｜到場已就位 1.19 → 1.20 人｜抵達離散 1.26 → 1.33 秒
  投入決策  commit 6.6 → 7.3｜hold 0.1 → 0.2｜decline 0.0 → 0.1（0.0% → 0.9%）
  投入品質  不利投入 41.1% → 38.6%｜交換比 1.034 → 0.869
  （參考）  待命 0.1 → 0.2 tick｜對齊放行 0.00 → 0.00｜逾時放行 0.00 → 0.00
  參團擲骰  9.4 → 9.8（命中 60.6% → 59.1%｜擲骰時落後 5.7% → 7.8%）
  目標生成  7.27 → 7.70｜集結 2.60 → 2.75（35.8% → 35.7%）｜到場 6.4 → 7.0
  集結延遲  72.2 → 81.5 秒｜坑內人數 均 0.31 → 0.30／峰 2.18 → 2.19
  目標擊殺  2.77 → 3.07（38.1% → 39.8%）｜集結擲骰 164.5 → 175.8（命中 60.3% → 60.3%）
  推塔/分推 29.6 → 34.1｜0.0 → 0.0
  集火      0.0 → 0.0
  技能放空  1.9% → 0.0%
  無效攻擊  0.0% → 0.0%
  補刀      100.0% → 100.0%
  撤退/棄追 74.0 → 68.0｜0.32 → 0.30
  本場等級  8.73 → 9.17
  越塔      1.83 → 1.72 次（准 0.62 → 0.67）
  作戰持續  80.6% → 81.4%｜重返 74.2 → 73.5
  撤退門檻  0.3343 → 0.2714（實際採用值，含所有情境修正）

### 專注力（focus・心理）
  勝率      41.4% → 50.0% → 50.0%   Δ(90−40) 8.6pp
  時長/收束 23.2 → 23.6 分｜96.7% → 90.0%
  K/D/A     11.1/14.4/5.6 → 13.4/12.5/7.4
  Gank      25.6 → 26.1（成功率 1.9% → 2.0%）
  遊走/入侵 0.0 → 0.0｜0.00 → 0.00
  遊走段落  0.0 → 0.0（接戰 — → —｜換到人頭 — → —）
  空手遊走  0.0 → 0.0｜參團 20.4 → 22.6
  遊走決策  婉拒 0.0 → 0.0（— → —）｜取消 0.0 → 0.0｜改道 0.0 → 0.0
  遊走路別  上 0.0 → 0.0｜中 0.0 → 0.0｜下 0.0 → 0.0
  團戰段落  20.4 → 22.6（淨交換勝 9.9% → 12.5%）｜同時進場 3.66 → 3.79 人／均 0.81 → 0.88
  同步進場  單獨 1.58 → 2.38（12.3% → 15.1%）｜到場已就位 1.20 → 1.18 人｜抵達離散 1.01 → 1.43 秒
  投入決策  commit 5.4 → 7.3｜hold 0.0 → 0.1｜decline 0.0 → 0.0（0.0% → 0.0%）
  投入品質  不利投入 30.4% → 24.3%｜交換比 0.770 → 1.075
  （參考）  待命 0.0 → 0.1 tick｜對齊放行 0.00 → 0.00｜逾時放行 0.00 → 0.00
  參團擲骰  9.1 → 9.7（命中 58.9% → 58.6%｜擲骰時落後 7.3% → 5.7%）
  目標生成  7.68 → 7.90｜集結 2.65 → 3.20（34.5% → 40.5%）｜到場 6.8 → 7.1
  集結延遲  79.4 → 84.9 秒｜坑內人數 均 0.29 → 0.33／峰 2.16 → 2.35
  目標擊殺  2.62 → 3.57（34.1% → 45.1%）｜集結擲骰 171.8 → 180.7（命中 55.5% → 62.8%）
  推塔/分推 32.9 → 30.6｜0.0 → 0.0
  集火      0.0 → 0.0
  技能放空  0.0% → 0.0%
  無效攻擊  0.0% → 0.0%
  補刀      98.2% → 100.0%
  撤退/棄追 68.6 → 72.7｜0.35 → 0.20
  本場等級  8.80 → 9.45
  越塔      1.70 → 1.37 次（准 0.48 → 0.40）
  作戰持續  81.3% → 81.4%｜重返 73.2 → 74.5
  撤退門檻  0.2776 → 0.3072（實際採用值，含所有情境修正）


## 摘要：|Δ| 由大到小（勝率 pp／等級／關鍵行為）
素質        分類  Δ勝率   Δ等級  ΔGank  Δ遊走  Δ集火  Δ技能  Δ空揮  Δ補刀  Δ撤退
專注力        心理     8.6pp    0.65    0.5    0.0    0.0   0.0pp   0.0pp   1.8pp    4.1
抗壓         心理    -2.8pp    0.44    1.2    0.0    0.0   1.9pp   0.0pp   0.0pp   -6.0
應變力        戰術     2.2pp    0.53    0.8    0.0    1.8   0.0pp   0.0pp   0.0pp    6.8

（Δ = 90 分減 40 分。Δ技能／Δ空揮為「失誤率下降幅度」，正值代表高素質失誤較少。）
