┌─────────┬──────┬────────┬──────┬────────┬────┬────┬─────┬───────┬──────┬───────┬───────┐
│ (index) │ seed │ min    │ over │ win    │ K  │ tw │ fb  │ hot   │ lock │ D     │ B     │
├─────────┼──────┼────────┼──────┼────────┼────┼────┼─────┼───────┼──────┼───────┼───────┤
│ 0       │ 1    │ '30.0' │ '✗'  │ '—'    │ 39 │ 16 │ 415 │ '65%' │ '無' │ '3/2' │ '4/0' │
│ 1       │ 2    │ '30.0' │ '✗'  │ '—'    │ 43 │ 15 │ 413 │ '68%' │ '無' │ '2/2' │ '2/1' │
│ 2       │ 3    │ '30.0' │ '✗'  │ '—'    │ 39 │ 19 │ 297 │ '65%' │ '無' │ '4/2' │ '0/3' │
│ 3       │ 7    │ '25.4' │ '✅' │ 'blue' │ 29 │ 18 │ 521 │ '59%' │ 899  │ '4/0' │ '2/1' │
│ 4       │ 42   │ '30.0' │ '✗'  │ '—'    │ 41 │ 18 │ 490 │ '64%' │ '無' │ '0/5' │ '2/2' │
│ 5       │ 99   │ '30.0' │ '✗'  │ '—'    │ 39 │ 17 │ 322 │ '63%' │ 1343 │ '2/2' │ '2/1' │
│ 6       │ 123  │ '30.0' │ '✗'  │ '—'    │ 33 │ 18 │ 420 │ '67%' │ '無' │ '3/1' │ '1/2' │
│ 7       │ 777  │ '26.7' │ '✅' │ 'blue' │ 34 │ 18 │ 300 │ '61%' │ '無' │ '3/2' │ '2/1' │
│ 8       │ 2024 │ '30.0' │ '✗'  │ '—'    │ 34 │ 18 │ 456 │ '61%' │ '無' │ '3/2' │ '2/2' │
│ 9       │ 5555 │ '30.0' │ '✗'  │ '—'    │ 35 │ 18 │ 357 │ '65%' │ '無' │ '3/1' │ '3/1' │
│ 10      │ 314  │ '30.0' │ '✗'  │ '—'    │ 36 │ 20 │ 406 │ '61%' │ '無' │ '1/5' │ '3/1' │
│ 11      │ 271  │ '28.4' │ '✅' │ 'blue' │ 37 │ 18 │ 342 │ '63%' │ '無' │ '3/2' │ '4/0' │
│ 12      │ 1618 │ '30.0' │ '✗'  │ '—'    │ 39 │ 17 │ 304 │ '68%' │ '無' │ '4/2' │ '3/0' │
│ 13      │ 8080 │ '30.0' │ '✗'  │ '—'    │ 37 │ 17 │ 381 │ '63%' │ '無' │ '1/3' │ '1/2' │
│ 14      │ 4242 │ '21.8' │ '✅' │ 'blue' │ 19 │ 17 │ 469 │ '52%' │ '無' │ '4/0' │ '3/0' │
└─────────┴──────┴────────┴──────┴────────┴────┴────┴─────┴───────┴──────┴───────┴───────┘
結束率 4/15 | 平均時長 28.8分 | 平均擊殺 35.6 | 0殺場 0 | 撤退鎖死 2 | 平均hot 63% | 平均破塔 17.6/12
