┌─────────┬──────┬────────┬──────┬────────┬────┬────┬─────┬───────┬──────┬───────┬───────┐
│ (index) │ seed │ min    │ over │ win    │ K  │ tw │ fb  │ hot   │ lock │ D     │ B     │
├─────────┼──────┼────────┼──────┼────────┼────┼────┼─────┼───────┼──────┼───────┼───────┤
│ 0       │ 1    │ '24.3' │ '✅' │ 'red'  │ 18 │ 15 │ 349 │ '58%' │ '無' │ '2/2' │ '2/1' │
│ 1       │ 2    │ '22.8' │ '✅' │ 'blue' │ 19 │ 16 │ 407 │ '60%' │ '無' │ '3/2' │ '1/2' │
│ 2       │ 3    │ '20.9' │ '✅' │ 'blue' │ 11 │ 16 │ 366 │ '55%' │ '無' │ '1/4' │ '2/0' │
│ 3       │ 7    │ '22.2' │ '✅' │ 'blue' │ 19 │ 15 │ 373 │ '56%' │ '無' │ '3/1' │ '1/2' │
│ 4       │ 42   │ '21.0' │ '✅' │ 'red'  │ 14 │ 16 │ 449 │ '59%' │ '無' │ '2/1' │ '0/2' │
│ 5       │ 99   │ '21.4' │ '✅' │ 'red'  │ 13 │ 16 │ 432 │ '60%' │ '無' │ '1/2' │ '1/1' │
│ 6       │ 123  │ '19.9' │ '✅' │ 'red'  │ 10 │ 19 │ 396 │ '53%' │ '無' │ '5/0' │ '0/2' │
│ 7       │ 777  │ '22.0' │ '✅' │ 'blue' │ 16 │ 18 │ 523 │ '58%' │ '無' │ '3/2' │ '2/0' │
│ 8       │ 2024 │ '23.1' │ '✅' │ 'red'  │ 22 │ 15 │ 332 │ '65%' │ '無' │ '1/5' │ '0/3' │
│ 9       │ 5555 │ '25.6' │ '✅' │ 'blue' │ 24 │ 19 │ 396 │ '62%' │ '無' │ '3/1' │ '2/1' │
│ 10      │ 314  │ '21.7' │ '✅' │ 'red'  │ 17 │ 16 │ 453 │ '58%' │ '無' │ '2/1' │ '0/2' │
│ 11      │ 271  │ '19.9' │ '✅' │ 'red'  │ 14 │ 15 │ 426 │ '56%' │ '無' │ '2/2' │ '0/2' │
│ 12      │ 1618 │ '23.1' │ '✅' │ 'blue' │ 23 │ 15 │ 318 │ '62%' │ '無' │ '1/3' │ '2/1' │
│ 13      │ 8080 │ '24.3' │ '✅' │ 'blue' │ 16 │ 16 │ 451 │ '62%' │ '無' │ '3/1' │ '1/1' │
│ 14      │ 4242 │ '25.8' │ '✅' │ 'blue' │ 31 │ 19 │ 442 │ '58%' │ '無' │ '2/2' │ '1/2' │
└─────────┴──────┴────────┴──────┴────────┴────┴────┴─────┴───────┴──────┴───────┴───────┘
結束率 15/15 | 平均時長 22.5分 | 平均擊殺 17.8 | 0殺場 0 | 撤退鎖死 0 | 平均hot 59% | 平均破塔 16.4/12
