# 16 項素質實測敏感度矩陣（8 seeds × 鏡像對跑 = 每格 16 場）
# 對手固定全 70；受測方藍紅各跑一次再平均（抵銷陣營偏斜）

## 中性基準（全 70）
勝率 50.0%｜收束 87.5%｜時長 24.2 分｜K/D/A 13.8/13.8/7.3
Gank 26.7（成功率 1.2%）｜遊走 0.0｜入侵 0.00｜推塔 30.7｜分推 0.0
集火 0.0｜技能放空 0.0%｜無效攻擊 0.0%｜補刀 100.0%
撤退 73.8｜放棄追擊 0.19｜本場等級 9.44｜越塔 1.13 次（准 0.25）

## 逐項：40 / 90 相對中性的變化

### 反應速度（reflex・操作）
  勝率      37.5% → 50.0% → 66.7%   Δ(90−40) 29.2pp
  時長/收束 23.0 → 24.8 分｜100.0% → 93.8%
  K/D/A     11.3/13.7/4.6 → 14.9/14.7/6.4
  Gank      25.6 → 27.4（成功率 1.2% → 1.8%）
  遊走/入侵 0.0 → 0.0｜0.00 → 0.00
  推塔/分推 30.9 → 31.3｜0.0 → 0.0
  集火      0.0 → 0.0
  技能放空  0.0% → 0.0%
  無效攻擊  2.9% → 0.0%
  補刀      100.0% → 100.0%
  撤退/棄追 69.9 → 75.8｜0.25 → 0.19
  本場等級  8.84 → 9.57
  越塔      1.75 → 1.19 次（准 0.38 → 0.25）

### 精準度（accuracy・操作）
  勝率      35.7% → 50.0% → 68.8%   Δ(90−40) 33.0pp
  時長/收束 24.7 → 23.0 分｜87.5% → 100.0%
  K/D/A     14.0/14.8/8.5 → 10.8/11.3/5.6
  Gank      27.3 → 25.5（成功率 1.8% → 1.0%）
  遊走/入侵 0.0 → 0.0｜0.00 → 0.00
  推塔/分推 31.4 → 31.1｜0.0 → 0.0
  集火      0.0 → 0.0
  技能放空  0.0% → 0.0%
  無效攻擊  3.5% → 0.0%
  補刀      95.2% → 100.0%
  撤退/棄追 77.6 → 68.6｜0.38 → 0.13
  本場等級  9.15 → 9.30
  越塔      1.75 → 1.25 次（准 0.25 → 0.50）

### 操作速度（apm・操作）
  勝率      33.3% → 50.0% → 43.8%   Δ(90−40) 10.4pp
  時長/收束 22.4 → 22.1 分｜93.8% → 100.0%
  K/D/A     11.2/12.8/4.9 → 10.8/12.6/5.8
  Gank      23.5 → 25.9（成功率 2.4% → 0.5%）
  遊走/入侵 0.0 → 1.1｜0.00 → 0.00
  推塔/分推 31.1 → 30.8｜0.0 → 0.0
  集火      0.0 → 0.0
  技能放空  0.0% → 0.0%
  無效攻擊  0.0% → 0.0%
  補刀      96.7% → 100.0%
  撤退/棄追 68.4 → 66.6｜0.31 → 0.13
  本場等級  8.55 → 8.82
  越塔      2.38 → 3.00 次（准 1.25 → 0.75）

### 走位（positioning・操作）
  勝率      73.3% → 50.0% → 26.7%   Δ(90−40) -46.7pp
  時長/收束 24.4 → 24.0 分｜93.8% → 93.8%
  K/D/A     15.3/14.9/8.0 → 13.1/12.8/6.6
  Gank      27.1 → 26.6（成功率 2.8% → 1.2%）
  遊走/入侵 0.0 → 0.0｜0.00 → 0.00
  推塔/分推 32.4 → 29.0｜0.0 → 0.0
  集火      0.0 → 0.0
  技能放空  0.0% → 0.0%
  無效攻擊  1.2% → 0.0%
  補刀      100.0% → 100.0%
  撤退/棄追 65.0 → 78.3｜0.31 → 0.63
  本場等級  10.32 → 9.13
  越塔      1.69 → 1.81 次（准 0.75 → 0.50）

### 視野意識（mapAware・戰術）
  勝率      18.8% → 50.0% → 68.8%   Δ(90−40) 50.0pp
  時長/收束 23.2 → 22.0 分｜100.0% → 100.0%
  K/D/A     12.8/13.6/5.9 → 11.4/10.0/5.4
  Gank      23.4 → 26.3（成功率 1.1% → 2.1%）
  遊走/入侵 0.0 → 1.5｜0.00 → 0.00
  推塔/分推 33.3 → 31.7｜0.0 → 0.0
  集火      0.0 → 2.4
  技能放空  0.0% → 0.0%
  無效攻擊  0.0% → 0.0%
  補刀      100.0% → 100.0%
  撤退/棄追 69.2 → 61.9｜0.06 → 0.19
  本場等級  9.21 → 9.32
  越塔      1.63 → 1.88 次（准 0.69 → 0.31）

### 戰術理解（tacticalIQ・戰術）
  勝率      43.8% → 50.0% → 43.8%   Δ(90−40) 0.0pp
  時長/收束 24.3 → 22.7 分｜100.0% → 100.0%
  K/D/A     12.1/16.0/6.0 → 10.9/12.7/5.9
  Gank      26.9 → 24.9（成功率 1.9% → 1.3%）
  遊走/入侵 0.0 → 0.0｜0.00 → 0.00
  推塔/分推 34.1 → 30.8｜0.0 → 0.0
  集火      0.0 → 0.0
  技能放空  5.1% → 0.0%
  無效攻擊  0.0% → 0.0%
  補刀      100.0% → 100.0%
  撤退/棄追 77.1 → 67.3｜0.50 → 0.44
  本場等級  9.02 → 9.15
  越塔      1.75 → 3.00 次（准 0.75 → 1.06）

### 決策力（decision・戰術）
  勝率      46.7% → 50.0% → 35.7%   Δ(90−40) -11.0pp
  時長/收束 23.0 → 24.5 分｜93.8% → 87.5%
  K/D/A     12.1/14.9/6.3 → 13.2/14.3/7.1
  Gank      24.4 → 28.1（成功率 1.5% → 1.1%）
  遊走/入侵 0.0 → 0.0｜0.00 → 0.00
  推塔/分推 34.0 → 31.5｜0.0 → 0.0
  集火      0.0 → 2.1
  技能放空  4.8% → 0.0%
  無效攻擊  0.0% → 0.0%
  補刀      100.0% → 100.0%
  撤退/棄追 57.6 → 79.9｜0.25 → 0.38
  本場等級  8.97 → 9.31
  越塔      1.56 → 1.88 次（准 0.38 → 0.75）

### 應變力（adaptability・戰術）
  勝率      43.8% → 50.0% → 43.8%   Δ(90−40) 0.0pp
  時長/收束 23.1 → 22.6 分｜100.0% → 100.0%
  K/D/A     11.6/14.0/6.5 → 12.6/10.3/5.9
  Gank      25.9 → 25.1（成功率 1.4% → 0.7%）
  遊走/入侵 0.0 → 0.0｜0.00 → 0.00
  推塔/分推 30.8 → 30.7｜0.0 → 0.0
  集火      0.0 → 1.7
  技能放空  0.0% → 0.0%
  無效攻擊  0.0% → 0.0%
  補刀      100.0% → 100.0%
  撤退/棄追 64.9 → 68.5｜0.25 → 0.44
  本場等級  8.97 → 9.31
  越塔      2.25 → 1.31 次（准 0.81 → 0.50）

### 勇氣（courage・心理）
  勝率      18.8% → 50.0% → 20.0%   Δ(90−40) 1.3pp
  時長/收束 22.3 → 23.0 分｜100.0% → 93.8%
  K/D/A     11.1/10.2/5.6 → 11.1/15.4/5.1
  Gank      25.0 → 25.7（成功率 1.3% → 1.7%）
  遊走/入侵 0.0 → 0.0｜0.00 → 0.00
  推塔/分推 27.9 → 34.0｜0.0 → 0.0
  集火      0.0 → 0.0
  技能放空  0.0% → 0.0%
  無效攻擊  0.0% → 0.0%
  補刀      100.0% → 100.0%
  撤退/棄追 76.6 → 66.7｜0.25 → 0.63
  本場等級  8.71 → 8.87
  越塔      1.31 → 2.00 次（准 0.44 → 1.25）

### 抗壓（clutch・心理）
  勝率      43.8% → 50.0% → 50.0%   Δ(90−40) 6.3pp
  時長/收束 22.2 → 23.2 分｜100.0% → 100.0%
  K/D/A     10.8/10.4/6.5 → 11.4/14.1/5.3
  Gank      24.6 → 25.9（成功率 1.5% → 1.2%）
  遊走/入侵 0.0 → 0.0｜0.00 → 0.00
  推塔/分推 29.6 → 33.6｜0.0 → 0.0
  集火      0.0 → 0.0
  技能放空  3.8% → 0.0%
  無效攻擊  0.0% → 0.0%
  補刀      100.0% → 100.0%
  撤退/棄追 71.6 → 67.4｜0.25 → 0.31
  本場等級  8.84 → 9.08
  越塔      2.38 → 1.50 次（准 0.94 → 0.63）

### 專注力（focus・心理）
  勝率      37.5% → 50.0% → 46.2%   Δ(90−40) 8.7pp
  時長/收束 22.3 → 25.0 分｜100.0% → 81.3%
  K/D/A     10.1/13.3/5.3 → 14.8/13.9/8.2
  Gank      24.7 → 27.6（成功率 0.3% → 1.8%）
  遊走/入侵 0.0 → 0.0｜0.00 → 0.00
  推塔/分推 31.7 → 30.1｜0.0 → 0.0
  集火      0.0 → 0.0
  技能放空  0.0% → 0.0%
  無效攻擊  0.0% → 0.0%
  補刀      97.8% → 100.0%
  撤退/棄追 64.4 → 76.9｜0.31 → 0.00
  本場等級  8.33 → 9.64
  越塔      1.56 → 1.06 次（准 0.06 → 0.38）

### 韌性（resilience・心理）
  勝率      31.3% → 50.0% → 43.8%   Δ(90−40) 12.5pp
  時長/收束 22.8 → 23.0 分｜100.0% → 100.0%
  K/D/A     11.6/10.5/6.4 → 12.2/11.4/5.5
  Gank      25.1 → 25.6（成功率 2.5% → 0.7%）
  遊走/入侵 0.0 → 0.0｜0.00 → 0.00
  推塔/分推 29.3 → 30.6｜0.0 → 0.0
  集火      0.0 → 0.0
  技能放空  0.0% → 0.0%
  無效攻擊  0.0% → 0.0%
  補刀      100.0% → 100.0%
  撤退/棄追 71.5 → 70.1｜0.38 → 0.38
  本場等級  8.92 → 9.03
  越塔      1.50 → 1.38 次（准 0.38 → 0.75）

### 溝通（comms・團隊）
  勝率      33.3% → 50.0% → 42.9%   Δ(90−40) 9.5pp
  時長/收束 24.2 → 25.0 分｜93.8% → 87.5%
  K/D/A     12.6/14.4/6.4 → 16.3/14.9/7.3
  Gank      26.7 → 27.6（成功率 0.7% → 1.4%）
  遊走/入侵 0.0 → 1.4｜0.00 → 0.00
  推塔/分推 33.4 → 32.3｜0.0 → 0.0
  集火      0.0 → 0.0
  技能放空  0.0% → 0.0%
  無效攻擊  0.0% → 0.0%
  補刀      100.0% → 100.0%
  撤退/棄追 74.7 → 78.2｜0.38 → 0.19
  本場等級  9.43 → 9.54
  越塔      1.88 → 1.56 次（准 0.56 → 0.25）

### 領導力（leadership・團隊）
  勝率      31.3% → 50.0% → 46.7%   Δ(90−40) 15.4pp
  時長/收束 22.9 → 24.1 分｜100.0% → 93.8%
  K/D/A     12.3/11.9/6.0 → 13.2/14.8/5.7
  Gank      25.3 → 26.7（成功率 1.7% → 1.9%）
  遊走/入侵 0.0 → 1.3｜0.00 → 0.00
  推塔/分推 32.9 → 32.4｜0.0 → 0.0
  集火      0.0 → 0.0
  技能放空  0.0% → 0.0%
  無效攻擊  0.0% → 0.0%
  補刀      100.0% → 100.0%
  撤退/棄追 70.9 → 76.8｜0.44 → 0.19
  本場等級  9.24 → 9.10
  越塔      1.63 → 1.13 次（准 0.44 → 0.06）

### 配合度（synergy・團隊）
  勝率      35.7% → 50.0% → 46.2%   Δ(90−40) 10.4pp
  時長/收束 24.6 → 25.2 分｜87.5% → 81.3%
  K/D/A     14.6/14.3/7.3 → 15.6/14.9/8.8
  Gank      27.4 → 27.6（成功率 1.4% → 1.4%）
  遊走/入侵 0.0 → 0.0｜0.00 → 0.00
  推塔/分推 31.6 → 31.0｜0.0 → 0.0
  集火      0.0 → 0.0
  技能放空  0.0% → 0.0%
  無效攻擊  0.0% → 0.0%
  補刀      100.0% → 100.0%
  撤退/棄追 75.9 → 78.4｜0.44 → 0.25
  本場等級  9.73 → 9.71
  越塔      1.44 → 1.31 次（准 0.31 → 0.31）

### 學習力（learning・團隊）
  勝率      18.8% → 50.0% → 50.0%   Δ(90−40) 31.3pp
  時長/收束 23.0 → 22.4 分｜100.0% → 100.0%
  K/D/A     11.1/12.4/6.5 → 10.5/10.6/4.8
  Gank      25.3 → 24.8（成功率 1.5% → 1.0%）
  遊走/入侵 0.0 → 0.0｜0.00 → 0.00
  推塔/分推 30.9 → 30.8｜0.0 → 0.0
  集火      0.0 → 0.0
  技能放空  0.0% → 0.0%
  無效攻擊  0.0% → 0.0%
  補刀      100.0% → 100.0%
  撤退/棄追 69.6 → 66.8｜0.25 → 0.13
  本場等級  9.06 → 9.01
  越塔      1.31 → 1.63 次（准 0.44 → 0.88）


## 摘要：|Δ| 由大到小（勝率 pp／等級／關鍵行為）
素質        分類  Δ勝率   Δ等級  ΔGank  Δ遊走  Δ集火  Δ技能  Δ空揮  Δ補刀  Δ撤退
視野意識       戰術    50.0pp    0.11    2.9    1.5    2.4   0.0pp   0.0pp   0.0pp   -7.3
走位         操作   -46.7pp   -1.20   -0.6    0.0    0.0   0.0pp   1.2pp   0.0pp   13.3
精準度        操作    33.0pp    0.15   -1.8    0.0    0.0   0.0pp   3.5pp   4.8pp   -9.0
學習力        團隊    31.3pp   -0.05   -0.5    0.0    0.0   0.0pp   0.0pp   0.0pp   -2.8
反應速度       操作    29.2pp    0.74    1.8    0.0    0.0   0.0pp   2.9pp   0.0pp    5.8
領導力        團隊    15.4pp   -0.14    1.4    1.3    0.0   0.0pp   0.0pp   0.0pp    5.9
韌性         心理    12.5pp    0.10    0.4    0.0    0.0   0.0pp   0.0pp   0.0pp   -1.4
決策力        戰術   -11.0pp    0.34    3.6    0.0    2.1   4.8pp   0.0pp   0.0pp   22.3
配合度        團隊    10.4pp   -0.01    0.2    0.0    0.0   0.0pp   0.0pp   0.0pp    2.5
操作速度       操作    10.4pp    0.27    2.4    1.1    0.0   0.0pp   0.0pp   3.3pp   -1.8
溝通         團隊     9.5pp    0.11    0.9    1.4    0.0   0.0pp   0.0pp   0.0pp    3.5
專注力        心理     8.7pp    1.31    2.9    0.0    0.0   0.0pp   0.0pp   2.2pp   12.6
抗壓         心理     6.3pp    0.24    1.4    0.0    0.0   3.8pp   0.0pp   0.0pp   -4.2
勇氣         心理     1.3pp    0.16    0.7    0.0    0.0   0.0pp   0.0pp   0.0pp   -9.9
戰術理解       戰術     0.0pp    0.13   -2.0    0.0    0.0   5.1pp   0.0pp   0.0pp   -9.8
應變力        戰術     0.0pp    0.34   -0.8    0.0    1.7   0.0pp   0.0pp   0.0pp    3.6

（Δ = 90 分減 40 分。Δ技能／Δ空揮為「失誤率下降幅度」，正值代表高素質失誤較少。）
