══ Milestone P0：等級 → 能力成長 ══

✅ 1) 升一級會提升基礎能力　共 +3 點
✅ 1b) 成長分配沿用 POSITION_PROFILE（不是第二套定位規則）　accuracy/apm/decision/adaptability/reflex
✅ 1c) 只成長該定位的主能力，其他項不動　精準度 +1、操作速度 +0.8、決策力 +0.6、應變力 +0.4、反應速度 +0.2
✅ 1d) 依 5/4/3/2/1 權重遞減分配　1 ≥ 0.8 ≥ 0.6 ≥ 0.4 ≥ 0.2
✅ 1e) 不同定位成長的項目不同　中路 accuracy/apm/decision/adaptability/reflex｜輔助 comms/leadership/synergy/mapAware/decision
✅ 1f) 升多級成長更多　1 級 +3｜3 級 +9
✅ 1g) 沒升級 → 完全不成長
✅ 2) 同一輸入重算逐欄相同（無亂數、無時鐘）
✅ 2b) 不修改輸入物件（純函式）
✅ 3) 成長不得超過潛力上限　潛力 62｜最高 60.4
✅ 3b) 已達潛力上限 → 不再成長
✅ 3c) 越接近潛力上限，成長越慢　距上限 45 → +3｜距上限 3 → +0.3
✅ 3d) 單項每級成長有上限（極端潛力不暴衝）　最大單項 +1（上限 1.5）
✅ 3e) 不會超過 99 硬上限
✅ 3f) 沒有定位時平均分配（不編造欄位、不當掉）
✅ 4) 賽後升級 → 能力真的變高　中路 accuracy 60 → 62
✅ 4b) 等級確實由 xp 導出（未破壞 S25 規則）
✅ 4c) receipt 帶成長明細（可顯示前後差異）　精準度 +2、操作速度 +1.6、決策力 +1.2、應變力 +0.8、反應速度 +0.4
✅ 4d) **天賦點照發**（兩套成長不互相取代）
✅ 4e) **同一場重送 → 不會二次成長**
✅ 4f) 沒升級的比賽不會有成長
✅ 5) 成長進得了 derived stats（天賦疊在基礎值上，不重複計算）　60 → 65
✅ 5b) **CS 引擎輸入確實變強**（成長影響對戰）　綜合 60 → 61
✅ 5c) MOBA 行為 mods 也跟著改變（成長有進引擎）
✅ 5d) （已知限制）MOBA 注入的仍只有行為層，不含 power/tough

── 成長規則摘要 ──────────────────────────────────────────────
   每級 3 點，依定位權重 5/4/3/2/1 分配
   中路 Lv5→6（能力 60／潛力 90）：精準度 +1、操作速度 +0.8、決策力 +0.6、應變力 +0.4、反應速度 +0.2（共 +3）
   單項每級上限 +1.5｜硬上限 99｜受潛力上限

25/25 通過
