
══ §1 映射層：單向、有限幅、中性＝零 ══
✅ §1a P0-3 的五個作用點都在 NEUTRAL_MODS 中定義　lastHitLoss/attackWaste/castMiss/focusRate/retreatLate
✅ §1b 中性（全 70）⇒ 五項全為 0（＝不改變任何行為）　{"lastHitLoss":0,"attackWaste":0,"castMiss":0,"focusRate":0,"retreatLate":0}
✅ §1c lastHitLoss（penalty）單向生效　95→0　40→0.1
✅ §1d lastHitLoss 有限幅 ≤ 0.1　實測 0.1
✅ §1c attackWaste（penalty）單向生效　95→0　40→0.08
✅ §1d attackWaste 有限幅 ≤ 0.08　實測 0.08
✅ §1c castMiss（penalty）單向生效　95→0　40→0.1
✅ §1d castMiss 有限幅 ≤ 0.1　實測 0.1
✅ §1c focusRate（bonus）單向生效　95→0.291667　40→0
✅ §1d focusRate 有限幅 ≤ 0.35　實測 0.291667
✅ §1c retreatLate（penalty）單向生效　95→0　40→0.06
✅ §1d retreatLate 有限幅 ≤ 0.06　實測 0.06
✅ §1e penalty 只罰低能力（不是罰高能力）
✅ §1f bonus 只給高能力　95→0.291667　40→0
✅ §1g STAT_MAP 沒有任何傷害／血量／防禦作用點　16 個作用點

══ §2 紅線：能力不得乘進傷害／血量／防禦 ══
✅ §2a 傷害式仍是 `p.power * dt * R.dmgK * ...`　const dmgAmt = p.power * dt * R.dmgK * lateFactor *
✅ §2b 傷害式前後 500 字元內沒有任何能力係數
✅ §2c maxHp 沒有被能力係數乘過
✅ §2d basePower 沒有被能力係數乘過
✅ §2e 技能傷害常數（igniteDps）沒有被能力碰過
✅ §2f 品質判定使用獨立亂數流 rng3（不污染 rng / rng2）

══ §3 中性不擾動：全 70 ⇒ 不擲骰、行為不變 ══
✅ §3a 全中性注入 ⇒ 戰局狀態逐位元相同（8 seeds）　8/8
✅ §3a' snapshot 的差異僅來自儀器化欄位（meta/pexec），戰局本身無差異　meta 差 8/8、戰局差 0/8
✅ §3b 中性場一次都沒有消耗品質亂數　rolls=0
✅ §3c 未注入 ⇒ playerStatsOn=false 且 _mod() 回 null

══ §4 A/B：雙方都給真實能力資料 ══
✅ §4-1a 對照組雙方補刀成功率皆為 100%（中性不漏兵）　藍 100.0%　紅 100.0%
✅ §4-1b 實驗組：高能力方補刀成功率 > 低能力方　藍(88) 100.0%　紅(55) 95.5%
✅ §4-1c 補刀差距落在合理區間（1–15pp，不誇張）　差 4.5pp
✅ §4-1d 樣本量足夠（雙方每場補刀嘗試皆 > 60）　嘗試數 A=100.7 B=94.65
✅ §4-2a 對照組雙方無效攻擊比例皆為 0
✅ §4-2b 實驗組：低能力方無效攻擊比例較高　藍(88) 0.0%　紅(55) 4.2%
✅ §4-2c 無效攻擊比例有上限（低能力方 ≤ 限幅 8%）　實測 4.2%
✅ §4-2d 高能力方不因能力高而獲得攻擊加成（比例仍為 0）
✅ §4-3a 對照組雙方技能有效施放率皆為 100%
✅ §4-3b 實驗組：高能力方有效施放率 > 低能力方　藍(88) 100.0%　紅(55) 95.0%
✅ §4-3c 施放率差距不誇張（≤ 限幅 10%）　差 5.0pp
✅ §4-3d 有實際施放樣本（雙方每場嘗試皆 > 12）　施放嘗試 A=21.45 B=19.35
✅ §4-4a 對照組沒有任何集火改目標（中性＝打最近）
✅ §4-4b 實驗組：只有高能力方會改打殘血目標　藍(88) 8.3　紅(55) 0
✅ §4-4c 實驗組：低能力方死亡數 ≥ 高能力方（撤退太晚的代價）　藍(88) 10.15　紅(55) 14.85
✅ §4-4d 對照組死亡數大致對稱（無系統性偏袒）　死亡 A=13.3 B=10.15　 A=12.4 B=14.85
✅ §4-5a 實驗組：高能力方平均經濟較高　藍 1020　紅 791
✅ §4-5b 實驗組：高能力方平均本場等級較高　藍 10.430000000000001　紅 8.11
✅ §4-5c 等級差距不誇張（≤ 2.5 級）　差 2.32 級
✅ §4-5d 對照組經濟與等級大致對稱　藍 9.059999999999999　紅 9.34
✅ §4-6a 兩組都有足夠的決勝樣本（各 ≥ 8 場）　A 18/20　B 20/20
✅ §4-6b 高能力方勝率高於五成　60.0%（12/20）
✅ §4-6c 勝率**不得過度偏斜**（≤ 85%，高能力隊不固定獲勝）　60.0%
✅ §4-6d 低能力方仍贏得下（至少 1 場）　紅方勝 8 場
✅ §4-6e 中性對照組與未注入 baseline **每一場勝負都相同**（沒有新增偏斜）　baseline 藍勝 7/20、對照組藍勝 7/20
✅ §4-6f 既有陣營偏斜已記錄（技能層 baseline 藍方勝率 < 50%，非 P0-3 造成）　⚠ 技術債：技能層陣營平衡，另案處理

══ §5 可重現性 ══
✅ §5a 同 seed ＋ 同能力 ⇒ 逐位元相同（6 seeds）　6/6
✅ §5b 能力對調 ⇒ 優勢跟著換邊（兩邊都是高能力方領先）　藍高時 +2.7 級　紅高時 +3.38 級

🟢 P0-3 戰鬥品質層：53/53 通過
